Component: ARM Compiler 5.06 update 6 (build 750) Tool: armlink [4d35ed]

==============================================================================

Section Cross References

    startup_stm32l431xx.o(RESET) refers to startup_stm32l431xx.o(STACK) for __initial_sp
    startup_stm32l431xx.o(RESET) refers to startup_stm32l431xx.o(.text) for Reset_Handler
    startup_stm32l431xx.o(RESET) refers to stm32l4xx_it_module.o(i.NMI_Handler) for NMI_Handler
    startup_stm32l431xx.o(RESET) refers to stm32l4xx_it_module.o(i.HardFault_Handler) for HardFault_Handler
    startup_stm32l431xx.o(RESET) refers to stm32l4xx_it_module.o(i.MemManage_Handler) for MemManage_Handler
    startup_stm32l431xx.o(RESET) refers to stm32l4xx_it_module.o(i.BusFault_Handler) for BusFault_Handler
    startup_stm32l431xx.o(RESET) refers to stm32l4xx_it_module.o(i.UsageFault_Handler) for UsageFault_Handler
    startup_stm32l431xx.o(RESET) refers to stm32l4xx_it_module.o(i.SVC_Handler) for SVC_Handler
    startup_stm32l431xx.o(RESET) refers to stm32l4xx_it_module.o(i.DebugMon_Handler) for DebugMon_Handler
    startup_stm32l431xx.o(RESET) refers to port_s.o(.text) for PendSV_Handler
    startup_stm32l431xx.o(RESET) refers to stm32l4xx_it_module.o(i.SysTick_Handler) for SysTick_Handler
    startup_stm32l431xx.o(RESET) refers to stm32l4xx_it_module.o(i.EXTI1_IRQHandler) for EXTI1_IRQHandler
    startup_stm32l431xx.o(RESET) refers to stm32l4xx_it_module.o(i.EXTI2_IRQHandler) for EXTI2_IRQHandler
    startup_stm32l431xx.o(RESET) refers to stm32l4xx_it_module.o(i.EXTI3_IRQHandler) for EXTI3_IRQHandler
    startup_stm32l431xx.o(RESET) refers to stm32l4xx_it_module.o(i.USART2_IRQHandler) for USART2_IRQHandler
    startup_stm32l431xx.o(RESET) refers to stm32l4xx_it_module.o(i.USART3_IRQHandler) for USART3_IRQHandler
    startup_stm32l431xx.o(RESET) refers to stm32l4xx_it_module.o(i.LPUART1_IRQHandler) for LPUART1_IRQHandler
    startup_stm32l431xx.o(.text) refers to system_stm32l4xx.o(i.SystemInit) for SystemInit
    startup_stm32l431xx.o(.text) refers to entry.o(.ARM.Collect$$$$00000000) for __main
    gpio.o(i.MX_GPIO_Init) refers to memseta.o(.text) for __aeabi_memclr4
    gpio.o(i.MX_GPIO_Init) refers to stm32l4xx_hal_gpio.o(i.HAL_GPIO_WritePin) for HAL_GPIO_WritePin
    gpio.o(i.MX_GPIO_Init) refers to stm32l4xx_hal_gpio.o(i.HAL_GPIO_Init) for HAL_GPIO_Init
    gpio.o(i.MX_GPIO_Init) refers to stm32l4xx_hal_cortex.o(i.HAL_NVIC_SetPriority) for HAL_NVIC_SetPriority
    gpio.o(i.MX_GPIO_Init) refers to stm32l4xx_hal_cortex.o(i.HAL_NVIC_EnableIRQ) for HAL_NVIC_EnableIRQ
    main.o(i.application_entry) refers to printfa.o(i.__0printf) for __2printf
    main.o(i.application_entry) refers to tos_task.o(i.tos_task_delay) for tos_task_delay
    main.o(i.main) refers to mcu_init.o(i.board_init) for board_init
    main.o(i.main) refers to printfa.o(i.__0printf) for __2printf
    main.o(i.main) refers to tos_sys.o(i.tos_knl_init) for tos_knl_init
    main.o(i.main) refers to tos_task.o(i.tos_task_create) for tos_task_create
    main.o(i.main) refers to tos_sys.o(i.tos_knl_start) for tos_knl_start
    main.o(i.main) refers to main.o(.bss) for application_task_stk
    main.o(i.main) refers to data_template_app.o(i.application_entry) for application_entry
    mcu_init.o(i.SystemClock_Config) refers to memseta.o(.text) for __aeabi_memclr4
    mcu_init.o(i.SystemClock_Config) refers to stm32l4xx_hal_pwr.o(i.HAL_PWR_EnableBkUpAccess) for HAL_PWR_EnableBkUpAccess
    mcu_init.o(i.SystemClock_Config) refers to stm32l4xx_hal_rcc.o(i.HAL_RCC_OscConfig) for HAL_RCC_OscConfig
    mcu_init.o(i.SystemClock_Config) refers to mcu_init.o(i.Error_Handler) for Error_Handler
    mcu_init.o(i.SystemClock_Config) refers to stm32l4xx_hal_rcc.o(i.HAL_RCC_ClockConfig) for HAL_RCC_ClockConfig
    mcu_init.o(i.SystemClock_Config) refers to stm32l4xx_hal_rcc_ex.o(i.HAL_RCCEx_PeriphCLKConfig) for HAL_RCCEx_PeriphCLKConfig
    mcu_init.o(i.SystemClock_Config) refers to stm32l4xx_hal_pwr_ex.o(i.HAL_PWREx_ControlVoltageScaling) for HAL_PWREx_ControlVoltageScaling
    mcu_init.o(i.SystemClock_Config) refers to stm32l4xx_hal_rcc_ex.o(i.HAL_RCCEx_EnableMSIPLLMode) for HAL_RCCEx_EnableMSIPLLMode
    mcu_init.o(i._write) refers to stm32l4xx_hal_uart.o(i.HAL_UART_Transmit) for HAL_UART_Transmit
    mcu_init.o(i._write) refers to usart.o(.bss) for huart1
    mcu_init.o(i.board_init) refers to stm32l4xx_hal.o(i.HAL_Init) for HAL_Init
    mcu_init.o(i.board_init) refers to mcu_init.o(i.SystemClock_Config) for SystemClock_Config
    mcu_init.o(i.board_init) refers to gpio.o(i.MX_GPIO_Init) for MX_GPIO_Init
    mcu_init.o(i.board_init) refers to adc.o(i.MX_ADC1_Init) for MX_ADC1_Init
    mcu_init.o(i.board_init) refers to i2c.o(i.MX_I2C1_Init) for MX_I2C1_Init
    mcu_init.o(i.board_init) refers to usart.o(i.MX_LPUART1_UART_Init) for MX_LPUART1_UART_Init
    mcu_init.o(i.board_init) refers to usart.o(i.MX_USART1_UART_Init) for MX_USART1_UART_Init
[...]
    k_timer_ctl                              0x20000078   Data          16  tos_global.o(.data)
    esp8266_at_event                         0x2000008c   Data          16  esp8266.o(.data)
    sal_module_esp8266                       0x2000009c   Data          52  esp8266.o(.data)
    __stdout                                 0x200001b0   Data           4  stdout.o(.data)
    application_task                         0x200001b8   Data         136  main.o(.bss)
    application_task_stk                     0x20000240   Data        4096  main.o(.bss)
    hlpuart1                                 0x20001240   Data         132  usart.o(.bss)
    huart1                                   0x200012c4   Data         132  usart.o(.bss)
    huart2                                   0x20001348   Data         132  usart.o(.bss)
    huart3                                   0x200013cc   Data         132  usart.o(.bss)
    hadc1                                    0x20001450   Data         100  adc.o(.bss)
    hi2c1                                    0x200014b4   Data          76  i2c.o(.bss)
    hspi1                                    0x20001500   Data         100  spi.o(.bss)
    hspi2                                    0x20001564   Data         100  spi.o(.bss)
    hspi3                                    0x200015c8   Data         100  spi.o(.bss)
    sg_usr_data_template_event               0x200016cc   Data          36  data_template_config.o(.bss)
    sg_usr_data_template_action              0x200016f0   Data          28  data_template_config.o(.bss)
    k_rdyq                                   0x20001c50   Data          88  tos_global.o(.bss)
    k_idle_task                              0x20001ca8   Data         136  tos_global.o(.bss)
    k_idle_task_stk                          0x20001d30   Data         512  tos_global.o(.bss)
    k_mmheap_default_pool                    0x20001f30   Data       32768  tos_global.o(.bss)
    k_mmheap_ctl                             0x20009f30   Data        3204  tos_global.o(.bss)
    esp8266_agent                            0x2000abb8   Data         960  esp8266.o(.bss)
    __initial_sp                             0x2000b920   Data           0  startup_stm32l431xx.o(STACK)



==============================================================================

Memory Map of the image

  Image Entry point : 0x0800018d

  Load Region LR_IROM1 (Base: 0x08000000, Size: 0x0001e920, Max: 0x00040000, ABSOLUTE, COMPRESSED[0x0001e838])

    Execution Region ER_IROM1 (Exec base: 0x08000000, Load base: 0x08000000, Size: 0x0001e768, Max: 0x00040000, ABSOLUTE)

    Exec Addr    Load Addr    Size         Type   Attr      Idx    E Section Name        Object

    0x08000000   0x08000000   0x0000018c   Data   RO            3    RESET               startup_stm32l431xx.o
    0x0800018c   0x0800018c   0x00000000   Code   RO        10451  * .ARM.Collect$$$$00000000  mc_w.l(entry.o)
    0x0800018c   0x0800018c   0x00000004   Code   RO        10779    .ARM.Collect$$$$00000001  mc_w.l(entry2.o)
    0x08000190   0x08000190   0x00000004   Code   RO        10782    .ARM.Collect$$$$00000004  mc_w.l(entry5.o)
    0x08000194   0x08000194   0x00000000   Code   RO        10784    .ARM.Collect$$$$00000008  mc_w.l(entry7b.o)
    0x08000194   0x08000194   0x00000000   Code   RO        10786    .ARM.Collect$$$$0000000A  mc_w.l(entry8b.o)
    0x08000194   0x08000194   0x00000008   Code   RO        10787    .ARM.Collect$$$$0000000B  mc_w.l(entry9a.o)
    0x0800019c   0x0800019c   0x00000000   Code   RO        10789    .ARM.Collect$$$$0000000D  mc_w.l(entry10a.o)
    0x0800019c   0x0800019c   0x00000000   Code   RO        10791    .ARM.Collect$$$$0000000F  mc_w.l(entry11a.o)
    0x0800019c   0x0800019c   0x00000004   Code   RO        10780    .ARM.Collect$$$$00002712  mc_w.l(entry2.o)
    0x080001a0   0x080001a0   0x00000024   Code   RO            4    .text               startup_stm32l431xx.o
    0x080001c4   0x080001c4   0x000000ec   Code   RO         7064    .text               port_s.o
    0x080002b0   0x080002b0   0x00000068   Code   RO        10457    .text               mc_w.l(uldiv.o)
    0x08000318   0x08000318   0x00000024   Code   RO        10459    .text               mc_w.l(rand.o)
    0x0800033c   0x0800033c   0x00000040   Code   RO        10464    .text               mc_w.l(memmovea.o)
    0x0800037c   0x0800037c   0x00000024   Code   RO        10466    .text               mc_w.l(memseta.o)
    0x080003a0   0x080003a0   0x00000024   Code   RO        10468    .text               mc_w.l(strstr.o)
    0x080003c4   0x080003c4   0x00000018   Code   RO        10470    .text               mc_w.l(strncpy.o)
    0x080003dc   0x080003dc   0x00000014   Code   RO        10472    .text               mc_w.l(strchr.o)
    0x080003f0   0x080003f0   0x0000000e   Code   RO        10474    .text               mc_w.l(strlen.o)
    0x080003fe   0x080003fe   0x0000001c   Code   RO        10476    .text               mc_w.l(strcmp.o)
    0x0800041a   0x0800041a   0x00000028   Code   RO        10478    .text               mc_w.l(strncat.o)
    0x08000442   0x08000442   0x0000001e   Code   RO        10480    .text               mc_w.l(strncmp.o)
    0x08000460   0x08000460   0x00000020   Code   RO        10482    .text               mc_w.l(strrchr.o)
    0x08000480   0x08000480   0x00000038   Code   RO        10749    .text               mc_w.l(__0sscanf.o)
    0x080004b8   0x080004b8   0x0000015c   Code   RO        10751    .text               mc_w.l(_scanf_longlong.o)
    0x08000614   0x08000614   0x00000152   Code   RO        10753    .text               mc_w.l(_scanf_int.o)
    0x08000766   0x08000766   0x000000e6   Code   RO        10755    .text               mc_w.l(_scanf_str.o)
    0x0800084c   0x0800084c   0x00000366   Code   RO        10757    .text               mc_w.l(scanf_fp.o)
    0x08000bb2   0x08000bb2   0x000000ea   Code   RO        10765    .text               mf_w.l(dmul.o)
    0x08000c9c   0x08000c9c   0x000000de   Code   RO        10767    .text               mf_w.l(ddiv.o)
    0x08000d7a   0x08000d7a   0x00000026   Code   RO        10775    .text               mf_w.l(f2d.o)
    0x08000da0   0x08000da0   0x00000038   Code   RO        10777    .text               mf_w.l(d2f.o)
    0x08000dd8   0x08000dd8   0x0000002c   Code   RO        10793    .text               mc_w.l(uidiv.o)
    0x08000e04   0x08000e04   0x0000001e   Code   RO        10795    .text               mc_w.l(llshl.o)
    0x08000e22   0x08000e22   0x00000020   Code   RO        10797    .text               mc_w.l(llushr.o)
    0x08000e42   0x08000e42   0x00000002   PAD
    0x08000e44   0x08000e44   0x00000008   Code   RO        10799    .text               mc_w.l(ctype_o.o)
    0x08000e4c   0x08000e4c   0x00000012   Code   RO        10821    .text               mc_w.l(isspace_o.o)
    0x08000e5e   0x08000e5e   0x0000001c   Code   RO        10834    .text               mc_w.l(_chval.o)
    0x08000e7a   0x08000e7a   0x00000002   PAD
    0x08000e7c   0x08000e7c   0x00000028   Code   RO        10836    .text               mc_w.l(scanf_char.o)
    0x08000ea4   0x08000ea4   0x00000040   Code   RO        10838    .text               mc_w.l(_sgetc.o)
    0x08000ee4   0x08000ee4   0x00000000   Code   RO        10844    .text               mc_w.l(iusefp.o)
    0x08000ee4   0x08000ee4   0x0000006e   Code   RO        10845    .text               mf_w.l(fepilogue.o)
    0x08000f52   0x08000f52   0x000000ba   Code   RO        10847    .text               mf_w.l(depilogue.o)
    0x0800100c   0x0800100c   0x0000015e   Code   RO        10849    .text               mf_w.l(dadd.o)
    0x0800116a   0x0800116a   0x00000018   Code   RO        10851    .text               mf_w.l(dfltul.o)
    0x08001182   0x08001182   0x00000030   Code   RO        10853    .text               mf_w.l(dfixul.o)
    0x080011b2   0x080011b2   0x00000002   PAD
    0x080011b4   0x080011b4   0x00000030   Code   RO        10855    .text               mf_w.l(cdrcmple.o)
    0x080011e4   0x080011e4   0x00000024   Code   RO        10857    .text               mc_w.l(init.o)
    0x08001208   0x08001208   0x00000024   Code   RO        10859    .text               mc_w.l(llsshr.o)
    0x0800122c   0x0800122c   0x00000332   Code   RO        10863    .text               mc_w.l(_scanf.o)
    0x0800155e   0x0800155e   0x00000056   Code   RO        10876    .text               mc_w.l(__dczerorl2.o)
    0x080015b4   0x080015b4   0x0000001c   Code   RO         4417    i.BH1750_Init       bh1750.o
    0x080015d0   0x080015d0   0x00000004   Code   RO          662    i.BusFault_Handler  stm32l4xx_it_module.o
    0x080015d4   0x080015d4   0x00000002   Code   RO          663    i.DebugMon_Handler  stm32l4xx_it_module.o
    0x080015d6   0x080015d6   0x0000000a   Code   RO          664    i.EXTI1_IRQHandler  stm32l4xx_it_module.o
    0x080015e0   0x080015e0   0x0000000a   Code   RO          665    i.EXTI2_IRQHandler  stm32l4xx_it_module.o
    0x080015ea   0x080015ea   0x0000000a   Code   RO          666    i.EXTI3_IRQHandler  stm32l4xx_it_module.o
    0x080015f4   0x080015f4   0x00000002   Code   RO          363    i.Error_Handler     mcu_init.o
    0x080015f6   0x080015f6   0x00000002   PAD
    0x080015f8   0x080015f8   0x000004d2   Code   RO         3740    i.HAL_ADC_ConfigChannel  stm32l4xx_hal_adc.o
    0x08001aca   0x08001aca   0x00000002   PAD
    0x08001acc   0x08001acc   0x00000200   Code   RO         3749    i.HAL_ADC_Init      stm32l4xx_hal_adc.o
    0x08001ccc   0x08001ccc   0x00000070   Code   RO          525    i.HAL_ADC_MspInit   adc.o
    0x08001d3c   0x08001d3c   0x0000005a   Code   RO         2977    i.HAL_DMA_Abort     stm32l4xx_hal_dma.o
    0x08001d96   0x08001d96   0x0000005c   Code   RO         2978    i.HAL_DMA_Abort_IT  stm32l4xx_hal_dma.o
    0x08001df2   0x08001df2   0x00000002   PAD
    0x08001df4   0x08001df4   0x00000028   Code   RO         1650    i.HAL_Delay         stm32l4xx_hal.o
    0x08001e1c   0x08001e1c   0x0000000e   Code   RO         8757    i.HAL_Free          hal_os_tos.o
    0x08001e2a   0x08001e2a   0x00000002   PAD
    0x08001e2c   0x08001e2c   0x00000118   Code   RO         2910    i.HAL_GPIO_DeInit   stm32l4xx_hal_gpio.o
    0x08001f44   0x08001f44   0x00000002   Code   RO         2911    i.HAL_GPIO_EXTI_Callback  stm32l4xx_hal_gpio.o
    0x08001f46   0x08001f46   0x00000002   PAD
    0x08001f48   0x08001f48   0x0000001c   Code   RO         2912    i.HAL_GPIO_EXTI_IRQHandler  stm32l4xx_hal_gpio.o
    0x08001f64   0x08001f64   0x000001c8   Code   RO         2913    i.HAL_GPIO_Init     stm32l4xx_hal_gpio.o
    0x0800212c   0x0800212c   0x0000000a   Code   RO         2917    i.HAL_GPIO_WritePin  stm32l4xx_hal_gpio.o
    0x08002136   0x08002136   0x00000002   PAD
    0x08002138   0x08002138   0x000000c4   Code   RO         8691    i.HAL_GetDevInfo    hal_device_tos.o
    0x080021fc   0x080021fc   0x0000000c   Code   RO         1654    i.HAL_GetTick       stm32l4xx_hal.o
    0x08002208   0x08002208   0x0000006a   Code   RO         2339    i.HAL_I2CEx_ConfigAnalogFilter  stm32l4xx_hal_i2c_ex.o
    0x08002272   0x08002272   0x00000068   Code   RO         2340    i.HAL_I2CEx_ConfigDigitalFilter  stm32l4xx_hal_i2c_ex.o
    0x080022da   0x080022da   0x00000002   PAD
    0x080022dc   0x080022dc   0x000000c4   Code   RO         1888    i.HAL_I2C_Init      stm32l4xx_hal_i2c.o
    0x080023a0   0x080023a0   0x00000160   Code   RO         1901    i.HAL_I2C_Master_Transmit  stm32l4xx_hal_i2c.o
    0x08002500   0x08002500   0x0000007c   Code   RO          567    i.HAL_I2C_MspInit   i2c.o
    0x0800257c   0x0800257c   0x00000018   Code   RO         1660    i.HAL_IncTick       stm32l4xx_hal.o
    0x08002594   0x08002594   0x0000001e   Code   RO         1661    i.HAL_Init          stm32l4xx_hal.o
    0x080025b2   0x080025b2   0x00000002   PAD
    0x080025b4   0x080025b4   0x00000058   Code   RO         1662    i.HAL_InitTick      stm32l4xx_hal.o
    0x0800260c   0x0800260c   0x0000000c   Code   RO         8762    i.HAL_Malloc        hal_os_tos.o
    0x08002618   0x08002618   0x00000040   Code   RO          427    i.HAL_MspInit       stm32l4xx_hal_msp.o
    0x08002658   0x08002658   0x00000028   Code   RO         8763    i.HAL_MutexCreate   hal_os_tos.o
    0x08002680   0x08002680   0x0000001a   Code   RO         8764    i.HAL_MutexDestroy  hal_os_tos.o
    0x0800269a   0x0800269a   0x00000020   Code   RO         8765    i.HAL_MutexLock     hal_os_tos.o
    0x080026ba   0x080026ba   0x00000020   Code   RO         8767    i.HAL_MutexUnlock   hal_os_tos.o
    0x080026da   0x080026da   0x00000002   PAD
    0x080026dc   0x080026dc   0x00000044   Code   RO         3399    i.HAL_NVIC_DisableIRQ  stm32l4xx_hal_cortex.o
    0x08002720   0x08002720   0x00000020   Code   RO         3400    i.HAL_NVIC_EnableIRQ  stm32l4xx_hal_cortex.o
    0x08002740   0x08002740   0x00000082   Code   RO         3406    i.HAL_NVIC_SetPriority  stm32l4xx_hal_cortex.o
    0x080027c2   0x080027c2   0x00000002   PAD
    0x080027c4   0x080027c4   0x00000028   Code   RO         3407    i.HAL_NVIC_SetPriorityGrouping  stm32l4xx_hal_cortex.o
    0x080027ec   0x080027ec   0x0000008c   Code   RO         3204    i.HAL_PWREx_ControlVoltageScaling  stm32l4xx_hal_pwr_ex.o
    0x08002878   0x08002878   0x00000010   Code   RO         3227    i.HAL_PWREx_GetVoltageRange  stm32l4xx_hal_pwr_ex.o
    0x08002888   0x08002888   0x00000014   Code   RO         3096    i.HAL_PWR_EnableBkUpAccess  stm32l4xx_hal_pwr.o
    0x0800289c   0x0800289c   0x00000024   Code   RO         8768    i.HAL_Printf        hal_os_tos.o
    0x080028c0   0x080028c0   0x00000014   Code   RO         2510    i.HAL_RCCEx_EnableMSIPLLMode  stm32l4xx_hal_rcc_ex.o
    0x080028d4   0x080028d4   0x00000388   Code   RO         2516    i.HAL_RCCEx_PeriphCLKConfig  stm32l4xx_hal_rcc_ex.o
    0x08002c5c   0x08002c5c   0x0000017c   Code   RO         2394    i.HAL_RCC_ClockConfig  stm32l4xx_hal_rcc.o
    0x08002dd8   0x08002dd8   0x0000000c   Code   RO         2398    i.HAL_RCC_GetHCLKFreq  stm32l4xx_hal_rcc.o
    0x08002de4   0x08002de4   0x00000024   Code   RO         2400    i.HAL_RCC_GetPCLK1Freq  stm32l4xx_hal_rcc.o
    0x08002e08   0x08002e08   0x00000024   Code   RO         2401    i.HAL_RCC_GetPCLK2Freq  stm32l4xx_hal_rcc.o
    0x08002e2c   0x08002e2c   0x000000ec   Code   RO         2402    i.HAL_RCC_GetSysClockFreq  stm32l4xx_hal_rcc.o
    0x08002f18   0x08002f18   0x00000768   Code   RO         2405    i.HAL_RCC_OscConfig  stm32l4xx_hal_rcc.o
    0x08003680   0x08003680   0x000000f0   Code   RO         4039    i.HAL_SPI_Init      stm32l4xx_hal_spi.o
    0x08003770   0x08003770   0x000001b0   Code   RO          609    i.HAL_SPI_MspInit   spi.o
    0x08003920   0x08003920   0x000001f0   Code   RO         4047    i.HAL_SPI_Transmit  stm32l4xx_hal_spi.o
    0x08003b10   0x08003b10   0x00000034   Code   RO         3411    i.HAL_SYSTICK_Config  stm32l4xx_hal_cortex.o
    0x08003b44   0x08003b44   0x00000026   Code   RO         8774    i.HAL_Snprintf      hal_os_tos.o
    0x08003b6a   0x08003b6a   0x00000002   PAD
    0x08003b6c   0x08003b6c   0x00000040   Code   RO         8892    i.HAL_TCP_Connect   hal_tcp_tos.o
    0x08003bac   0x08003bac   0x0000000e   Code   RO         8893    i.HAL_TCP_Disconnect  hal_tcp_tos.o
    0x08003bba   0x08003bba   0x00000002   PAD
    0x08003bbc   0x08003bbc   0x0000003c   Code   RO         8894    i.HAL_TCP_Read      hal_tcp_tos.o
    0x08003bf8   0x08003bf8   0x00000038   Code   RO         8895    i.HAL_TCP_Write     hal_tcp_tos.o
    0x08003c30   0x08003c30   0x0000001e   Code   RO         8928    i.HAL_Timer_Countdown  hal_timer_tos.o
    0x08003c4e   0x08003c4e   0x0000001e   Code   RO         8929    i.HAL_Timer_CountdownMs  hal_timer_tos.o
    0x08003c6c   0x08003c6c   0x00000004   Code   RO         8930    i.HAL_Timer_Current  hal_timer_tos.o
    0x08003c70   0x08003c70   0x00000004   Code   RO         8932    i.HAL_Timer_CurrentSec  hal_timer_tos.o
    0x08003c74   0x08003c74   0x0000001e   Code   RO         8933    i.HAL_Timer_Expired  hal_timer_tos.o
    0x08003c92   0x08003c92   0x0000004c   Code   RO         8934    i.HAL_Timer_Remain  hal_timer_tos.o
    0x08003cde   0x08003cde   0x00000002   Code   RO         1166    i.HAL_UARTEx_RxEventCallback  stm32l4xx_hal_uart.o
    0x08003ce0   0x08003ce0   0x00000002   Code   RO         1564    i.HAL_UARTEx_WakeupCallback  stm32l4xx_hal_uart_ex.o
    0x08003ce2   0x08003ce2   0x00000046   Code   RO         1179    i.HAL_UART_DeInit   stm32l4xx_hal_uart.o
    0x08003d28   0x08003d28   0x00000002   Code   RO         1182    i.HAL_UART_ErrorCallback  stm32l4xx_hal_uart.o
    0x08003d2a   0x08003d2a   0x00000002   PAD
    0x08003d2c   0x08003d2c   0x000002c0   Code   RO         1185    i.HAL_UART_IRQHandler  stm32l4xx_hal_uart.o
    0x08003fec   0x08003fec   0x00000074   Code   RO         1186    i.HAL_UART_Init     stm32l4xx_hal_uart.o
    0x08004060   0x08004060   0x000000ac   Code   RO          451    i.HAL_UART_MspDeInit  usart.o
    0x0800410c   0x0800410c   0x000001d0   Code   RO          452    i.HAL_UART_MspInit  usart.o
    0x080042dc   0x080042dc   0x00000064   Code   RO         1191    i.HAL_UART_Receive_IT  stm32l4xx_hal_uart.o
    0x08004340   0x08004340   0x00000034   Code   RO          667    i.HAL_UART_RxCpltCallback  stm32l4xx_it_module.o
    0x08004374   0x08004374   0x000000d8   Code   RO         1195    i.HAL_UART_Transmit  stm32l4xx_hal_uart.o
    0x0800444c   0x0800444c   0x00000002   Code   RO         1198    i.HAL_UART_TxCpltCallback  stm32l4xx_hal_uart.o
    0x0800444e   0x0800444e   0x00000004   Code   RO          668    i.HardFault_Handler  stm32l4xx_it_module.o
    0x08004452   0x08004452   0x00000028   Code   RO         1935    i.I2C_Flush_TXDR    stm32l4xx_hal_i2c.o
    0x0800447a   0x0800447a   0x00000002   PAD
    0x0800447c   0x0800447c   0x00000098   Code   RO         1943    i.I2C_IsAcknowledgeFailed  stm32l4xx_hal_i2c.o
    0x08004514   0x08004514   0x00000034   Code   RO         1950    i.I2C_TransferConfig  stm32l4xx_hal_i2c.o
    0x08004548   0x08004548   0x0000005e   Code   RO         1952    i.I2C_WaitOnFlagUntilTimeout  stm32l4xx_hal_i2c.o
    0x080045a6   0x080045a6   0x00000056   Code   RO         1954    i.I2C_WaitOnSTOPFlagUntilTimeout  stm32l4xx_hal_i2c.o
    0x080045fc   0x080045fc   0x0000005a   Code   RO         1955    i.I2C_WaitOnTXISFlagUntilTimeout  stm32l4xx_hal_i2c.o
    0x08004656   0x08004656   0x00000024   Code   RO        10149    i.IOT_DataTemplate_ActionReply  data_template_client.o
    0x0800467a   0x0800467a   0x00000002   PAD
    0x0800467c   0x0800467c   0x0000006c   Code   RO        10150    i.IOT_DataTemplate_Deinit  data_template_client.o
    0x080046e8   0x080046e8   0x00000098   Code   RO        10151    i.IOT_DataTemplate_EventPost  data_template_client.o
    0x08004780   0x08004780   0x00000090   Code   RO        10152    i.IOT_DataTemplate_Init  data_template_client.o
    0x08004810   0x08004810   0x000000a0   Code   RO        10153    i.IOT_DataTemplate_PropertyClearControl  data_template_client.o
    0x080048b0   0x080048b0   0x000000a4   Code   RO        10154    i.IOT_DataTemplate_PropertyControlReply  data_template_client.o
    0x08004954   0x08004954   0x000000a0   Code   RO        10155    i.IOT_DataTemplate_PropertyGetStatus  data_template_client.o
    0x080049f4   0x080049f4   0x0000009c   Code   RO        10156    i.IOT_DataTemplate_PropertyReport  data_template_client.o
    0x08004a90   0x08004a90   0x00000340   Code   RO         9546    i.IOT_MQTT_Construct  mqtt_client.o
    0x08004dd0   0x08004dd0   0x000000b4   Code   RO         9547    i.IOT_MQTT_Destroy  mqtt_client.o
    0x08004e84   0x08004e84   0x00000058   Code   RO         9548    i.IOT_MQTT_GetDeviceInfo  mqtt_client.o
    0x08004edc   0x08004edc   0x000000d4   Code   RO         9551    i.IOT_MQTT_IsSubReady  mqtt_client.o
    0x08004fb0   0x08004fb0   0x0000015c   Code   RO         9552    i.IOT_MQTT_Publish  mqtt_client.o
    0x0800510c   0x0800510c   0x00000168   Code   RO         9553    i.IOT_MQTT_Subscribe  mqtt_client.o
    0x08005274   0x08005274   0x000001b2   Code   RO         9554    i.IOT_MQTT_SubscribeSync  mqtt_client.o
    0x08005426   0x08005426   0x00000002   PAD
    0x08005428   0x08005428   0x000000f4   Code   RO         9555    i.IOT_MQTT_Unsubscribe  mqtt_client.o
    0x0800551c   0x0800551c   0x00000064   Code   RO         9556    i.IOT_MQTT_Yield    mqtt_client.o
    0x08005580   0x08005580   0x00000052   Code   RO         4455    i.LCD_Address_Set   lcd_spi2_drv.o
    0x080055d2   0x080055d2   0x00000002   PAD
    0x080055d4   0x080055d4   0x00000070   Code   RO         4456    i.LCD_Clear         lcd_spi2_drv.o
    0x08005644   0x08005644   0x000000dc   Code   RO         4465    i.LCD_GPIO_Init     lcd_spi2_drv.o
    0x08005720   0x08005720   0x000001a0   Code   RO         4466    i.LCD_Init          lcd_spi2_drv.o
    0x080058c0   0x080058c0   0x00000010   Code   RO         4467    i.LCD_SPI_Send      lcd_spi2_drv.o
    0x080058d0   0x080058d0   0x00000202   Code   RO         4468    i.LCD_ShowChar      lcd_spi2_drv.o
    0x08005ad2   0x08005ad2   0x00000046   Code   RO         4469    i.LCD_ShowCharStr   lcd_spi2_drv.o
    0x08005b18   0x08005b18   0x000000a2   Code   RO         4470    i.LCD_Show_Image    lcd_spi2_drv.o
    0x08005bba   0x08005bba   0x00000002   PAD
    0x08005bbc   0x08005bbc   0x0000002c   Code   RO         4471    i.LCD_Write_2Byte   lcd_spi2_drv.o
    0x08005be8   0x08005be8   0x0000001c   Code   RO         4472    i.LCD_Write_Cmd     lcd_spi2_drv.o
    0x08005c04   0x08005c04   0x0000001c   Code   RO         4473    i.LCD_Write_Data    lcd_spi2_drv.o
    0x08005c20   0x08005c20   0x00000012   Code   RO         3763    i.LL_ADC_GetOffsetChannel  stm32l4xx_hal_adc.o
    0x08005c32   0x08005c32   0x0000000a   Code   RO         3764    i.LL_ADC_INJ_IsConversionOngoing  stm32l4xx_hal_adc.o
    0x08005c3c   0x08005c3c   0x0000000a   Code   RO         3766    i.LL_ADC_IsEnabled  stm32l4xx_hal_adc.o
    0x08005c46   0x08005c46   0x0000000a   Code   RO         3767    i.LL_ADC_IsInternalRegulatorEnabled  stm32l4xx_hal_adc.o
    0x08005c50   0x08005c50   0x0000000a   Code   RO         3768    i.LL_ADC_REG_IsConversionOngoing  stm32l4xx_hal_adc.o
    0x08005c5a   0x08005c5a   0x00000028   Code   RO         3772    i.LL_ADC_SetChannelSamplingTime  stm32l4xx_hal_adc.o
    0x08005c82   0x08005c82   0x0000000c   Code   RO         3773    i.LL_ADC_SetCommonPathInternalCh  stm32l4xx_hal_adc.o
    0x08005c8e   0x08005c8e   0x00000016   Code   RO         3774    i.LL_ADC_SetOffsetState  stm32l4xx_hal_adc.o
    0x08005ca4   0x08005ca4   0x00000018   Code   RO          669    i.LPUART1_IRQHandler  stm32l4xx_it_module.o
    0x08005cbc   0x08005cbc   0x00000084   Code   RO          526    i.MX_ADC1_Init      adc.o
    0x08005d40   0x08005d40   0x000000f8   Code   RO           13    i.MX_GPIO_Init      gpio.o
    0x08005e38   0x08005e38   0x00000058   Code   RO          568    i.MX_I2C1_Init      i2c.o
    0x08005e90   0x08005e90   0x0000004c   Code   RO          453    i.MX_LPUART1_UART_Init  usart.o
    0x08005edc   0x08005edc   0x00000050   Code   RO          610    i.MX_SPI1_Init      spi.o
    0x08005f2c   0x08005f2c   0x00000050   Code   RO          611    i.MX_SPI2_Init      spi.o
    0x08005f7c   0x08005f7c   0x00000050   Code   RO          612    i.MX_SPI3_Init      spi.o
    0x08005fcc   0x08005fcc   0x00000040   Code   RO          454    i.MX_USART1_UART_Init  usart.o
    0x0800600c   0x0800600c   0x00000050   Code   RO          455    i.MX_USART2_UART_Init  usart.o
    0x0800605c   0x0800605c   0x00000040   Code   RO          456    i.MX_USART3_UART_Init  usart.o
    0x0800609c   0x0800609c   0x00000004   Code   RO          670    i.MemManage_Handler  stm32l4xx_it_module.o
    0x080060a0   0x080060a0   0x00000002   Code   RO          671    i.NMI_Handler       stm32l4xx_it_module.o
    0x080060a2   0x080060a2   0x00000002   PAD
    0x080060a4   0x080060a4   0x00000188   Code   RO         2520    i.RCCEx_PLLSAI1_Config  stm32l4xx_hal_rcc_ex.o
    0x0800622c   0x0800622c   0x0000009c   Code   RO         2406    i.RCC_SetFlashLatencyFromMSIRange  stm32l4xx_hal_rcc.o
    0x080062c8   0x080062c8   0x00000064   Code   RO         4077    i.SPI_EndRxTxTransaction  stm32l4xx_hal_spi.o
    0x0800632c   0x0800632c   0x000000ee   Code   RO         4082    i.SPI_WaitFifoStateUntilTimeout  stm32l4xx_hal_spi.o
    0x0800641a   0x0800641a   0x00000002   PAD
    0x0800641c   0x0800641c   0x000000de   Code   RO         4083    i.SPI_WaitFlagStateUntilTimeout  stm32l4xx_hal_spi.o
    0x080064fa   0x080064fa   0x00000002   PAD
    0x080064fc   0x080064fc   0x0000001c   Code   RO         4474    i.SPI_WriteByte     lcd_spi2_drv.o
    0x08006518   0x08006518   0x00000002   Code   RO          673    i.SVC_Handler       stm32l4xx_it_module.o
    0x0800651a   0x0800651a   0x0000001a   Code   RO          674    i.SysTick_Handler   stm32l4xx_it_module.o
    0x08006534   0x08006534   0x000000dc   Code   RO          364    i.SystemClock_Config  mcu_init.o
    0x08006610   0x08006610   0x00000050   Code   RO         4380    i.SystemInit        system_stm32l4xx.o
    0x08006660   0x08006660   0x000000f8   Code   RO         1200    i.UART_AdvFeatureConfig  stm32l4xx_hal_uart.o
    0x08006758   0x08006758   0x00000072   Code   RO         1201    i.UART_CheckIdleState  stm32l4xx_hal_uart.o
    0x080067ca   0x080067ca   0x00000018   Code   RO         1202    i.UART_DMAAbortOnError  stm32l4xx_hal_uart.o
    0x080067e2   0x080067e2   0x00000036   Code   RO         1212    i.UART_EndRxTransfer  stm32l4xx_hal_uart.o
    0x08006818   0x08006818   0x00000020   Code   RO         1213    i.UART_EndTransmit_IT  stm32l4xx_hal_uart.o
    0x08006838   0x08006838   0x0000008c   Code   RO         1215    i.UART_RxISR_16BIT  stm32l4xx_hal_uart.o
    0x080068c4   0x080068c4   0x00000088   Code   RO         1216    i.UART_RxISR_8BIT   stm32l4xx_hal_uart.o
    0x0800694c   0x0800694c   0x000002fa   Code   RO         1217    i.UART_SetConfig    stm32l4xx_hal_uart.o
    0x08006c46   0x08006c46   0x00000002   PAD
    0x08006c48   0x08006c48   0x000000bc   Code   RO         1219    i.UART_Start_Receive_IT  stm32l4xx_hal_uart.o
    0x08006d04   0x08006d04   0x000000b6   Code   RO         1222    i.UART_WaitOnFlagUntilTimeout  stm32l4xx_hal_uart.o
    0x08006dba   0x08006dba   0x00000002   PAD
    0x08006dbc   0x08006dbc   0x00000010   Code   RO          675    i.USART2_IRQHandler  stm32l4xx_it_module.o
    0x08006dcc   0x08006dcc   0x00000010   Code   RO          676    i.USART3_IRQHandler  stm32l4xx_it_module.o
    0x08006ddc   0x08006ddc   0x00000004   Code   RO          677    i.UsageFault_Handler  stm32l4xx_it_module.o
    0x08006de0   0x08006de0   0x00000020   Code   RO        10721    i.__0printf         mc_w.l(printfa.o)
    0x08006e00   0x08006e00   0x00000030   Code   RO        10722    i.__0snprintf       mc_w.l(printfa.o)
    0x08006e30   0x08006e30   0x00000010   Code   RO        10725    i.__0vprintf        mc_w.l(printfa.o)
    0x08006e40   0x08006e40   0x0000002c   Code   RO        10726    i.__0vsnprintf      mc_w.l(printfa.o)
    0x08006e6c   0x08006e6c   0x00000010   Code   RO         3413    i.__NVIC_GetPriorityGrouping  stm32l4xx_hal_cortex.o
    0x08006e7c   0x08006e7c   0x00000028   Code   RO         3414    i.__NVIC_SetPriority  stm32l4xx_hal_cortex.o
    0x08006ea4   0x08006ea4   0x00000028   Code   RO         7166    i.__NVIC_SetPriority  port_c.o
    0x08006ecc   0x08006ecc   0x00000014   Code   RO         4713    i.__ffs             tos_mmheap.o
    0x08006ee0   0x08006ee0   0x0000000e   Code   RO         4714    i.__fls             tos_mmheap.o
    0x08006eee   0x08006eee   0x0000000e   Code   RO        10870    i.__scatterload_copy  mc_w.l(handlers.o)
    0x08006efc   0x08006efc   0x00000002   Code   RO        10871    i.__scatterload_null  mc_w.l(handlers.o)
    0x08006efe   0x08006efe   0x0000000e   Code   RO        10872    i.__scatterload_zeroinit  mc_w.l(handlers.o)
    0x08006f0c   0x08006f0c   0x00000046   Code   RO         9755    i._add_packet_id_to_repeat_buf  mqtt_client_publish.o
    0x08006f52   0x08006f52   0x00000002   PAD
    0x08006f54   0x08006f54   0x0000010c   Code   RO         9827    i._add_sub_handle_to_array  mqtt_client_subscribe.o
    0x08007060   0x08007060   0x00000026   Code   RO         9828    i._clear_sub_handle  mqtt_client_subscribe.o
    0x08007086   0x08007086   0x000000c8   Code   RO         9940    i._cycle_for_read   mqtt_client_yield.o
    0x0800714e   0x0800714e   0x00000002   PAD
    0x08007150   0x08007150   0x00000074   Code   RO          780    i._cycle_report     data_template_app.o
    0x080071c4   0x080071c4   0x00000088   Code   RO        10241    i._data_template_topic_generate  data_template_mqtt.o
    0x0800724c   0x0800724c   0x00000108   Code   RO         9756    i._deliver_message  mqtt_client_publish.o
    0x08007354   0x08007354   0x00000078   Code   RO         9941    i._discard_packet_for_short_buf  mqtt_client_yield.o
    0x080073cc   0x080073cc   0x0000005a   Code   RO         8397    i._find_json_delimiter  utils_json.o
    0x08007426   0x08007426   0x0000006e   Code   RO         8398    i._find_json_value_element_end  utils_json.o
    0x08007494   0x08007494   0x0000018a   Code   RO        10728    i._fp_digits        mc_w.l(printfa.o)
    0x0800761e   0x0800761e   0x0000001c   Code   RO         8571    i._get_filename     utils_log.o
    0x0800763a   0x0800763a   0x00000052   Code   RO         8399    i._get_json_key     utils_json.o
    0x0800768c   0x0800768c   0x0000011e   Code   RO         8400    i._get_json_value   utils_json.o
    0x080077aa   0x080077aa   0x00000024   Code   RO         9757    i._get_packet_id_repeat_buf  mqtt_client_publish.o
    0x080077ce   0x080077ce   0x00000002   PAD
    0x080077d0   0x080077d0   0x0000016c   Code   RO          994    i._get_property_node  data_template_config.o
    0x0800793c   0x0800793c   0x00000024   Code   RO         9557    i._get_random_start_packet_id  mqtt_client.o
    0x08007960   0x08007960   0x000000ac   Code   RO         9942    i._handle_disconnect  mqtt_client_yield.o
    0x08007a0c   0x08007a0c   0x00000034   Code   RO         9943    i._handle_pingresp_packet  mqtt_client_yield.o
    0x08007a40   0x08007a40   0x00000100   Code   RO         9944    i._handle_reconnect  mqtt_client_yield.o
    0x08007b40   0x08007b40   0x00000018   Code   RO         8036    i._hb2hex           utils_hmac.o
    0x08007b58   0x08007b58   0x0000000e   Code   RO         8401    i._increase_pos     utils_json.o
    0x08007b66   0x08007b66   0x00000002   PAD
    0x08007b68   0x08007b68   0x00000038   Code   RO          995    i._init_data_template_action  data_template_config.o
    0x08007ba0   0x08007ba0   0x00000054   Code   RO          996    i._init_data_template_action_light_blink_input  data_template_config.o
    0x08007bf4   0x08007bf4   0x00000074   Code   RO          997    i._init_data_template_event  data_template_config.o
    0x08007c68   0x08007c68   0x000000e0   Code   RO          998    i._init_data_template_property  data_template_config.o
    0x08007d48   0x08007d48   0x0000003c   Code   RO          999    i._init_data_template_property_position  data_template_config.o
    0x08007d84   0x08007d84   0x00000010   Code   RO         8402    i._is_array_begin_matched  utils_json.o
    0x08007d94   0x08007d94   0x00000010   Code   RO         8403    i._is_array_end_matched  utils_json.o
    0x08007da4   0x08007da4   0x00000074   Code   RO         8404    i._is_boolean_end_matched  utils_json.o
    0x08007e18   0x08007e18   0x0000000e   Code   RO        10759    i._is_digit         mc_w.l(scanf_fp.o)
    0x08007e26   0x08007e26   0x00000010   Code   RO         8617    i._is_network_tcp_connected  network_interface.o
    0x08007e36   0x08007e36   0x00000002   PAD
    0x08007e38   0x08007e38   0x00000044   Code   RO         8405    i._is_null_end_matched  utils_json.o
    0x08007e7c   0x08007e7c   0x00000028   Code   RO         8406    i._is_number_end_matched  utils_json.o
    0x08007ea4   0x08007ea4   0x00000010   Code   RO         8407    i._is_object_begin_matched  utils_json.o
    0x08007eb4   0x08007eb4   0x00000010   Code   RO         8408    i._is_object_end_matched  utils_json.o
    0x08007ec4   0x08007ec4   0x00000018   Code   RO         8409    i._is_string_end_matched  utils_json.o
    0x08007edc   0x08007edc   0x00000076   Code   RO         9758    i._is_topic_matched  mqtt_client_publish.o
    0x08007f52   0x08007f52   0x0000000a   Code   RO         5134    i._list_add         tos_sched.o
    0x08007f5c   0x08007f5c   0x00000006   Code   RO         5135    i._list_del         tos_sched.o
    0x08007f62   0x08007f62   0x00000010   Code   RO         8505    i._list_lock        utils_list.o
    0x08007f72   0x08007f72   0x00000046   Code   RO         8506    i._list_remove      utils_list.o
    0x08007fb8   0x08007fb8   0x00000010   Code   RO         8507    i._list_unlock      utils_list.o
    0x08007fc8   0x08007fc8   0x00000130   Code   RO          781    i._method_action_callback  data_template_app.o
    0x080080f8   0x080080f8   0x0000006c   Code   RO          782    i._method_control_callback  data_template_app.o
    0x08008164   0x08008164   0x000000a4   Code   RO          783    i._method_get_status_reply_callback  data_template_app.o
    0x08008208   0x08008208   0x000001c0   Code   RO         9558    i._mqtt_client_connect_option_init  mqtt_client.o
    0x080083c8   0x080083c8   0x000000f0   Code   RO         9559    i._mqtt_client_list_init  mqtt_client.o
    0x080084b8   0x080084b8   0x00000094   Code   RO         9560    i._mqtt_client_network_init  mqtt_client.o
    0x0800854c   0x0800854c   0x000000e2   Code   RO         9708    i._mqtt_connect     mqtt_client_connect.o
    0x0800862e   0x0800862e   0x00000084   Code   RO         8270    i._mqtt_connect_remaining_length_serialize  mqtt_packet_serialize.o
    0x080086b2   0x080086b2   0x00000002   PAD
    0x080086b4   0x080086b4   0x000000cc   Code   RO         8271    i._mqtt_connect_variable_header_serialize  mqtt_packet_serialize.o
    0x08008780   0x08008780   0x000002f8   Code   RO          784    i._mqtt_event_handler  data_template_app.o
    0x08008a78   0x08008a78   0x0000006a   Code   RO         8272    i._mqtt_header_serialize  mqtt_packet_serialize.o
    0x08008ae2   0x08008ae2   0x00000002   PAD
    0x08008ae4   0x08008ae4   0x0000016c   Code   RO         9945    i._mqtt_keep_alive  mqtt_client_yield.o
    0x08008c50   0x08008c50   0x00000076   Code   RO         8205    i._mqtt_packet_type_check  mqtt_packet_deserialize.o
    0x08008cc6   0x08008cc6   0x0000003e   Code   RO         8273    i._mqtt_publish_remaining_length_serialize  mqtt_packet_serialize.o
    0x08008d04   0x08008d04   0x00000052   Code   RO         8206    i._mqtt_remaining_length_deserialize  mqtt_packet_deserialize.o
    0x08008d56   0x08008d56   0x00000036   Code   RO         8274    i._mqtt_remaining_length_serialize  mqtt_packet_serialize.o
    0x08008d8c   0x08008d8c   0x00000098   Code   RO         9709    i._mqtt_set_srv_ip  mqtt_client_connect.o
    0x08008e24   0x08008e24   0x00000046   Code   RO         8275    i._mqtt_sub_unsub_remaining_length_serialize  mqtt_packet_serialize.o
    0x08008e6a   0x08008e6a   0x00000002   PAD
    0x08008e6c   0x08008e6c   0x0000006c   Code   RO         9710    i._mqtt_switch_domain  mqtt_client_connect.o
    0x08008ed8   0x08008ed8   0x00000164   Code   RO         8618    i._network_tcp_connect  network_interface.o
    0x0800903c   0x0800903c   0x00000068   Code   RO         8619    i._network_tcp_disconnect  network_interface.o
    0x080090a4   0x080090a4   0x00000006   Code   RO         8620    i._network_tcp_init  network_interface.o
    0x080090aa   0x080090aa   0x00000002   PAD
    0x080090ac   0x080090ac   0x0000007a   Code   RO         8621    i._network_tcp_read  network_interface.o
    0x08009126   0x08009126   0x00000002   PAD
    0x08009128   0x08009128   0x0000007a   Code   RO         8622    i._network_tcp_write  network_interface.o
    0x080091a2   0x080091a2   0x00000002   PAD
    0x080091a4   0x080091a4   0x000001a4   Code   RO        10275    i._parse_method_payload_and_callback  data_template_property.o
    0x08009348   0x08009348   0x00000056   Code   RO         1000    i._parse_property_array  data_template_config.o
    0x0800939e   0x0800939e   0x00000002   PAD
    0x080093a0   0x080093a0   0x00000038   Code   RO         9829    i._pop_sub_info_from_list  mqtt_client_subscribe.o
    0x080093d8   0x080093d8   0x000006e2   Code   RO        10729    i._printf_core      mc_w.l(printfa.o)
    0x08009aba   0x08009aba   0x00000024   Code   RO        10730    i._printf_post_padding  mc_w.l(printfa.o)
    0x08009ade   0x08009ade   0x0000002e   Code   RO        10731    i._printf_pre_padding  mc_w.l(printfa.o)
    0x08009b0c   0x08009b0c   0x00000058   Code   RO         9759    i._pub_wait_list_process_check_timeout  mqtt_client_publish.o
    0x08009b64   0x08009b64   0x0000002a   Code   RO         9760    i._pub_wait_list_process_remove_info  mqtt_client_publish.o
    0x08009b8e   0x08009b8e   0x00000002   PAD
    0x08009b90   0x08009b90   0x000000d4   Code   RO         9761    i._push_pub_info_to_list  mqtt_client_publish.o
    0x08009c64   0x08009c64   0x000000ee   Code   RO         9830    i._push_sub_info_to_list  mqtt_client_subscribe.o
    0x08009d52   0x08009d52   0x00000002   PAD
    0x08009d54   0x08009d54   0x0000008c   Code   RO         9561    i._qcloud_iot_mqtt_client_deinit  mqtt_client.o
    0x08009de0   0x08009de0   0x0000017c   Code   RO         9562    i._qcloud_iot_mqtt_client_init  mqtt_client.o
    0x08009f5c   0x08009f5c   0x0000000e   Code   RO         8207    i._read_char        mqtt_packet_deserialize.o
    0x08009f6a   0x08009f6a   0x0000001c   Code   RO         8208    i._read_int         mqtt_packet_deserialize.o
    0x08009f86   0x08009f86   0x00000002   PAD
    0x08009f88   0x08009f88   0x000000f4   Code   RO         9946    i._read_mqtt_packet  mqtt_client_yield.o
    0x0800a07c   0x0800a07c   0x00000066   Code   RO         9947    i._read_packet_header  mqtt_client_yield.o
    0x0800a0e2   0x0800a0e2   0x00000002   PAD
    0x0800a0e4   0x0800a0e4   0x00000054   Code   RO         9948    i._read_packet_payload  mqtt_client_yield.o
    0x0800a138   0x0800a138   0x00000096   Code   RO         9949    i._read_packet_remaining_len  mqtt_client_yield.o
    0x0800a1ce   0x0800a1ce   0x00000002   PAD
    0x0800a1d0   0x0800a1d0   0x0000001c   Code   RO         9762    i._remove_pub_info_from_list  mqtt_client_publish.o
    0x0800a1ec   0x0800a1ec   0x000000bc   Code   RO         9831    i._remove_sub_handle_from_array  mqtt_client_subscribe.o
    0x0800a2a8   0x0800a2a8   0x000000fc   Code   RO         1001    i._set_property_value  data_template_config.o
    0x0800a3a4   0x0800a3a4   0x0000004e   Code   RO         9950    i._set_reconnect_wait_interval  mqtt_client_yield.o
    0x0800a3f2   0x0800a3f2   0x00000066   Code   RO         9832    i._set_sub_handle_status_to_array  mqtt_client_subscribe.o
    0x0800a458   0x0800a458   0x00000024   Code   RO          785    i._setup_connect_init_params  data_template_app.o
    0x0800a47c   0x0800a47c   0x00000016   Code   RO        10732    i._snputc           mc_w.l(printfa.o)
    0x0800a492   0x0800a492   0x00000078   Code   RO         9833    i._sub_wait_list_process_check_timeout  mqtt_client_subscribe.o
    0x0800a50a   0x0800a50a   0x0000002a   Code   RO         9834    i._sub_wait_list_process_clear  mqtt_client_subscribe.o
    0x0800a534   0x0800a534   0x00000036   Code   RO         9835    i._sub_wait_list_process_pop_info  mqtt_client_subscribe.o
    0x0800a56a   0x0800a56a   0x00000002   PAD
    0x0800a56c   0x0800a56c   0x0000007c   Code   RO          786    i._usr_init         data_template_app.o
    0x0800a5e8   0x0800a5e8   0x000000e4   Code   RO         8001    i._utils_base64_check_valid  utils_base64.o
    0x0800a6cc   0x0800a6cc   0x000000b0   Code   RO         8037    i._utils_hmac_sha1_process  utils_hmac.o
    0x0800a77c   0x0800a77c   0x0000000c   Code   RO         8276    i._write_char       mqtt_packet_serialize.o
    0x0800a788   0x0800a788   0x00000030   Code   RO         8277    i._write_int        mqtt_packet_serialize.o
    0x0800a7b8   0x0800a7b8   0x00000028   Code   RO         8278    i._write_string     mqtt_packet_serialize.o
    0x0800a7e0   0x0800a7e0   0x00000030   Code   RO         4715    i.adjust_request_size  tos_mmheap.o
    0x0800a810   0x0800a810   0x0000003c   Code   RO          787    i.application_entry  data_template_app.o
    0x0800a84c   0x0800a84c   0x00000074   Code   RO         7516    i.at_channel_construct  tos_at.o
    0x0800a8c0   0x0800a8c0   0x00000032   Code   RO         7518    i.at_channel_get    tos_at.o
    0x0800a8f2   0x0800a8f2   0x00000038   Code   RO         7519    i.at_channel_init   tos_at.o
    0x0800a92a   0x0800a92a   0x00000002   PAD
    0x0800a92c   0x0800a92c   0x00000050   Code   RO         7520    i.at_cmd_do_exec    tos_at.o
    0x0800a97c   0x0800a97c   0x00000012   Code   RO         7521    i.at_echo_attach    tos_at.o
    0x0800a98e   0x0800a98e   0x0000004a   Code   RO         7522    i.at_echo_buffer_copy  tos_at.o
    0x0800a9d8   0x0800a9d8   0x00000054   Code   RO         7523    i.at_event_do_get   tos_at.o
    0x0800aa2c   0x0800aa2c   0x0000000a   Code   RO         7524    i.at_event_table_set  tos_at.o
    0x0800aa36   0x0800aa36   0x0000001e   Code   RO         7525    i.at_get_event      tos_at.o
    0x0800aa54   0x0800aa54   0x00000066   Code   RO         7526    i.at_is_echo_expect  tos_at.o
    0x0800aaba   0x0800aaba   0x00000002   PAD
    0x0800aabc   0x0800aabc   0x000000e0   Code   RO         7527    i.at_parser         tos_at.o
    0x0800ab9c   0x0800ab9c   0x00000026   Code   RO         7528    i.at_recv_cache_deinit  tos_at.o
    0x0800abc2   0x0800abc2   0x00000034   Code   RO         7529    i.at_recv_cache_init  tos_at.o
    0x0800abf6   0x0800abf6   0x0000003e   Code   RO         7530    i.at_uart_getchar   tos_at.o
    0x0800ac34   0x0800ac34   0x00000030   Code   RO         7531    i.at_uart_getchar_from_fifo  tos_at.o
    0x0800ac64   0x0800ac64   0x000000d0   Code   RO         7532    i.at_uart_line_parse  tos_at.o
    0x0800ad34   0x0800ad34   0x00000032   Code   RO         7533    i.at_uart_send      tos_at.o
    0x0800ad66   0x0800ad66   0x0000001e   Code   RO         4717    i.blk_absorb        tos_mmheap.o
    0x0800ad84   0x0800ad84   0x0000001c   Code   RO         4718    i.blk_can_split     tos_mmheap.o
    0x0800ada0   0x0800ada0   0x00000020   Code   RO         4719    i.blk_insert        tos_mmheap.o
    0x0800adc0   0x0800adc0   0x00000012   Code   RO         4720    i.blk_link_next     tos_mmheap.o
    0x0800add2   0x0800add2   0x0000003a   Code   RO         4721    i.blk_locate_free   tos_mmheap.o
    0x0800ae0c   0x0800ae0c   0x0000001a   Code   RO         4722    i.blk_mark_as_free  tos_mmheap.o
    0x0800ae26   0x0800ae26   0x0000001a   Code   RO         4723    i.blk_mark_as_used  tos_mmheap.o
    0x0800ae40   0x0800ae40   0x0000002a   Code   RO         4724    i.blk_merge_next    tos_mmheap.o
    0x0800ae6a   0x0800ae6a   0x00000028   Code   RO         4725    i.blk_merge_prev    tos_mmheap.o
    0x0800ae92   0x0800ae92   0x00000024   Code   RO         4726    i.blk_next          tos_mmheap.o
    0x0800aeb6   0x0800aeb6   0x00000022   Code   RO         4727    i.blk_prepare_used  tos_mmheap.o
    0x0800aed8   0x0800aed8   0x00000020   Code   RO         4728    i.blk_remove        tos_mmheap.o
    0x0800aef8   0x0800aef8   0x0000006c   Code   RO         4729    i.blk_search_suitable  tos_mmheap.o
    0x0800af64   0x0800af64   0x0000000a   Code   RO         4730    i.blk_set_free      tos_mmheap.o
    0x0800af6e   0x0800af6e   0x0000000a   Code   RO         4731    i.blk_set_prev_free  tos_mmheap.o
    0x0800af78   0x0800af78   0x0000000a   Code   RO         4732    i.blk_set_prev_used  tos_mmheap.o
    0x0800af82   0x0800af82   0x0000000c   Code   RO         4733    i.blk_set_size      tos_mmheap.o
    0x0800af8e   0x0800af8e   0x0000000a   Code   RO         4734    i.blk_set_used      tos_mmheap.o
    0x0800af98   0x0800af98   0x0000000a   Code   RO         4735    i.blk_size          tos_mmheap.o
    0x0800afa2   0x0800afa2   0x0000003e   Code   RO         4736    i.blk_split         tos_mmheap.o
    0x0800afe0   0x0800afe0   0x00000008   Code   RO         4737    i.blk_to_ptr        tos_mmheap.o
    0x0800afe8   0x0800afe8   0x0000002e   Code   RO         4738    i.blk_trim_free     tos_mmheap.o
    0x0800b016   0x0800b016   0x00000002   PAD
    0x0800b018   0x0800b018   0x0000007c   Code   RO          366    i.board_init        mcu_init.o
    0x0800b094   0x0800b094   0x00000008   Code   RO         7070    i.cpu_context_switch  tos_cpu.o
    0x0800b09c   0x0800b09c   0x0000002c   Code   RO         7071    i.cpu_init          tos_cpu.o
    0x0800b0c8   0x0800b0c8   0x00000008   Code   RO         7072    i.cpu_irq_context_switch  tos_cpu.o
    0x0800b0d0   0x0800b0d0   0x00000004   Code   RO         7074    i.cpu_sched_start   tos_cpu.o
    0x0800b0d4   0x0800b0d4   0x00000012   Code   RO         7075    i.cpu_systick_init  tos_cpu.o
    0x0800b0e6   0x0800b0e6   0x000000d8   Code   RO         7077    i.cpu_task_stk_init  tos_cpu.o
    0x0800b1be   0x0800b1be   0x00000002   PAD
    0x0800b1c0   0x0800b1c0   0x0000003c   Code   RO        10127    i.data_template_action_reply_publish  data_template_action.o
    0x0800b1fc   0x0800b1fc   0x00000234   Code   RO          788    i.data_template_app  data_template_app.o
    0x0800b430   0x0800b430   0x00000064   Code   RO        10221    i.data_template_event_reply_publish  data_template_event.o
    0x0800b494   0x0800b494   0x000000b0   Code   RO        10276    i.data_template_property_message_handler  data_template_property.o
    0x0800b544   0x0800b544   0x000001b0   Code   RO        10277    i.data_template_property_publish  data_template_property.o
    0x0800b6f4   0x0800b6f4   0x00000094   Code   RO        10242    i.data_template_publish  data_template_mqtt.o
    0x0800b788   0x0800b788   0x000000c0   Code   RO        10243    i.data_template_topic_check_and_sub  data_template_mqtt.o
    0x0800b848   0x0800b848   0x00000036   Code   RO        10244    i.data_template_topic_unsubscribe  data_template_mqtt.o
    0x0800b87e   0x0800b87e   0x0000002e   Code   RO         8693    i.device_info_copy  hal_device_tos.o
    0x0800b8ac   0x0800b8ac   0x00000048   Code   RO         7867    i.esp8266_close     esp8266.o
    0x0800b8f4   0x0800b8f4   0x00000094   Code   RO         7868    i.esp8266_connect   esp8266.o
    0x0800b988   0x0800b988   0x00000040   Code   RO         7869    i.esp8266_echo_close  esp8266.o
    0x0800b9c8   0x0800b9c8   0x000000ac   Code   RO         7870    i.esp8266_incoming_data_process  esp8266.o
    0x0800ba74   0x0800ba74   0x00000130   Code   RO         7871    i.esp8266_init      esp8266.o
    0x0800bba4   0x0800bba4   0x0000003c   Code   RO         7872    i.esp8266_is_link_broken  esp8266.o
    0x0800bbe0   0x0800bbe0   0x00000078   Code   RO         7873    i.esp8266_join_ap   esp8266.o
    0x0800bc58   0x0800bc58   0x0000006c   Code   RO         7874    i.esp8266_multilink_set  esp8266.o
    0x0800bcc4   0x0800bcc4   0x00000098   Code   RO         7875    i.esp8266_net_mode_set  esp8266.o
    0x0800bd5c   0x0800bd5c   0x000000a8   Code   RO         7876    i.esp8266_parse_domain  esp8266.o
    0x0800be04   0x0800be04   0x00000068   Code   RO         7877    i.esp8266_reconnect_init  esp8266.o
    0x0800be6c   0x0800be6c   0x0000001c   Code   RO         7878    i.esp8266_recv      esp8266.o
    0x0800be88   0x0800be88   0x00000020   Code   RO         7879    i.esp8266_recv_timeout  esp8266.o
    0x0800bea8   0x0800bea8   0x00000018   Code   RO         7880    i.esp8266_recvfrom  esp8266.o
    0x0800bec0   0x0800bec0   0x00000020   Code   RO         7881    i.esp8266_recvfrom_timeout  esp8266.o
    0x0800bee0   0x0800bee0   0x0000005c   Code   RO         7882    i.esp8266_restore   esp8266.o
    0x0800bf3c   0x0800bf3c   0x0000005c   Code   RO         7884    i.esp8266_sal_init  esp8266.o
    0x0800bf98   0x0800bf98   0x000000bc   Code   RO         7885    i.esp8266_send      esp8266.o
    0x0800c054   0x0800c054   0x00000060   Code   RO         7886    i.esp8266_send_mode_set  esp8266.o
    0x0800c0b4   0x0800c0b4   0x000000f8   Code   RO         7887    i.esp8266_sendto    esp8266.o
    0x0800c1ac   0x0800c1ac   0x00000034   Code   RO          368    i.fputc             mcu_init.o
    0x0800c1e0   0x0800c1e0   0x00000010   Code   RO         4741    i.generic_fls       tos_mmheap.o
    0x0800c1f0   0x0800c1f0   0x00000024   Code   RO         9670    i.get_client_conn_state  mqtt_client_common.o
    0x0800c214   0x0800c214   0x00000076   Code   RO         9671    i.get_next_conn_id  mqtt_client_common.o
    0x0800c28a   0x0800c28a   0x00000002   PAD
    0x0800c28c   0x0800c28c   0x00000080   Code   RO         9672    i.get_next_packet_id  mqtt_client_common.o
    0x0800c30c   0x0800c30c   0x00000050   Code   RO         4742    i.insert_free_block  tos_mmheap.o
    0x0800c35c   0x0800c35c   0x000000a8   Code   RO         8410    i.json_get_value_by_key  utils_json.o
    0x0800c404   0x0800c404   0x00000006   Code   RO         5403    i.knl_idle_entry    tos_sys.o
    0x0800c40a   0x0800c40a   0x00000002   PAD
    0x0800c40c   0x0800c40c   0x00000040   Code   RO         5404    i.knl_idle_init     tos_sys.o
    0x0800c44c   0x0800c44c   0x00000014   Code   RO         5405    i.knl_is_idle       tos_sys.o
    0x0800c460   0x0800c460   0x00000014   Code   RO         5406    i.knl_is_inirq      tos_sys.o
    0x0800c474   0x0800c474   0x00000014   Code   RO         5407    i.knl_is_sched_locked  tos_sys.o
    0x0800c488   0x0800c488   0x00000018   Code   RO         5408    i.knl_is_self       tos_sys.o
    0x0800c4a0   0x0800c4a0   0x00000004   Code   RO         4982    i.knl_object_init   tos_mutex.o
    0x0800c4a4   0x0800c4a4   0x00000004   Code   RO         5279    i.knl_object_init   tos_sem.o
    0x0800c4a8   0x0800c4a8   0x00000004   Code   RO         6440    i.knl_object_init   tos_char_fifo.o
    0x0800c4ac   0x0800c4ac   0x00000004   Code   RO         6853    i.knl_object_init   tos_ring_queue.o
    0x0800c4b0   0x0800c4b0   0x00000010   Code   RO         4983    i.knl_object_verify  tos_mutex.o
    0x0800c4c0   0x0800c4c0   0x00000010   Code   RO         5280    i.knl_object_verify  tos_sem.o
    0x0800c4d0   0x0800c4d0   0x00000010   Code   RO         5504    i.knl_object_verify  tos_task.o
    0x0800c4e0   0x0800c4e0   0x00000010   Code   RO         6441    i.knl_object_verify  tos_char_fifo.o
    0x0800c4f0   0x0800c4f0   0x00000010   Code   RO         6854    i.knl_object_verify  tos_ring_queue.o
    0x0800c500   0x0800c500   0x00000010   Code   RO         6935    i.knl_object_verify  tos_stopwatch.o
    0x0800c510   0x0800c510   0x00000064   Code   RO         5409    i.knl_sched         tos_sys.o
    0x0800c574   0x0800c574   0x00000084   Code   RO          157    i.main              main.o
    0x0800c5f8   0x0800c5f8   0x0000003a   Code   RO         4743    i.mapping_insert    tos_mmheap.o
    0x0800c632   0x0800c632   0x0000002e   Code   RO         4744    i.mapping_search    tos_mmheap.o
    0x0800c660   0x0800c660   0x0000005c   Code   RO         4745    i.mmheap_ctl_init   tos_mmheap.o
    0x0800c6bc   0x0800c6bc   0x00000014   Code   RO         4747    i.mmheap_init_with_pool  tos_mmheap.o
    0x0800c6d0   0x0800c6d0   0x0000002c   Code   RO         4748    i.mmheap_pool_is_exist  tos_mmheap.o
    0x0800c6fc   0x0800c6fc   0x00000064   Code   RO         8209    i.mqtt_connack_packet_deserialize  mqtt_packet_deserialize.o
    0x0800c760   0x0800c760   0x00000082   Code   RO         8279    i.mqtt_connect_packet_serialize  mqtt_packet_serialize.o
    0x0800c7e2   0x0800c7e2   0x0000002a   Code   RO         8280    i.mqtt_disconnect_packet_serialize  mqtt_packet_serialize.o
    0x0800c80c   0x0800c80c   0x0000002a   Code   RO         8281    i.mqtt_pingreq_packet_serialize  mqtt_packet_serialize.o
    0x0800c836   0x0800c836   0x00000044   Code   RO         8211    i.mqtt_puback_packet_deserialize  mqtt_packet_deserialize.o
    0x0800c87a   0x0800c87a   0x00000034   Code   RO         8282    i.mqtt_puback_packet_serialize  mqtt_packet_serialize.o
    0x0800c8ae   0x0800c8ae   0x000000aa   Code   RO         8212    i.mqtt_publish_packet_deserialize  mqtt_packet_deserialize.o
    0x0800c958   0x0800c958   0x00000076   Code   RO         8283    i.mqtt_publish_packet_serialize  mqtt_packet_serialize.o
    0x0800c9ce   0x0800c9ce   0x0000008c   Code   RO         8213    i.mqtt_suback_packet_deserialize  mqtt_packet_deserialize.o
    0x0800ca5a   0x0800ca5a   0x00000078   Code   RO         8284    i.mqtt_subscribe_packet_serialize  mqtt_packet_serialize.o
    0x0800cad2   0x0800cad2   0x00000044   Code   RO         8214    i.mqtt_unsuback_packet_deserialize  mqtt_packet_deserialize.o
    0x0800cb16   0x0800cb16   0x0000006e   Code   RO         8285    i.mqtt_unsubscribe_packet_serialize  mqtt_packet_serialize.o
    0x0800cb84   0x0800cb84   0x0000002a   Code   RO         4984    i.mutex_fresh_owner_mark  tos_mutex.o
    0x0800cbae   0x0800cbae   0x0000004c   Code   RO         4985    i.mutex_old_owner_release  tos_mutex.o
    0x0800cbfa   0x0800cbfa   0x00000014   Code   RO         4986    i.mutex_release     tos_mutex.o
    0x0800cc0e   0x0800cc0e   0x00000006   Code   RO         4750    i.offset_to_blk     tos_mmheap.o
    0x0800cc14   0x0800cc14   0x00000022   Code   RO         6154    i.pend_highest_pending_prio_get  tos_pend.o
    0x0800cc36   0x0800cc36   0x00000008   Code   RO         6155    i.pend_highest_pending_task_get  tos_pend.o
    0x0800cc3e   0x0800cc3e   0x0000000c   Code   RO         6156    i.pend_is_nopending  tos_pend.o
    0x0800cc4a   0x0800cc4a   0x00000054   Code   RO         6157    i.pend_list_add     tos_pend.o
    0x0800cc9e   0x0800cc9e   0x00000016   Code   RO         6158    i.pend_list_adjust  tos_pend.o
    0x0800ccb4   0x0800ccb4   0x00000022   Code   RO         6159    i.pend_list_remove  tos_pend.o
    0x0800ccd6   0x0800ccd6   0x0000000c   Code   RO         6160    i.pend_object_deinit  tos_pend.o
    0x0800cce2   0x0800cce2   0x0000000c   Code   RO         6161    i.pend_object_init  tos_pend.o
    0x0800ccee   0x0800ccee   0x0000002e   Code   RO         6162    i.pend_state2errno  tos_pend.o
    0x0800cd1c   0x0800cd1c   0x0000003c   Code   RO         6163    i.pend_task_block   tos_pend.o
    0x0800cd58   0x0800cd58   0x00000046   Code   RO         6164    i.pend_task_wakeup  tos_pend.o
    0x0800cd9e   0x0800cd9e   0x0000001e   Code   RO         6165    i.pend_wakeup       tos_pend.o
    0x0800cdbc   0x0800cdbc   0x00000032   Code   RO         6166    i.pend_wakeup_all   tos_pend.o
    0x0800cdee   0x0800cdee   0x00000014   Code   RO         6167    i.pend_wakeup_one   tos_pend.o
    0x0800ce02   0x0800ce02   0x00000032   Code   RO         7168    i.port_systick_config  port_c.o
    0x0800ce34   0x0800ce34   0x00000010   Code   RO         7169    i.port_systick_priority_set  port_c.o
    0x0800ce44   0x0800ce44   0x0000006c   Code   RO         9711    i.qcloud_iot_mqtt_attempt_reconnect  mqtt_client_connect.o
    0x0800ceb0   0x0800ceb0   0x0000001c   Code   RO         9763    i.qcloud_iot_mqtt_check_pub_timeout  mqtt_client_publish.o
    0x0800cecc   0x0800cecc   0x0000001c   Code   RO         9836    i.qcloud_iot_mqtt_check_sub_timeout  mqtt_client_subscribe.o
    0x0800cee8   0x0800cee8   0x0000009e   Code   RO         9712    i.qcloud_iot_mqtt_connect  mqtt_client_connect.o
    0x0800cf86   0x0800cf86   0x00000002   PAD
    0x0800cf88   0x0800cf88   0x000000b0   Code   RO         9713    i.qcloud_iot_mqtt_disconnect  mqtt_client_connect.o
    0x0800d038   0x0800d038   0x00000054   Code   RO         9764    i.qcloud_iot_mqtt_handle_puback  mqtt_client_publish.o
    0x0800d08c   0x0800d08c   0x000000bc   Code   RO         9765    i.qcloud_iot_mqtt_handle_publish  mqtt_client_publish.o
    0x0800d148   0x0800d148   0x00000144   Code   RO         9838    i.qcloud_iot_mqtt_handle_suback  mqtt_client_subscribe.o
    0x0800d28c   0x0800d28c   0x0000006c   Code   RO         9839    i.qcloud_iot_mqtt_handle_unsuback  mqtt_client_subscribe.o
    0x0800d2f8   0x0800d2f8   0x00000090   Code   RO         9840    i.qcloud_iot_mqtt_is_sub_ready  mqtt_client_subscribe.o
    0x0800d388   0x0800d388   0x00000064   Code   RO         9714    i.qcloud_iot_mqtt_pingreq  mqtt_client_connect.o
    0x0800d3ec   0x0800d3ec   0x00000170   Code   RO         9766    i.qcloud_iot_mqtt_publish  mqtt_client_publish.o
    0x0800d55c   0x0800d55c   0x000000d8   Code   RO         9841    i.qcloud_iot_mqtt_resubscribe  mqtt_client_subscribe.o
    0x0800d634   0x0800d634   0x0000006a   Code   RO         9842    i.qcloud_iot_mqtt_sub_handle_array_clear  mqtt_client_subscribe.o
    0x0800d69e   0x0800d69e   0x00000002   PAD
    0x0800d6a0   0x0800d6a0   0x0000001c   Code   RO         9843    i.qcloud_iot_mqtt_suback_wait_list_clear  mqtt_client_subscribe.o
    0x0800d6bc   0x0800d6bc   0x00000174   Code   RO         9844    i.qcloud_iot_mqtt_subscribe  mqtt_client_subscribe.o
    0x0800d830   0x0800d830   0x000001d4   Code   RO         9845    i.qcloud_iot_mqtt_unsubscribe  mqtt_client_subscribe.o
    0x0800da04   0x0800da04   0x0000003e   Code   RO         9951    i.qcloud_iot_mqtt_wait_for_read  mqtt_client_yield.o
    0x0800da42   0x0800da42   0x00000002   PAD
    0x0800da44   0x0800da44   0x00000150   Code   RO         9952    i.qcloud_iot_mqtt_yield  mqtt_client_yield.o
    0x0800db94   0x0800db94   0x000000d4   Code   RO         8623    i.qcloud_iot_network_init  network_interface.o
    0x0800dc68   0x0800dc68   0x00000028   Code   RO         5136    i.readyqueue_add    tos_sched.o
    0x0800dc90   0x0800dc90   0x00000038   Code   RO         5137    i.readyqueue_add_head  tos_sched.o
    0x0800dcc8   0x0800dcc8   0x0000002c   Code   RO         5138    i.readyqueue_add_tail  tos_sched.o
    0x0800dcf4   0x0800dcf4   0x00000020   Code   RO         5139    i.readyqueue_first_task_get  tos_sched.o
    0x0800dd14   0x0800dd14   0x00000018   Code   RO         5140    i.readyqueue_highest_ready_task_get  tos_sched.o
    0x0800dd2c   0x0800dd2c   0x00000040   Code   RO         5141    i.readyqueue_init   tos_sched.o
    0x0800dd6c   0x0800dd6c   0x00000020   Code   RO         5142    i.readyqueue_is_prio_onlyone  tos_sched.o
    0x0800dd8c   0x0800dd8c   0x00000034   Code   RO         5143    i.readyqueue_move_head_to_tail  tos_sched.o
    0x0800ddc0   0x0800ddc0   0x00000028   Code   RO         5144    i.readyqueue_prio_highest_get  tos_sched.o
    0x0800dde8   0x0800dde8   0x0000003c   Code   RO         5145    i.readyqueue_prio_mark  tos_sched.o
    0x0800de24   0x0800de24   0x00000070   Code   RO         5146    i.readyqueue_remove  tos_sched.o
    0x0800de94   0x0800de94   0x00000060   Code   RO         4751    i.remove_free_block  tos_mmheap.o
    0x0800def4   0x0800def4   0x000000ac   Code   RO         6307    i.robin_sched       tos_robin.o
    0x0800dfa0   0x0800dfa0   0x0000008c   Code   RO         5281    i.sem_do_post       tos_sem.o
    0x0800e02c   0x0800e02c   0x00000054   Code   RO         9673    i.send_mqtt_packet  mqtt_client_common.o
    0x0800e080   0x0800e080   0x00000022   Code   RO         9674    i.set_client_conn_state  mqtt_client_common.o
    0x0800e0a2   0x0800e0a2   0x00000004   Code   RO         5892    i.soft_timer_init   tos_timer.o
    0x0800e0a6   0x0800e0a6   0x00000002   PAD
    0x0800e0a8   0x0800e0a8   0x00000088   Code   RO         5894    i.soft_timer_update  tos_timer.o
    0x0800e130   0x0800e130   0x00000086   Code   RO         5506    i.task_do_destroy   tos_task.o
    0x0800e1b6   0x0800e1b6   0x0000000a   Code   RO         5507    i.task_exit         tos_task.o
    0x0800e1c0   0x0800e1c0   0x00000036   Code   RO         5510    i.task_highest_pending_prio_get  tos_task.o
    0x0800e1f6   0x0800e1f6   0x0000002e   Code   RO         5511    i.task_mutex_release  tos_task.o
    0x0800e224   0x0800e224   0x0000004e   Code   RO         5512    i.task_reset        tos_task.o
    0x0800e272   0x0800e272   0x00000010   Code   RO         5513    i.task_state_is_ready  tos_task.o
    0x0800e282   0x0800e282   0x0000000c   Code   RO         5514    i.task_state_is_sleeping  tos_task.o
    0x0800e28e   0x0800e28e   0x00000024   Code   RO         5731    i.tick_list_add     tos_tick.o
    0x0800e2b2   0x0800e2b2   0x0000001c   Code   RO         5732    i.tick_list_remove  tos_tick.o
    0x0800e2ce   0x0800e2ce   0x00000002   PAD
    0x0800e2d0   0x0800e2d0   0x000000ce   Code   RO         5734    i.tick_task_place   tos_tick.o
    0x0800e39e   0x0800e39e   0x00000002   PAD
    0x0800e3a0   0x0800e3a0   0x00000084   Code   RO         5735    i.tick_task_takeoff  tos_tick.o
    0x0800e424   0x0800e424   0x000000c4   Code   RO         5736    i.tick_update       tos_tick.o
    0x0800e4e8   0x0800e4e8   0x00000090   Code   RO         5896    i.timer_place       tos_timer.o
    0x0800e578   0x0800e578   0x00000074   Code   RO         5898    i.timer_takeoff     tos_timer.o
    0x0800e5ec   0x0800e5ec   0x00000054   Code   RO         7534    i.tos_at_channel_alloc  tos_at.o
    0x0800e640   0x0800e640   0x00000054   Code   RO         7537    i.tos_at_channel_free  tos_at.o
    0x0800e694   0x0800e694   0x00000026   Code   RO         7539    i.tos_at_channel_is_working  tos_at.o
    0x0800e6ba   0x0800e6ba   0x00000060   Code   RO         7541    i.tos_at_channel_read  tos_at.o
    0x0800e71a   0x0800e71a   0x000000d2   Code   RO         7542    i.tos_at_channel_read_timed  tos_at.o
    0x0800e7ec   0x0800e7ec   0x00000026   Code   RO         7543    i.tos_at_channel_set_broken  tos_at.o
    0x0800e812   0x0800e812   0x00000054   Code   RO         7544    i.tos_at_channel_write  tos_at.o
    0x0800e866   0x0800e866   0x000000a8   Code   RO         7545    i.tos_at_cmd_exec   tos_at.o
    0x0800e90e   0x0800e90e   0x000000b0   Code   RO         7546    i.tos_at_cmd_exec_until  tos_at.o
    0x0800e9be   0x0800e9be   0x00000036   Code   RO         7548    i.tos_at_echo_create  tos_at.o
    0x0800e9f4   0x0800e9f4   0x00000018   Code   RO         7550    i.tos_at_global_lock_pend  tos_at.o
    0x0800ea0c   0x0800ea0c   0x00000018   Code   RO         7551    i.tos_at_global_lock_post  tos_at.o
    0x0800ea24   0x0800ea24   0x0000012c   Code   RO         7552    i.tos_at_init       tos_at.o
    0x0800eb50   0x0800eb50   0x0000009c   Code   RO         7554    i.tos_at_raw_data_send_until  tos_at.o
    0x0800ebec   0x0800ebec   0x0000001c   Code   RO         7556    i.tos_at_uart_input_byte  tos_at.o
    0x0800ec08   0x0800ec08   0x00000034   Code   RO         7557    i.tos_at_uart_read  tos_at.o
    0x0800ec3c   0x0800ec3c   0x0000005e   Code   RO         6442    i.tos_chr_fifo_create  tos_char_fifo.o
    0x0800ec9a   0x0800ec9a   0x00000062   Code   RO         6444    i.tos_chr_fifo_destroy  tos_char_fifo.o
    0x0800ecfc   0x0800ecfc   0x0000003c   Code   RO         6449    i.tos_chr_fifo_pop  tos_char_fifo.o
    0x0800ed38   0x0800ed38   0x0000007a   Code   RO         6450    i.tos_chr_fifo_pop_stream  tos_char_fifo.o
    0x0800edb2   0x0800edb2   0x0000003a   Code   RO         6451    i.tos_chr_fifo_push  tos_char_fifo.o
    0x0800edec   0x0800edec   0x00000074   Code   RO         6452    i.tos_chr_fifo_push_stream  tos_char_fifo.o
    0x0800ee60   0x0800ee60   0x0000000c   Code   RO         7078    i.tos_cpu_clz       tos_cpu.o
    0x0800ee6c   0x0800ee6c   0x0000000c   Code   RO         7079    i.tos_cpu_cpsr_restore  tos_cpu.o
    0x0800ee78   0x0800ee78   0x00000008   Code   RO         7080    i.tos_cpu_cpsr_save  tos_cpu.o
    0x0800ee80   0x0800ee80   0x00000032   Code   RO         7474    i.tos_hal_uart_deinit  tos_hal_uart.o
    0x0800eeb2   0x0800eeb2   0x00000002   PAD
    0x0800eeb4   0x0800eeb4   0x00000058   Code   RO         7475    i.tos_hal_uart_init  tos_hal_uart.o
    0x0800ef0c   0x0800ef0c   0x00000040   Code   RO         7477    i.tos_hal_uart_write  tos_hal_uart.o
    0x0800ef4c   0x0800ef4c   0x0000003c   Code   RO         5410    i.tos_knl_init      tos_sys.o
    0x0800ef88   0x0800ef88   0x00000030   Code   RO         5411    i.tos_knl_irq_enter  tos_sys.o
    0x0800efb8   0x0800efb8   0x00000090   Code   RO         5412    i.tos_knl_irq_leave  tos_sys.o
    0x0800f048   0x0800f048   0x00000014   Code   RO         5413    i.tos_knl_is_running  tos_sys.o
    0x0800f05c   0x0800f05c   0x0000005c   Code   RO         5414    i.tos_knl_sched_lock  tos_sys.o
    0x0800f0b8   0x0800f0b8   0x00000060   Code   RO         5415    i.tos_knl_sched_unlock  tos_sys.o
    0x0800f118   0x0800f118   0x00000040   Code   RO         5416    i.tos_knl_start     tos_sys.o
    0x0800f158   0x0800f158   0x0000000e   Code   RO         5515    i.tos_list_add      tos_task.o
    0x0800f166   0x0800f166   0x00000012   Code   RO         5147    i.tos_list_add_tail  tos_sched.o
    0x0800f178   0x0800f178   0x0000000c   Code   RO         5516    i.tos_list_del      tos_task.o
    0x0800f184   0x0800f184   0x0000000c   Code   RO         6168    i.tos_list_del      tos_pend.o
    0x0800f190   0x0800f190   0x00000010   Code   RO         5148    i.tos_list_empty    tos_sched.o
    0x0800f1a0   0x0800f1a0   0x00000010   Code   RO         5517    i.tos_list_empty    tos_task.o
    0x0800f1b0   0x0800f1b0   0x00000010   Code   RO         5737    i.tos_list_empty    tos_tick.o
    0x0800f1c0   0x0800f1c0   0x00000010   Code   RO         6169    i.tos_list_empty    tos_pend.o
    0x0800f1d0   0x0800f1d0   0x00000006   Code   RO         4987    i.tos_list_init     tos_mutex.o
    0x0800f1d6   0x0800f1d6   0x00000006   Code   RO         5518    i.tos_list_init     tos_task.o
    0x0800f1dc   0x0800f1dc   0x00000006   Code   RO         6170    i.tos_list_init     tos_pend.o
    0x0800f1e2   0x0800f1e2   0x00000004   Code   RO         5837    i.tos_millisec2tick  tos_time.o
    0x0800f1e6   0x0800f1e6   0x00000030   Code   RO         4753    i.tos_mmheap_alloc  tos_mmheap.o
    0x0800f216   0x0800f216   0x00000030   Code   RO         4756    i.tos_mmheap_free   tos_mmheap.o
    0x0800f246   0x0800f246   0x00000002   PAD
    0x0800f248   0x0800f248   0x000000bc   Code   RO         4757    i.tos_mmheap_pool_add  tos_mmheap.o
    0x0800f304   0x0800f304   0x0000005e   Code   RO         4988    i.tos_mutex_create  tos_mutex.o
    0x0800f362   0x0800f362   0x0000009e   Code   RO         4990    i.tos_mutex_destroy  tos_mutex.o
    0x0800f400   0x0800f400   0x00000012   Code   RO         4992    i.tos_mutex_pend    tos_mutex.o
    0x0800f412   0x0800f412   0x00000002   PAD
    0x0800f414   0x0800f414   0x0000012c   Code   RO         4993    i.tos_mutex_pend_timed  tos_mutex.o
    0x0800f540   0x0800f540   0x000000f0   Code   RO         4994    i.tos_mutex_post    tos_mutex.o
    0x0800f630   0x0800f630   0x0000005a   Code   RO         6855    i.tos_ring_q_create  tos_ring_queue.o
    0x0800f68a   0x0800f68a   0x000000b6   Code   RO         6857    i.tos_ring_q_dequeue  tos_ring_queue.o
    0x0800f740   0x0800f740   0x00000060   Code   RO         6858    i.tos_ring_q_destroy  tos_ring_queue.o
    0x0800f7a0   0x0800f7a0   0x000000b8   Code   RO         6860    i.tos_ring_q_enqueue  tos_ring_queue.o
    0x0800f858   0x0800f858   0x00000052   Code   RO         6862    i.tos_ring_q_is_empty  tos_ring_queue.o
    0x0800f8aa   0x0800f8aa   0x00000056   Code   RO         6863    i.tos_ring_q_is_full  tos_ring_queue.o
    0x0800f900   0x0800f900   0x00000028   Code   RO         7771    i.tos_sal_module_close  sal_module_wrapper.o
    0x0800f928   0x0800f928   0x00000030   Code   RO         7772    i.tos_sal_module_connect  sal_module_wrapper.o
    0x0800f958   0x0800f958   0x00000024   Code   RO         7774    i.tos_sal_module_init  sal_module_wrapper.o
    0x0800f97c   0x0800f97c   0x00000030   Code   RO         7775    i.tos_sal_module_parse_domain  sal_module_wrapper.o
    0x0800f9ac   0x0800f9ac   0x0000003c   Code   RO         7777    i.tos_sal_module_recv_timeout  sal_module_wrapper.o
    0x0800f9e8   0x0800f9e8   0x0000001c   Code   RO         7780    i.tos_sal_module_register  sal_module_wrapper.o
    0x0800fa04   0x0800fa04   0x00000030   Code   RO         7782    i.tos_sal_module_send  sal_module_wrapper.o
    0x0800fa34   0x0800fa34   0x00000014   Code   RO         5282    i.tos_sem_create    tos_sem.o
    0x0800fa48   0x0800fa48   0x0000004a   Code   RO         5284    i.tos_sem_create_max  tos_sem.o
    0x0800fa92   0x0800fa92   0x0000007c   Code   RO         5286    i.tos_sem_destroy   tos_sem.o
    0x0800fb0e   0x0800fb0e   0x00000002   PAD
    0x0800fb10   0x0800fb10   0x000000d4   Code   RO         5288    i.tos_sem_pend      tos_sem.o
    0x0800fbe4   0x0800fbe4   0x0000000e   Code   RO         5289    i.tos_sem_post      tos_sem.o
    0x0800fbf2   0x0800fbf2   0x0000004c   Code   RO         6936    i.tos_stopwatch_countdown  tos_stopwatch.o
    0x0800fc3e   0x0800fc3e   0x00000028   Code   RO         6938    i.tos_stopwatch_create  tos_stopwatch.o
    0x0800fc66   0x0800fc66   0x00000026   Code   RO         6939    i.tos_stopwatch_delay  tos_stopwatch.o
    0x0800fc8c   0x0800fc8c   0x00000040   Code   RO         6941    i.tos_stopwatch_destroy  tos_stopwatch.o
    0x0800fccc   0x0800fccc   0x00000046   Code   RO         6942    i.tos_stopwatch_is_expired  tos_stopwatch.o
    0x0800fd12   0x0800fd12   0x00000056   Code   RO         6943    i.tos_stopwatch_remain  tos_stopwatch.o
    0x0800fd68   0x0800fd68   0x00000028   Code   RO         5840    i.tos_systick_get   tos_time.o
    0x0800fd90   0x0800fd90   0x00000172   Code   RO         5519    i.tos_task_create   tos_task.o
    0x0800ff02   0x0800ff02   0x00000002   PAD
    0x0800ff04   0x0800ff04   0x00000074   Code   RO         5524    i.tos_task_destroy  tos_task.o
    0x0800ff78   0x0800ff78   0x00000100   Code   RO         5528    i.tos_task_prio_change  tos_task.o
    0x08010078   0x08010078   0x00000034   Code   RO         5738    i.tos_tick_handler  tos_tick.o
    0x080100ac   0x080100ac   0x00000024   Code   RO         1002    i.usr_data_template_action_input_value_get  data_template_config.o
    0x080100d0   0x080100d0   0x00000090   Code   RO         1003    i.usr_data_template_action_parse  data_template_config.o
    0x08010160   0x08010160   0x0000007a   Code   RO         1004    i.usr_data_template_action_reply  data_template_config.o
    0x080101da   0x080101da   0x00000002   PAD
    0x080101dc   0x080101dc   0x00000050   Code   RO         1005    i.usr_data_template_event_post  data_template_config.o
    0x0801022c   0x0801022c   0x00000010   Code   RO         1006    i.usr_data_template_init  data_template_config.o
    0x0801023c   0x0801023c   0x00000014   Code   RO         1007    i.usr_data_template_property_parse  data_template_config.o
    0x08010250   0x08010250   0x00000084   Code   RO         1008    i.usr_data_template_property_report  data_template_config.o
    0x080102d4   0x080102d4   0x00000070   Code   RO         1011    i.usr_data_template_property_struct_value_set  data_template_config.o
    0x08010344   0x08010344   0x00000060   Code   RO         1013    i.usr_data_template_property_value_set  data_template_config.o
    0x080103a4   0x080103a4   0x000000b6   Code   RO         8002    i.utils_base64decode  utils_base64.o
    0x0801045a   0x0801045a   0x00000070   Code   RO         8038    i.utils_hmac_sha1   utils_hmac.o
    0x080104ca   0x080104ca   0x00000002   PAD
    0x080104cc   0x080104cc   0x000000fc   Code   RO         8413    i.utils_json_value_data_get  utils_json.o
    0x080105c8   0x080105c8   0x00000096   Code   RO         8414    i.utils_json_value_get  utils_json.o
    0x0801065e   0x0801065e   0x00000050   Code   RO         8508    i.utils_list_create  utils_list.o
    0x080106ae   0x080106ae   0x00000042   Code   RO         8509    i.utils_list_destroy  utils_list.o
    0x080106f0   0x080106f0   0x00000008   Code   RO         8510    i.utils_list_len_get  utils_list.o
    0x080106f8   0x080106f8   0x00000086   Code   RO         8512    i.utils_list_process  utils_list.o
    0x0801077e   0x0801077e   0x00000070   Code   RO         8513    i.utils_list_push   utils_list.o
    0x080107ee   0x080107ee   0x0000001e   Code   RO         8514    i.utils_list_remove  utils_list.o
    0x0801080c   0x0801080c   0x00000034   Code   RO         8572    i.utils_log_deinit  utils_log.o
    0x08010840   0x08010840   0x00000130   Code   RO         8573    i.utils_log_gen     utils_log.o
    0x08010970   0x08010970   0x0000007c   Code   RO         8575    i.utils_log_init    utils_log.o
    0x080109ec   0x080109ec   0x000000ee   Code   RO         8136    i.utils_sha1_finish  utils_sha1.o
    0x08010ada   0x08010ada   0x0000000e   Code   RO         8139    i.utils_sha1_init   utils_sha1.o
    0x08010ae8   0x08010ae8   0x0000191c   Code   RO         8140    i.utils_sha1_process  utils_sha1.o
    0x08012404   0x08012404   0x0000002c   Code   RO         8141    i.utils_sha1_starts  utils_sha1.o
    0x08012430   0x08012430   0x0000007c   Code   RO         8142    i.utils_sha1_update  utils_sha1.o
    0x080124ac   0x080124ac   0x00006720   Data   RO          370    .constdata          mcu_init.o
    0x08018bcc   0x08018bcc   0x000000a0   Data   RO          789    .constdata          data_template_app.o
    0x08018c6c   0x08018c6c   0x00000027   Data   RO         1015    .constdata          data_template_config.o
    0x08018c93   0x08018c93   0x00000001   PAD
    0x08018c94   0x08018c94   0x00000048   Data   RO         4381    .constdata          system_stm32l4xx.o
    0x08018cdc   0x08018cdc   0x00004bb4   Data   RO         4476    .constdata          lcd_spi2_drv.o
    0x0801d890   0x0801d890   0x00000008   Data   RO         6129    .constdata          tos_global.o
    0x0801d898   0x0801d898   0x000000c0   Data   RO         8004    .constdata          utils_base64.o
    0x0801d958   0x0801d958   0x00000040   Data   RO         8144    .constdata          utils_sha1.o
    0x0801d998   0x0801d998   0x00000010   Data   RO         8415    .constdata          utils_json.o
    0x0801d9a8   0x0801d9a8   0x0000006a   Data   RO         8624    .constdata          network_interface.o
    0x0801da12   0x0801da12   0x0000001e   Data   RO         8694    .constdata          hal_device_tos.o
    0x0801da30   0x0801da30   0x00000178   Data   RO         9563    .constdata          mqtt_client.o
    0x0801dba8   0x0801dba8   0x00000013   Data   RO         9675    .constdata          mqtt_client_common.o
    0x0801dbbb   0x0801dbbb   0x0000004e   Data   RO         9715    .constdata          mqtt_client_connect.o
    0x0801dc09   0x0801dc09   0x00000040   Data   RO         9767    .constdata          mqtt_client_publish.o
    0x0801dc49   0x0801dc49   0x00000003   PAD
    0x0801dc4c   0x0801dc4c   0x000000a8   Data   RO         9846    .constdata          mqtt_client_subscribe.o
    0x0801dcf4   0x0801dcf4   0x0000005e   Data   RO         9953    .constdata          mqtt_client_yield.o
    0x0801dd52   0x0801dd52   0x000000fc   Data   RO        10158    .constdata          data_template_client.o
    0x0801de4e   0x0801de4e   0x00000002   PAD
    0x0801de50   0x0801de50   0x00000030   Data   RO        10222    .constdata          data_template_event.o
    0x0801de80   0x0801de80   0x00000044   Data   RO        10245    .constdata          data_template_mqtt.o
    0x0801dec4   0x0801dec4   0x00000060   Data   RO        10278    .constdata          data_template_property.o
    0x0801df24   0x0801df24   0x00000081   Data   RO        10800    .constdata          mc_w.l(ctype_o.o)
    0x0801dfa5   0x0801dfa5   0x00000003   PAD
    0x0801dfa8   0x0801dfa8   0x00000004   Data   RO        10801    .constdata          mc_w.l(ctype_o.o)
    0x0801dfac   0x0801dfac   0x00000095   Data   RO          790    .conststring        data_template_app.o
    0x0801e041   0x0801e041   0x00000003   PAD
    0x0801e044   0x0801e044   0x000000ae   Data   RO         1016    .conststring        data_template_config.o
    0x0801e0f2   0x0801e0f2   0x00000002   PAD
    0x0801e0f4   0x0801e0f4   0x0000000c   Data   RO         7889    .conststring        esp8266.o
    0x0801e100   0x0801e100   0x00000014   Data   RO         8578    .conststring        utils_log.o
    0x0801e114   0x0801e114   0x00000062   Data   RO         8625    .conststring        network_interface.o
    0x0801e176   0x0801e176   0x00000002   PAD
    0x0801e178   0x0801e178   0x00000065   Data   RO         8695    .conststring        hal_device_tos.o
    0x0801e1dd   0x0801e1dd   0x00000003   PAD
    0x0801e1e0   0x0801e1e0   0x00000067   Data   RO         9564    .conststring        mqtt_client.o
    0x0801e247   0x0801e247   0x00000001   PAD
    0x0801e248   0x0801e248   0x0000006e   Data   RO         9676    .conststring        mqtt_client_common.o
    0x0801e2b6   0x0801e2b6   0x00000002   PAD
    0x0801e2b8   0x0801e2b8   0x0000006f   Data   RO         9716    .conststring        mqtt_client_connect.o
    0x0801e327   0x0801e327   0x00000001   PAD
    0x0801e328   0x0801e328   0x0000006f   Data   RO         9768    .conststring        mqtt_client_publish.o
    0x0801e397   0x0801e397   0x00000001   PAD
    0x0801e398   0x0801e398   0x00000071   Data   RO         9847    .conststring        mqtt_client_subscribe.o
    0x0801e409   0x0801e409   0x00000003   PAD
    0x0801e40c   0x0801e40c   0x0000006d   Data   RO         9954    .conststring        mqtt_client_yield.o
    0x0801e479   0x0801e479   0x00000003   PAD
    0x0801e47c   0x0801e47c   0x00000047   Data   RO        10129    .conststring        data_template_action.o
    0x0801e4c3   0x0801e4c3   0x00000001   PAD
    0x0801e4c4   0x0801e4c4   0x00000074   Data   RO        10159    .conststring        data_template_client.o
    0x0801e538   0x0801e538   0x00000070   Data   RO        10223    .conststring        data_template_event.o
    0x0801e5a8   0x0801e5a8   0x0000008d   Data   RO        10246    .conststring        data_template_mqtt.o
    0x0801e635   0x0801e635   0x00000003   PAD
    0x0801e638   0x0801e638   0x0000010d   Data   RO        10279    .conststring        data_template_property.o
    0x0801e745   0x0801e745   0x00000003   PAD
    0x0801e748   0x0801e748   0x00000020   Data   RO        10868    Region$$Table       anon$$obj.o


    Execution Region RW_IRAM1 (Exec base: 0x20000000, Load base: 0x0801e768, Size: 0x0000b920, Max: 0x00010000, ABSOLUTE, COMPRESSED[0x000000d0])

    Exec Addr    Load Addr    Size         Type   Attr      Idx    E Section Name        Object

    0x20000000   COMPRESSED   0x00000002   Data   RW          458    .data               usart.o
    0x20000002   COMPRESSED   0x00000002   PAD
    0x20000004   COMPRESSED   0x00000008   Data   RW          791    .data               data_template_app.o
    0x2000000c   COMPRESSED   0x0000001c   Data   RW         1017    .data               data_template_config.o
    0x20000028   COMPRESSED   0x00000009   Data   RW         1678    .data               stm32l4xx_hal.o
    0x20000031   COMPRESSED   0x00000003   PAD
    0x20000034   COMPRESSED   0x00000004   Data   RW         4382    .data               system_stm32l4xx.o
    0x20000038   COMPRESSED   0x00000050   Data   RW         6130    .data               tos_global.o
    0x20000088   COMPRESSED   0x00000004   Data   RW         7784    .data               sal_module_wrapper.o
    0x2000008c   COMPRESSED   0x00000044   Data   RW         7890    .data               esp8266.o
    0x200000d0   COMPRESSED   0x00000038   Data   RW         8416    .data               utils_json.o
    0x20000108   COMPRESSED   0x00000021   Data   RW         8579    .data               utils_log.o
    0x20000129   COMPRESSED   0x0000007d   Data   RW         8696    .data               hal_device_tos.o
    0x200001a6   COMPRESSED   0x00000002   PAD
    0x200001a8   COMPRESSED   0x00000004   Data   RW        10224    .data               data_template_event.o
    0x200001ac   COMPRESSED   0x00000004   Data   RW        10280    .data               data_template_property.o
    0x200001b0   COMPRESSED   0x00000004   Data   RW        10456    .data               mc_w.l(stdout.o)
    0x200001b4   COMPRESSED   0x00000004   Data   RW        10460    .data               mc_w.l(rand.o)
    0x200001b8        -       0x00001088   Zero   RW          158    .bss                main.o
    0x20001240        -       0x00000210   Zero   RW          457    .bss                usart.o
    0x20001450        -       0x00000064   Zero   RW          527    .bss                adc.o
    0x200014b4        -       0x0000004c   Zero   RW          569    .bss                i2c.o
    0x20001500        -       0x0000012c   Zero   RW          613    .bss                spi.o
    0x2000162c        -       0x0000019e   Zero   RW         1014    .bss                data_template_config.o
    0x200017ca        -       0x00000480   Zero   RW         4475    .bss                lcd_spi2_drv.o
    0x20001c4a   COMPRESSED   0x00000006   PAD
    0x20001c50        -       0x00008f64   Zero   RW         6128    .bss                tos_global.o
    0x2000abb4   COMPRESSED   0x00000004   PAD
    0x2000abb8        -       0x00000c40   Zero   RW         7888    .bss                esp8266.o
    0x2000b7f8        -       0x00000028   Zero   RW         8577    .bss                utils_log.o
    0x2000b820        -       0x00000100   Zero   RW            1    STACK               startup_stm32l431xx.o


==============================================================================

Image component sizes


      Code (inc. data)   RO Data    RW Data    ZI Data      Debug   Object Name

       244         26          0          0        100       2173   adc.o
        28          4          0          0          0        594   bh1750.o
         0          0          0          0          0        416   cmsis_os.o
        60          4         71          0          0       2413   data_template_action.o
      2236        922        309          8          0      22572   data_template_app.o
      1080        368        368          0          0      15655   data_template_client.o
      2000        448        213         28        414      16130   data_template_config.o
       100         14        160          4          0       2990   data_template_event.o
       530        126        209          0          0       7018   data_template_mqtt.o
      1028        402        365          4          0       4922   data_template_property.o
      2304        752         12         68       3136      18321   esp8266.o
       248         18          0          0          0     672491   gpio.o
       242         84        131        125          0       4894   hal_device_tos.o
       230          4          0          0          0       7359   hal_os_tos.o
       194         16          0          0          0       4654   hal_tcp_tos.o
       174          0          0          0          0       5716   hal_timer_tos.o
       212         28          0          0         76       2093   i2c.o
      1720         74      19380          0       1152      11341   lcd_spi2_drv.o
       132         74          0          0       4232      21267   main.o
       398         36      26400          0          0       3196   mcu_init.o
      4190       1400        479          0          0      25959   mqtt_client.o
       400         46        129          0          0       5223   mqtt_client_common.o
      1028        132        189          0          0       7853   mqtt_client_connect.o
      1526        246        175          0          0      12899   mqtt_client_publish.o
      2900        500        281          0          0      19847   mqtt_client_subscribe.o
      2220        424        203          0          0      13940   mqtt_client_yield.o
       788          0          0          0          0      12625   mqtt_packet_deserialize.o
      1342         16          0          0          0      19044   mqtt_packet_serialize.o
       938        436        204          0          0       9102   network_interface.o
       106          8          0          0          0      32413   port_c.o
       236         10          0          0          0        440   port_s.o
       308         32          0          4          0       8966   sal_module_wrapper.o
       672         50          0          0        300       3675   spi.o
        36          8        396          0        256        908   startup_stm32l431xx.o
       194         32          0          9          0      13697   stm32l4xx_hal.o
      1878         82          0          0          0      60707   stm32l4xx_hal_adc.o
       378         28          0          0          0      36281   stm32l4xx_hal_cortex.o
       182          0          0          0          0       2259   stm32l4xx_hal_dma.o
       776         56          0          0          0       5186   stm32l4xx_hal_gpio.o
      1062         16          0          0          0       9481   stm32l4xx_hal_i2c.o
       210          0          0          0          0       2455   stm32l4xx_hal_i2c_ex.o
        64          6          0          0          0       1126   stm32l4xx_hal_msp.o
        20          6          0          0          0        663   stm32l4xx_hal_pwr.o
       156         18          0          0          0       1590   stm32l4xx_hal_pwr_ex.o
      2752        108          0          0          0       8488   stm32l4xx_hal_rcc.o
      1316         32          0          0          0       4049   stm32l4xx_hal_rcc_ex.o
      1296         12          0          0          0       6354   stm32l4xx_hal_spi.o
      3092         70          0          0          0      17315   stm32l4xx_hal_uart.o
         2          0          0          0          0       1352   stm32l4xx_hal_uart_ex.o
       186         36          0          0          0       9373   stm32l4xx_it_module.o
        80         12         72          4          0       1609   system_stm32l4xx.o
      2918         78          0          0          0      28488   tos_at.o
       568          0          0          0          0       7033   tos_char_fifo.o
       330         14          0          0          0       6507   tos_cpu.o
         0          0          8         80      36708       1750   tos_global.o
       202         18          0          0          0       3391   tos_hal_uart.o
      1512         30          0          0          0      26495   tos_mmheap.o
       974          6          0          0          0      19020   tos_mutex.o
       528          0          0          0          0      15620   tos_pend.o
       740          0          0          0          0       7570   tos_ring_queue.o
       172          8          0          0          0       1282   tos_robin.o
       606         50          0          0          0      17491   tos_sched.o
       604          4          0          0          0      10126   tos_sem.o
       390          0          0          0          0      11233   tos_stopwatch.o
       778        102          0          0          0       9565   tos_sys.o
      1156         18          0          0          0      18508   tos_task.o
       666         24          0          0          0      12456   tos_tick.o
        44          6          0          0          0       1274   tos_time.o
       400         22          0          0          0      11134   tos_timer.o
       920         92          0          2        528       8329   usart.o
       410          8        192          0          0       4949   utils_base64.o
       312          0          0          0          0       3770   utils_hmac.o
      1464        104         16         56          0      17027   utils_json.o
       532          0          0          0          0       9829   utils_list.o
       508         88         20         33         40       4758   utils_log.o
         0          0          0          0          0       1456   utils_md5.o
      6848         40         64          0          0       7391   utils_sha1.o

    ----------------------------------------------------------------------
     67196       7934      50112        432      46952    1447546   Object Totals
         0          0         32          0          0          0   (incl. Generated)
       120          0         34          7         10          0   (incl. Padding)

    ----------------------------------------------------------------------

      Code (inc. data)   RO Data    RW Data    ZI Data      Debug   Library Member Name

        56          8          0          0          0         84   __0sscanf.o
        86          0          0          0          0          0   __dczerorl2.o
        28          0          0          0          0         68   _chval.o
       818          4          0          0          0        112   _scanf.o
       338          0          0          0          0         96   _scanf_int.o
       348          0          0          0          0        100   _scanf_longlong.o
       230          0          0          0          0         96   _scanf_str.o
        64          0          0          0          0         84   _sgetc.o
         8          4        133          0          0         68   ctype_o.o
         0          0          0          0          0          0   entry.o
         0          0          0          0          0          0   entry10a.o
         0          0          0          0          0          0   entry11a.o
         8          4          0          0          0          0   entry2.o
         4          0          0          0          0          0   entry5.o
         0          0          0          0          0          0   entry7b.o
         0          0          0          0          0          0   entry8b.o
         8          4          0          0          0          0   entry9a.o
        30          0          0          0          0          0   handlers.o
        36          8          0          0          0         68   init.o
        18          0          0          0          0         76   isspace_o.o
         0          0          0          0          0          0   iusefp.o
        30          0          0          0          0         68   llshl.o
        36          0          0          0          0         68   llsshr.o
        32          0          0          0          0         68   llushr.o
        64          0          0          0          0         76   memmovea.o
        36          0          0          0          0        108   memseta.o
      2400        106          0          0          0        752   printfa.o
        36         10          0          4          0        136   rand.o
        40          8          0          0          0         84   scanf_char.o
       884         12          0          0          0        216   scanf_fp.o
         0          0          0          4          0          0   stdout.o
        20          0          0          0          0         68   strchr.o
        28          0          0          0          0         76   strcmp.o
        14          0          0          0          0         68   strlen.o
        40          0          0          0          0         76   strncat.o
        30          0          0          0          0         80   strncmp.o
        24          0          0          0          0         76   strncpy.o
        32          0          0          0          0         68   strrchr.o
        36          0          0          0          0         80   strstr.o
        44          0          0          0          0         80   uidiv.o
       104          0          0          0          0         92   uldiv.o
        48          0          0          0          0         68   cdrcmple.o
        56          0          0          0          0         88   d2f.o
       350          0          0          0          0        148   dadd.o
       222          0          0          0          0        100   ddiv.o
       186          0          0          0          0        176   depilogue.o
        48          0          0          0          0         68   dfixul.o
        24          0          0          0          0         76   dfltul.o
       234          0          0          0          0         96   dmul.o
        38          0          0          0          0         68   f2d.o
       110          0          0          0          0        168   fepilogue.o

    ----------------------------------------------------------------------
      7332        168        136          8          0       4248   Library Totals
         6          0          3          0          0          0   (incl. Padding)

    ----------------------------------------------------------------------

      Code (inc. data)   RO Data    RW Data    ZI Data      Debug   Library Name

      6010        168        133          8          0       3192   mc_w.l
      1316          0          0          0          0       1056   mf_w.l

    ----------------------------------------------------------------------
      7332        168        136          8          0       4248   Library Totals

    ----------------------------------------------------------------------

==============================================================================


      Code (inc. data)   RO Data    RW Data    ZI Data      Debug   

     74528       8102      50248        440      46952    1394538   Grand Totals
     74528       8102      50248        208      46952    1394538   ELF Image Totals (compressed)
     74528       8102      50248        208          0          0   ROM Totals

==============================================================================

    Total RO  Size (Code + RO Data)               124776 ( 121.85kB)
    Total RW  Size (RW Data + ZI Data)             47392 (  46.28kB)
    Total ROM Size (Code + RO Data + RW Data)     124984 ( 122.05kB)

==============================================================================

