Archive member included to satisfy reference by file (symbol)

d:/1softinstallpath/mounriver/mounriver_studio/toolchain/risc-v embedded gcc/bin/../lib/gcc/riscv-none-embed/8.2.0/rv32imafc/ilp32f\libgcc.a(_divdi3.o)
                              ./platform/hal/wch/ch32v30xx/tos_hal_sd.o (__divdi3)
d:/1softinstallpath/mounriver/mounriver_studio/toolchain/risc-v embedded gcc/bin/../lib/gcc/riscv-none-embed/8.2.0/rv32imafc/ilp32f\libgcc.a(_udivdi3.o)
                              ./kernel/core/tos_stopwatch.o (__udivdi3)
d:/1softinstallpath/mounriver/mounriver_studio/toolchain/risc-v embedded gcc/bin/../lib/gcc/riscv-none-embed/8.2.0/rv32imafc/ilp32f\libgcc.a(adddf3.o)
                              ./User/mpu6050.o (__adddf3)
d:/1softinstallpath/mounriver/mounriver_studio/toolchain/risc-v embedded gcc/bin/../lib/gcc/riscv-none-embed/8.2.0/rv32imafc/ilp32f\libgcc.a(divdf3.o)
                              ./User/ADC01_demo.o (__divdf3)
d:/1softinstallpath/mounriver/mounriver_studio/toolchain/risc-v embedded gcc/bin/../lib/gcc/riscv-none-embed/8.2.0/rv32imafc/ilp32f\libgcc.a(fixunsdfsi.o)
                              ./User/ADC01_demo.o (__fixunsdfsi)
d:/1softinstallpath/mounriver/mounriver_studio/toolchain/risc-v embedded gcc/bin/../lib/gcc/riscv-none-embed/8.2.0/rv32imafc/ilp32f\libgcc.a(floatsidf.o)
                              ./User/ADC01_demo.o (__floatsidf)
d:/1softinstallpath/mounriver/mounriver_studio/toolchain/risc-v embedded gcc/bin/../lib/gcc/riscv-none-embed/8.2.0/rv32imafc/ilp32f\libgcc.a(truncdfsf2.o)
                              ./User/mpu6050.o (__truncdfsf2)
d:/1softinstallpath/mounriver/mounriver_studio/toolchain/risc-v embedded gcc/bin/../lib/gcc/riscv-none-embed/8.2.0/rv32imafc/ilp32f\libgcc.a(_clz.o)
                              d:/1softinstallpath/mounriver/mounriver_studio/toolchain/risc-v embedded gcc/bin/../lib/gcc/riscv-none-embed/8.2.0/rv32imafc/ilp32f\libgcc.a(_divdi3.o) (__clz_tab)
d:/1softinstallpath/mounriver/mounriver_studio/toolchain/risc-v embedded gcc/bin/../lib/gcc/riscv-none-embed/8.2.0/rv32imafc/ilp32f\libgcc.a(_clzsi2.o)
                              d:/1softinstallpath/mounriver/mounriver_studio/toolchain/risc-v embedded gcc/bin/../lib/gcc/riscv-none-embed/8.2.0/rv32imafc/ilp32f\libgcc.a(adddf3.o) (__clzsi2)
d:/1softinstallpath/mounriver/mounriver_studio/toolchain/risc-v embedded gcc/bin/../lib/gcc/riscv-none-embed/8.2.0/../../../../riscv-none-embed/lib/rv32imafc/ilp32f\libg_nano.a(lib_a-atoi.o)
                              ./c-sdk/services/common/http_client/src/http_client.o (atoi)
d:/1softinstallpath/mounriver/mounriver_studio/toolchain/risc-v embedded gcc/bin/../lib/gcc/riscv-none-embed/8.2.0/../../../../riscv-none-embed/lib/rv32imafc/ilp32f\libg_nano.a(lib_a-fflush.o)
                              ./c-sdk/platform/os/TencentOS-Tiny/HAL_OS_tos.o (fflush)
d:/1softinstallpath/mounriver/mounriver_studio/toolchain/risc-v embedded gcc/bin/../lib/gcc/riscv-none-embed/8.2.0/../../../../riscv-none-embed/lib/rv32imafc/ilp32f\libg_nano.a(lib_a-findfp.o)
                              d:/1softinstallpath/mounriver/mounriver_studio/toolchain/risc-v embedded gcc/bin/../lib/gcc/riscv-none-embed/8.2.0/../../../../riscv-none-embed/lib/rv32imafc/ilp32f\libg_nano.a(lib_a-fflush.o) (__sinit)
d:/1softinstallpath/mounriver/mounriver_studio/toolchain/risc-v embedded gcc/bin/../lib/gcc/riscv-none-embed/8.2.0/../../../../riscv-none-embed/lib/rv32imafc/ilp32f\libg_nano.a(lib_a-fwalk.o)
                              d:/1softinstallpath/mounriver/mounriver_studio/toolchain/risc-v embedded gcc/bin/../lib/gcc/riscv-none-embed/8.2.0/../../../../riscv-none-embed/lib/rv32imafc/ilp32f\libg_nano.a(lib_a-findfp.o) (_fwalk)
d:/1softinstallpath/mounriver/mounriver_studio/toolchain/risc-v embedded gcc/bin/../lib/gcc/riscv-none-embed/8.2.0/../../../../riscv-none-embed/lib/rv32imafc/ilp32f\libg_nano.a(lib_a-impure.o)
                              d:/1softinstallpath/mounriver/mounriver_studio/toolchain/risc-v embedded gcc/bin/../lib/gcc/riscv-none-embed/8.2.0/../../../../riscv-none-embed/lib/rv32imafc/ilp32f\libg_nano.a(lib_a-fflush.o) (_global_impure_ptr)
d:/1softinstallpath/mounriver/mounriver_studio/toolchain/risc-v embedded gcc/bin/../lib/gcc/riscv-none-embed/8.2.0/../../../../riscv-none-embed/lib/rv32imafc/ilp32f\libg_nano.a(lib_a-memcmp.o)
                              ./fs/kv/tos_kv.o (memcmp)
d:/1softinstallpath/mounriver/mounriver_studio/toolchain/risc-v embedded gcc/bin/../lib/gcc/riscv-none-embed/8.2.0/../../../../riscv-none-embed/lib/rv32imafc/ilp32f\libg_nano.a(lib_a-memcpy.o)
                              ./net/tencent_firmware_module_wrapper/tencent_firmware_module_wrapper.o (memcpy)
d:/1softinstallpath/mounriver/mounriver_studio/toolchain/risc-v embedded gcc/bin/../lib/gcc/riscv-none-embed/8.2.0/../../../../riscv-none-embed/lib/rv32imafc/ilp32f\libg_nano.a(lib_a-memmove.o)
                              ./c-sdk/services/common/log_upload/src/log_buffer.o (memmove)
[...]
Memory Configuration

Name             Origin             Length             Attributes
FLASH            0x0000000000000000 0x0000000000040000 xr
RAM              0x0000000020000000 0x0000000000010000 xrw
*default*        0x0000000000000000 0xffffffffffffffff

Linker script and memory map

LOAD ./platform/hal/wch/ch32v30xx/tos_hal_sd.o
LOAD ./platform/hal/wch/ch32v30xx/tos_hal_uart.o
LOAD ./net/tencent_firmware_module_wrapper/tencent_firmware_module_wrapper.o
LOAD ./net/sal_module_wrapper/sal_module_wrapper.o
LOAD ./net/at/src/tos_at.o
LOAD ./kernel/core/tos_barrier.o
LOAD ./kernel/core/tos_binary_heap.o
LOAD ./kernel/core/tos_bitmap.o
LOAD ./kernel/core/tos_char_fifo.o
LOAD ./kernel/core/tos_completion.o
LOAD ./kernel/core/tos_countdownlatch.o
LOAD ./kernel/core/tos_event.o
LOAD ./kernel/core/tos_global.o
LOAD ./kernel/core/tos_mail_queue.o
LOAD ./kernel/core/tos_message_queue.o
LOAD ./kernel/core/tos_mmblk.o
LOAD ./kernel/core/tos_mmheap.o
LOAD ./kernel/core/tos_mutex.o
LOAD ./kernel/core/tos_pend.o
LOAD ./kernel/core/tos_priority_mail_queue.o
LOAD ./kernel/core/tos_priority_message_queue.o
LOAD ./kernel/core/tos_priority_queue.o
LOAD ./kernel/core/tos_ring_queue.o
LOAD ./kernel/core/tos_robin.o
LOAD ./kernel/core/tos_rwlock.o
LOAD ./kernel/core/tos_sched.o
LOAD ./kernel/core/tos_sem.o
LOAD ./kernel/core/tos_stopwatch.o
LOAD ./kernel/core/tos_sys.o
LOAD ./kernel/core/tos_task.o
LOAD ./kernel/core/tos_tick.o
LOAD ./kernel/core/tos_time.o
LOAD ./kernel/core/tos_timer.o
LOAD ./fs/vfs/tos_vfs.o
LOAD ./fs/vfs/tos_vfs_device.o
LOAD ./fs/vfs/tos_vfs_file.o
LOAD ./fs/vfs/tos_vfs_fs.o
LOAD ./fs/vfs/tos_vfs_inode.o
LOAD ./fs/kv/tos_kv.o
LOAD ./fs/fatfs/tos_diskio.o
LOAD ./fs/fatfs/tos_fatfs_drv.o
LOAD ./fs/fatfs/tos_fatfs_vfs.o
LOAD ./fs/fatfs/tos_ff.o
LOAD ./fs/fatfs/tos_ffsystem.o
LOAD ./fs/fatfs/tos_ffunicode.o
LOAD ./examples/mqtt_iot_explorer.o
LOAD ./devices/esp8266_tencent_firmware/esp8266_tencent_firmware.o
LOAD ./devices/esp8266/esp8266.o
LOAD ./c-sdk/services/explorer/service_mqtt/src/file_manage/file_manage.o
LOAD ./c-sdk/services/explorer/service_mqtt/src/sevice_mqtt.o
LOAD ./c-sdk/services/explorer/data_template/src/data_template_action.o
LOAD ./c-sdk/services/explorer/data_template/src/data_template_client.o
LOAD ./c-sdk/services/explorer/data_template/src/data_template_event.o
LOAD ./c-sdk/services/explorer/data_template/src/data_template_mqtt.o
LOAD ./c-sdk/services/explorer/data_template/src/data_template_property.o
LOAD ./c-sdk/services/common/system/src/system_mqtt.o
LOAD ./c-sdk/services/common/ota/src/ota_mqtt.o
LOAD ./c-sdk/services/common/mqtt_client/src/mqtt_client.o
LOAD ./c-sdk/services/common/mqtt_client/src/mqtt_client_common.o
LOAD ./c-sdk/services/common/mqtt_client/src/mqtt_client_connect.o
LOAD ./c-sdk/services/common/mqtt_client/src/mqtt_client_publish.o
LOAD ./c-sdk/services/common/mqtt_client/src/mqtt_client_subscribe.o
LOAD ./c-sdk/services/common/mqtt_client/src/mqtt_client_yield.o
LOAD ./c-sdk/services/common/log_upload/src/log_buffer.o
LOAD ./c-sdk/services/common/log_upload/src/log_mqtt.o
LOAD ./c-sdk/services/common/log_upload/src/log_upload.o
LOAD ./c-sdk/services/common/http_signed/src/http_signed.o
LOAD ./c-sdk/services/common/http_client/src/http_client.o
LOAD ./c-sdk/services/common/cos/src/cos_download.o
LOAD ./c-sdk/platform/os/TencentOS-Tiny/HAL_Device_tos.o
LOAD ./c-sdk/platform/os/TencentOS-Tiny/HAL_File_tos.o
LOAD ./c-sdk/platform/os/TencentOS-Tiny/HAL_OS_tos.o
LOAD ./c-sdk/platform/os/TencentOS-Tiny/HAL_TCP_tos.o
LOAD ./c-sdk/platform/os/TencentOS-Tiny/HAL_Timer_tos.o
LOAD ./c-sdk/platform/network/src/network_interface.o
LOAD ./c-sdk/common/utils/src/utils_downloader.o
LOAD ./c-sdk/common/utils/src/utils_json.o
LOAD ./c-sdk/common/utils/src/utils_list.o
LOAD ./c-sdk/common/utils/src/utils_log.o
LOAD ./c-sdk/common/mqtt_packet/src/mqtt_packet_deserialize.o
LOAD ./c-sdk/common/mqtt_packet/src/mqtt_packet_serialize.o
LOAD ./c-sdk/common/cryptology/src/utils_base64.o
LOAD ./c-sdk/common/cryptology/src/utils_hmac.o
LOAD ./c-sdk/common/cryptology/src/utils_md5.o
LOAD ./c-sdk/common/cryptology/src/utils_sha1.o
LOAD ./arch/rv32i/gcc/port_c.o
LOAD ./arch/rv32i/gcc/port_s.o
LOAD ./arch/common/tos_cpu.o
LOAD ./User/ADC01_demo.o
LOAD ./User/HzLib.o
LOAD ./User/ch32v30x_it.o
LOAD ./User/iic.o
LOAD ./User/lcd.o
LOAD ./User/lcd_init.o
LOAD ./User/main.o
LOAD ./User/mpu6050.o
LOAD ./User/sdio.o
LOAD ./User/spi_flash.o
LOAD ./User/spi_flash_kv.o
LOAD ./User/system_ch32v30x.o
LOAD ./User/usart.o
LOAD ./Startup/startup_ch32v30x.o
LOAD ./Peripheral/src/ch32v30x_adc.o
LOAD ./Peripheral/src/ch32v30x_bkp.o
LOAD ./Peripheral/src/ch32v30x_can.o
LOAD ./Peripheral/src/ch32v30x_crc.o
LOAD ./Peripheral/src/ch32v30x_dac.o
LOAD ./Peripheral/src/ch32v30x_dbgmcu.o
LOAD ./Peripheral/src/ch32v30x_dma.o
LOAD ./Peripheral/src/ch32v30x_dvp.o
LOAD ./Peripheral/src/ch32v30x_eth.o
LOAD ./Peripheral/src/ch32v30x_exti.o
LOAD ./Peripheral/src/ch32v30x_flash.o
LOAD ./Peripheral/src/ch32v30x_fsmc.o
LOAD ./Peripheral/src/ch32v30x_gpio.o
LOAD ./Peripheral/src/ch32v30x_i2c.o
LOAD ./Peripheral/src/ch32v30x_iwdg.o
LOAD ./Peripheral/src/ch32v30x_misc.o
LOAD ./Peripheral/src/ch32v30x_opa.o
LOAD ./Peripheral/src/ch32v30x_pwr.o
LOAD ./Peripheral/src/ch32v30x_rcc.o
LOAD ./Peripheral/src/ch32v30x_rng.o
LOAD ./Peripheral/src/ch32v30x_rtc.o
LOAD ./Peripheral/src/ch32v30x_sdio.o
LOAD ./Peripheral/src/ch32v30x_spi.o
LOAD ./Peripheral/src/ch32v30x_tim.o
LOAD ./Peripheral/src/ch32v30x_usart.o
LOAD ./Peripheral/src/ch32v30x_wwdg.o
LOAD ./Debug/debug.o
LOAD ./Core/core_riscv.o
LOAD d:/1softinstallpath/mounriver/mounriver_studio/toolchain/risc-v embedded gcc/bin/../lib/gcc/riscv-none-embed/8.2.0/rv32imafc/ilp32f\libgcc.a
LOAD d:/1softinstallpath/mounriver/mounriver_studio/toolchain/risc-v embedded gcc/bin/../lib/gcc/riscv-none-embed/8.2.0/../../../../riscv-none-embed/lib/rv32imafc/ilp32f\libg_nano.a
LOAD d:/1softinstallpath/mounriver/mounriver_studio/toolchain/risc-v embedded gcc/bin/../lib/gcc/riscv-none-embed/8.2.0/../../../../riscv-none-embed/lib/rv32imafc/ilp32f\libc_nano.a
LOAD d:/1softinstallpath/mounriver/mounriver_studio/toolchain/risc-v embedded gcc/bin/../lib/gcc/riscv-none-embed/8.2.0/rv32imafc/ilp32f\libgcc.a
START GROUP
LOAD d:/1softinstallpath/mounriver/mounriver_studio/toolchain/risc-v embedded gcc/bin/../lib/gcc/riscv-none-embed/8.2.0/rv32imafc/ilp32f\libgcc.a
LOAD d:/1softinstallpath/mounriver/mounriver_studio/toolchain/risc-v embedded gcc/bin/../lib/gcc/riscv-none-embed/8.2.0/../../../../riscv-none-embed/lib/rv32imafc/ilp32f\libc_nano.a
LOAD d:/1softinstallpath/mounriver/mounriver_studio/toolchain/risc-v embedded gcc/bin/../lib/gcc/riscv-none-embed/8.2.0/../../../../riscv-none-embed/lib/rv32imafc/ilp32f\libnosys.a
END GROUP
START GROUP
LOAD d:/1softinstallpath/mounriver/mounriver_studio/toolchain/risc-v embedded gcc/bin/../lib/gcc/riscv-none-embed/8.2.0/rv32imafc/ilp32f\libgcc.a
LOAD d:/1softinstallpath/mounriver/mounriver_studio/toolchain/risc-v embedded gcc/bin/../lib/gcc/riscv-none-embed/8.2.0/../../../../riscv-none-embed/lib/rv32imafc/ilp32f\libc_nano.a
LOAD d:/1softinstallpath/mounriver/mounriver_studio/toolchain/risc-v embedded gcc/bin/../lib/gcc/riscv-none-embed/8.2.0/../../../../riscv-none-embed/lib/rv32imafc/ilp32f\libnosys.a
END GROUP
                0x0000000000000800                __stack_size = 0x800
                [!provide]                        PROVIDE (_stack_size = __stack_size)

.init           0x0000000000000000       0x38
                0x0000000000000000                _sinit = .
                0x0000000000000000                . = ALIGN (0x4)
 *(SORT_NONE(.init))
 .init          0x0000000000000000       0x38 ./Startup/startup_ch32v30x.o
                0x0000000000000000                _start
                0x0000000000000038                . = ALIGN (0x4)
                0x0000000000000038                _einit = .

.vector         0x0000000000000038      0x1c8
 *(.vector)
 .vector        0x0000000000000038      0x1a0 ./Startup/startup_ch32v30x.o
                0x0000000000000200                . = ALIGN (0x40)
 *fill*         0x00000000000001d8       0x28 

.text           0x0000000000000200    0x11938
                0x0000000000000200                . = ALIGN (0x4)
 *(.text)
 .text          0x0000000000000200      0x140 ./arch/rv32i/gcc/port_s.o
                0x0000000000000200                port_int_disable
                0x0000000000000206                port_int_enable
                0x000000000000020c                port_cpsr_save
                0x0000000000000212                port_cpsr_restore
                0x0000000000000218                port_sched_start
                0x0000000000000274                SW_handler
 .text          0x0000000000000340       0xa8 d:/1softinstallpath/mounriver/mounriver_studio/toolchain/risc-v embedded gcc/bin/../lib/gcc/riscv-none-embed/8.2.0/../../../../riscv-none-embed/lib/rv32imafc/ilp32f\libg_nano.a(lib_a-memset.o)
                0x0000000000000340                memset
 .text          0x00000000000003e8      0x11e d:/1softinstallpath/mounriver/mounriver_studio/toolchain/risc-v embedded gcc/bin/../lib/gcc/riscv-none-embed/8.2.0/../../../../riscv-none-embed/lib/rv32imafc/ilp32f\libg_nano.a(lib_a-strcmp.o)
                0x00000000000003e8                strcmp
 *(.text.*)
 .text.tos_hal_uart_init
                0x0000000000000506       0x64 ./platform/hal/wch/ch32v30xx/tos_hal_uart.o
                0x0000000000000506                tos_hal_uart_init
 .text.tos_hal_uart_write
                0x000000000000056a       0x58 ./platform/hal/wch/ch32v30xx/tos_hal_uart.o
                0x000000000000056a                tos_hal_uart_write
 .text.tos_hal_uart_deinit
                0x00000000000005c2       0x12 ./platform/hal/wch/ch32v30xx/tos_hal_uart.o
                0x00000000000005c2                tos_hal_uart_deinit
 .text.mqtt_message_handle_task_entry
                0x00000000000005d4       0x4a ./net/tencent_firmware_module_wrapper/tencent_firmware_module_wrapper.o
                0x00000000000005d4                mqtt_message_handle_task_entry
 .text.tos_tf_module_register
                0x000000000000061e       0x12 ./net/tencent_firmware_module_wrapper/tencent_firmware_module_wrapper.o
                0x000000000000061e                tos_tf_module_register
 .text.tos_tf_module_init
                0x0000000000000630       0x8c ./net/tencent_firmware_module_wrapper/tencent_firmware_module_wrapper.o
                0x0000000000000630                tos_tf_module_init
 .text.tos_tf_module_info_set
                0x00000000000006bc       0x14 ./net/tencent_firmware_module_wrapper/tencent_firmware_module_wrapper.o
                0x00000000000006bc                tos_tf_module_info_set
 .text.tos_tf_module_mqtt_conn
                0x00000000000006d0       0x2c ./net/tencent_firmware_module_wrapper/tencent_firmware_module_wrapper.o
                0x00000000000006d0                tos_tf_module_mqtt_conn
 .text.tos_tf_module_mqtt_pub
                0x00000000000006fc       0x14 ./net/tencent_firmware_module_wrapper/tencent_firmware_module_wrapper.o
                0x00000000000006fc                tos_tf_module_mqtt_pub
 .text.tos_tf_module_mqtt_sub
                0x0000000000000710       0x50 ./net/tencent_firmware_module_wrapper/tencent_firmware_module_wrapper.o
                0x0000000000000710                tos_tf_module_mqtt_sub
 .text.tos_tf_module_mqtt_state_get
                0x0000000000000760       0x14 ./net/tencent_firmware_module_wrapper/tencent_firmware_module_wrapper.o
                0x0000000000000760                tos_tf_module_mqtt_state_get
 .text.at_uart_getchar
                0x0000000000000774       0x5c ./net/at/src/tos_at.o
 .text.at_event_do_get
                0x00000000000007d0       0x5e ./net/at/src/tos_at.o
 .text.at_parser
                0x000000000000082e      0x1dc ./net/at/src/tos_at.o
 .text.at_cmd_do_exec
                0x0000000000000a0a       0x62 ./net/at/src/tos_at.o
 .text.tos_at_global_lock_pend
                0x0000000000000a6c       0x1a ./net/at/src/tos_at.o
                0x0000000000000a6c                tos_at_global_lock_pend
 .text.tos_at_global_lock_post
                0x0000000000000a86       0x1a ./net/at/src/tos_at.o
                0x0000000000000a86                tos_at_global_lock_post
 .text.tos_at_uart_read
                0x0000000000000aa0       0x48 ./net/at/src/tos_at.o
                0x0000000000000aa0                tos_at_uart_read
 .text.tos_at_echo_create
                0x0000000000000ae8       0x4e ./net/at/src/tos_at.o
                0x0000000000000ae8                tos_at_echo_create
 .text.tos_at_raw_data_send_until
                0x0000000000000b36       0xaa ./net/at/src/tos_at.o
                0x0000000000000b36                tos_at_raw_data_send_until
 .text.tos_at_cmd_exec
                0x0000000000000be0       0x96 ./net/at/src/tos_at.o
                0x0000000000000be0                tos_at_cmd_exec
 .text.tos_at_cmd_exec_until
                0x0000000000000c76       0x9e ./net/at/src/tos_at.o
                0x0000000000000c76                tos_at_cmd_exec_until
 .text.tos_at_init
                0x0000000000000d14      0x16e ./net/at/src/tos_at.o
                0x0000000000000d14                tos_at_init
 .text.tos_at_uart_input_byte
                0x0000000000000e82       0x26 ./net/at/src/tos_at.o
                0x0000000000000e82                tos_at_uart_input_byte
 .text.tos_chr_fifo_create
                0x0000000000000ea8       0x2e ./kernel/core/tos_char_fifo.o
                0x0000000000000ea8                tos_chr_fifo_create
 .text.tos_chr_fifo_destroy
                0x0000000000000ed6       0x32 ./kernel/core/tos_char_fifo.o
                0x0000000000000ed6                tos_chr_fifo_destroy
 .text.tos_chr_fifo_push
                0x0000000000000f08       0x22 ./kernel/core/tos_char_fifo.o
                0x0000000000000f08                tos_chr_fifo_push
 .text.tos_chr_fifo_push_stream
                0x0000000000000f2a       0x50 ./kernel/core/tos_char_fifo.o
                0x0000000000000f2a                tos_chr_fifo_push_stream
 .text.tos_chr_fifo_pop
                0x0000000000000f7a       0x10 ./kernel/core/tos_char_fifo.o
                0x0000000000000f7a                tos_chr_fifo_pop
 .text.tos_chr_fifo_pop_stream
                0x0000000000000f8a       0x62 ./kernel/core/tos_char_fifo.o
                0x0000000000000f8a                tos_chr_fifo_pop_stream
 .text.event_do_post
                0x0000000000000fec       0xa2 ./kernel/core/tos_event.o
 .text.tos_event_create
                0x000000000000108e       0x26 ./kernel/core/tos_event.o
                0x000000000000108e                tos_event_create
 .text.tos_event_pend
                0x00000000000010b4      0x110 ./kernel/core/tos_event.o
                0x00000000000010b4                tos_event_pend
 .text.tos_event_post
                0x00000000000011c4        0x4 ./kernel/core/tos_event.o
                0x00000000000011c4                tos_event_post
 .text.mail_q_do_post
                0x00000000000011c8       0xc0 ./kernel/core/tos_mail_queue.o
 .text.tos_mail_q_create
                0x0000000000001288       0x32 ./kernel/core/tos_mail_queue.o
                0x0000000000001288                tos_mail_q_create
 .text.tos_mail_q_pend
                0x00000000000012ba       0xd0 ./kernel/core/tos_mail_queue.o
                0x00000000000012ba                tos_mail_q_pend
 .text.tos_mail_q_post
                0x000000000000138a        0x4 ./kernel/core/tos_mail_queue.o
                0x000000000000138a                tos_mail_q_post
 .text.tos_mmblk_pool_create
                0x000000000000138e       0x70 ./kernel/core/tos_mmblk.o
                0x000000000000138e                tos_mmblk_pool_create
 .text.tos_mmblk_alloc
                0x00000000000013fe       0x46 ./kernel/core/tos_mmblk.o
                0x00000000000013fe                tos_mmblk_alloc
 .text.blk_next
                0x0000000000001444        0xa ./kernel/core/tos_mmheap.o
 .text.blk_link_next
                0x000000000000144e       0x14 ./kernel/core/tos_mmheap.o
 .text.mmheap_ctl_init
                0x0000000000001462       0x58 ./kernel/core/tos_mmheap.o
 .text.generic_fls.part.0
                0x00000000000014ba       0x3c ./kernel/core/tos_mmheap.o
 .text.remove_free_block
                0x00000000000014f6       0x5e ./kernel/core/tos_mmheap.o
 .text.adjust_request_size
                0x0000000000001554       0x28 ./kernel/core/tos_mmheap.o
 .text.mapping_insert
                0x000000000000157c       0x3c ./kernel/core/tos_mmheap.o
 .text.blk_remove
                0x00000000000015b8       0x22 ./kernel/core/tos_mmheap.o
 .text.blk_merge_next
                0x00000000000015da       0x32 ./kernel/core/tos_mmheap.o
 .text.blk_insert
                0x000000000000160c       0x62 ./kernel/core/tos_mmheap.o
 .text.blk_locate_free
                0x000000000000166e       0xb8 ./kernel/core/tos_mmheap.o
 .text.blk_split
                0x0000000000001726       0x42 ./kernel/core/tos_mmheap.o
 .text.blk_prepare_used
                0x0000000000001768       0x4e ./kernel/core/tos_mmheap.o
 .text.tos_mmheap_alloc
                0x00000000000017b6       0x2a ./kernel/core/tos_mmheap.o
                0x00000000000017b6                tos_mmheap_alloc
 .text.tos_mmheap_free
                0x00000000000017e0       0x52 ./kernel/core/tos_mmheap.o
                0x00000000000017e0                tos_mmheap_free
 .text.tos_mmheap_pool_add
                0x0000000000001832       0x9c ./kernel/core/tos_mmheap.o
                0x0000000000001832                tos_mmheap_pool_add
 .text.mmheap_init_with_pool
                0x00000000000018ce       0x14 ./kernel/core/tos_mmheap.o
                0x00000000000018ce                mmheap_init_with_pool
 .text.mutex_old_owner_release
                0x00000000000018e2       0x5c ./kernel/core/tos_mutex.o
 .text.mutex_release
                0x000000000000193e       0x18 ./kernel/core/tos_mutex.o
                0x000000000000193e                mutex_release
 .text.tos_mutex_create
                0x0000000000001956       0x44 ./kernel/core/tos_mutex.o
                0x0000000000001956                tos_mutex_create
 .text.tos_mutex_destroy
                0x000000000000199a       0x62 ./kernel/core/tos_mutex.o
                0x000000000000199a                tos_mutex_destroy
 .text.tos_mutex_pend_timed
                0x00000000000019fc      0x10e ./kernel/core/tos_mutex.o
                0x00000000000019fc                tos_mutex_pend_timed
 .text.tos_mutex_pend
                0x0000000000001b0a        0x6 ./kernel/core/tos_mutex.o
                0x0000000000001b0a                tos_mutex_pend
 .text.tos_mutex_post
                0x0000000000001b10       0xc8 ./kernel/core/tos_mutex.o
                0x0000000000001b10                tos_mutex_post
 .text.pend_list_add
                0x0000000000001bd8       0x40 ./kernel/core/tos_pend.o
 .text.pend_highest_pending_prio_get
                0x0000000000001c18       0x18 ./kernel/core/tos_pend.o
                0x0000000000001c18                pend_highest_pending_prio_get
 .text.pend_highest_pending_task_get
                0x0000000000001c30        0x8 ./kernel/core/tos_pend.o
                0x0000000000001c30                pend_highest_pending_task_get
 .text.pend_list_remove
                0x0000000000001c38       0x18 ./kernel/core/tos_pend.o
                0x0000000000001c38                pend_list_remove
 .text.pend_object_init
                0x0000000000001c50        0x6 ./kernel/core/tos_pend.o
                0x0000000000001c50                pend_object_init
 .text.pend_object_deinit
                0x0000000000001c56        0x6 ./kernel/core/tos_pend.o
                0x0000000000001c56                pend_object_deinit
 .text.pend_is_nopending
                0x0000000000001c5c        0xc ./kernel/core/tos_pend.o
                0x0000000000001c5c                pend_is_nopending
 .text.pend_list_adjust
                0x0000000000001c68        0xc ./kernel/core/tos_pend.o
                0x0000000000001c68                pend_list_adjust
 .text.pend_state2errno
                0x0000000000001c74       0x30 ./kernel/core/tos_pend.o
                0x0000000000001c74                pend_state2errno
 .text.pend_task_wakeup
                0x0000000000001ca4       0x3c ./kernel/core/tos_pend.o
                0x0000000000001ca4                pend_task_wakeup
 .text.pend_task_block
                0x0000000000001ce0       0x44 ./kernel/core/tos_pend.o
                0x0000000000001ce0                pend_task_block
 .text.pend_wakeup_one
                0x0000000000001d24        0x8 ./kernel/core/tos_pend.o
                0x0000000000001d24                pend_wakeup_one
 .text.pend_wakeup_all
                0x0000000000001d2c       0x3c ./kernel/core/tos_pend.o
                0x0000000000001d2c                pend_wakeup_all
 .text.pend_wakeup
                0x0000000000001d68        0x6 ./kernel/core/tos_pend.o
                0x0000000000001d68                pend_wakeup
 .text.tos_ring_q_create
                0x0000000000001d6e       0x22 ./kernel/core/tos_ring_queue.o
                0x0000000000001d6e                tos_ring_q_create
 .text.tos_ring_q_destroy
                0x0000000000001d90       0x32 ./kernel/core/tos_ring_queue.o
                0x0000000000001d90                tos_ring_q_destroy
 .text.tos_ring_q_is_empty
                0x0000000000001dc2       0x24 ./kernel/core/tos_ring_queue.o
                0x0000000000001dc2                tos_ring_q_is_empty
 .text.tos_ring_q_dequeue
                0x0000000000001de6       0x7e ./kernel/core/tos_ring_queue.o
                0x0000000000001de6                tos_ring_q_dequeue
 .text.tos_ring_q_is_full
                0x0000000000001e64       0x2c ./kernel/core/tos_ring_queue.o
                0x0000000000001e64                tos_ring_q_is_full
 .text.tos_ring_q_enqueue
                0x0000000000001e90       0x78 ./kernel/core/tos_ring_queue.o
                0x0000000000001e90                tos_ring_q_enqueue
 .text.readyqueue_prio_mark
                0x0000000000001f08       0x30 ./kernel/core/tos_sched.o
 .text.readyqueue_highest_ready_task_get
                0x0000000000001f38       0x18 ./kernel/core/tos_sched.o
                0x0000000000001f38                readyqueue_highest_ready_task_get
 .text.readyqueue_init
                0x0000000000001f50       0x26 ./kernel/core/tos_sched.o
                0x0000000000001f50                readyqueue_init
 .text.readyqueue_add_head
                0x0000000000001f76       0x50 ./kernel/core/tos_sched.o
                0x0000000000001f76                readyqueue_add_head
 .text.readyqueue_add_tail
                0x0000000000001fc6       0x50 ./kernel/core/tos_sched.o
                0x0000000000001fc6                readyqueue_add_tail
 .text.readyqueue_add
                0x0000000000002016       0x14 ./kernel/core/tos_sched.o
                0x0000000000002016                readyqueue_add
 .text.readyqueue_remove
                0x000000000000202a       0x86 ./kernel/core/tos_sched.o
                0x000000000000202a                readyqueue_remove
 .text.sem_do_post
                0x00000000000020b0       0x74 ./kernel/core/tos_sem.o
 .text.tos_sem_create_max
                0x0000000000002124       0x34 ./kernel/core/tos_sem.o
                0x0000000000002124                tos_sem_create_max
 .text.tos_sem_create
                0x0000000000002158        0x6 ./kernel/core/tos_sem.o
                0x0000000000002158                tos_sem_create
 .text.tos_sem_destroy
                0x000000000000215e       0x56 ./kernel/core/tos_sem.o
                0x000000000000215e                tos_sem_destroy
 .text.tos_sem_post
                0x00000000000021b4        0x4 ./kernel/core/tos_sem.o
                0x00000000000021b4                tos_sem_post
 .text.tos_sem_pend
                0x00000000000021b8       0x9e ./kernel/core/tos_sem.o
                0x00000000000021b8                tos_sem_pend
 .text.tos_stopwatch_delay
                0x0000000000002256       0x44 ./kernel/core/tos_stopwatch.o
                0x0000000000002256                tos_stopwatch_delay
 .text.knl_idle_entry
                0x000000000000229a        0x2 ./kernel/core/tos_sys.o
 .text.tos_knl_irq_enter
                0x000000000000229c       0x1e ./kernel/core/tos_sys.o
                0x000000000000229c                tos_knl_irq_enter
 .text.tos_knl_irq_leave
                0x00000000000022ba       0x54 ./kernel/core/tos_sys.o
                0x00000000000022ba                tos_knl_irq_leave
 .text.tos_knl_sched_lock
                0x000000000000230e       0x4c ./kernel/core/tos_sys.o
                0x000000000000230e                tos_knl_sched_lock
 .text.tos_knl_start
                0x000000000000235a       0x36 ./kernel/core/tos_sys.o
                0x000000000000235a                tos_knl_start
 .text.tos_knl_is_running
                0x0000000000002390        0xc ./kernel/core/tos_sys.o
                0x0000000000002390                tos_knl_is_running
 .text.knl_sched
                0x000000000000239c       0x46 ./kernel/core/tos_sys.o
                0x000000000000239c                knl_sched
 .text.tos_knl_sched_unlock
                0x00000000000023e2       0x48 ./kernel/core/tos_sys.o
                0x00000000000023e2                tos_knl_sched_unlock
 .text.knl_is_sched_locked
                0x000000000000242a        0xa ./kernel/core/tos_sys.o
                0x000000000000242a                knl_is_sched_locked
 .text.knl_is_inirq
                0x0000000000002434        0xa ./kernel/core/tos_sys.o
                0x0000000000002434                knl_is_inirq
 .text.knl_is_idle
                0x000000000000243e       0x10 ./kernel/core/tos_sys.o
                0x000000000000243e                knl_is_idle
 .text.knl_is_self
                0x000000000000244e        0xe ./kernel/core/tos_sys.o
                0x000000000000244e                knl_is_self
 .text.knl_idle_init
                0x000000000000245c       0x28 ./kernel/core/tos_sys.o
                0x000000000000245c                knl_idle_init
 .text.tos_knl_init
                0x0000000000002484       0x2e ./kernel/core/tos_sys.o
                0x0000000000002484                tos_knl_init
 .text.task_do_destroy.part.13
                0x00000000000024b2       0xce ./kernel/core/tos_task.o
 .text.tos_task_create
                0x0000000000002580      0x122 ./kernel/core/tos_task.o
                0x0000000000002580                tos_task_create
 .text.tos_task_destroy
                0x00000000000026a2       0x5a ./kernel/core/tos_task.o
                0x00000000000026a2                tos_task_destroy
 .text.task_exit
                0x00000000000026fc        0x4 ./kernel/core/tos_task.o
 .text.tos_task_yield
                0x0000000000002700       0x40 ./kernel/core/tos_task.o
                0x0000000000002700                tos_task_yield
 .text.tos_task_prio_change
                0x0000000000002740       0xde ./kernel/core/tos_task.o
                0x0000000000002740                tos_task_prio_change
 .text.tos_task_delay
                0x000000000000281e       0x72 ./kernel/core/tos_task.o
                0x000000000000281e                tos_task_delay
 .text.tick_list_add
                0x0000000000002890       0xd0 ./kernel/core/tos_tick.o
                0x0000000000002890                tick_list_add
 .text.tick_list_remove
                0x0000000000002960       0x8c ./kernel/core/tos_tick.o
                0x0000000000002960                tick_list_remove
 .text.tick_update
                0x00000000000029ec       0xae ./kernel/core/tos_tick.o
                0x00000000000029ec                tick_update
 .text.tos_tick_handler
                0x0000000000002a9a       0x1c ./kernel/core/tos_tick.o
                0x0000000000002a9a                tos_tick_handler
 .text.tos_systick_get
                0x0000000000002ab6       0x26 ./kernel/core/tos_time.o
                0x0000000000002ab6                tos_systick_get
 .text.tos_millisec2tick
                0x0000000000002adc        0x4 ./kernel/core/tos_time.o
                0x0000000000002adc                tos_millisec2tick
 .text.tos_sleep_ms
                0x0000000000002ae0        0x6 ./kernel/core/tos_time.o
                0x0000000000002ae0                tos_sleep_ms
 .text.timer_takeoff
                0x0000000000002ae6       0x58 ./kernel/core/tos_timer.o
 .text.timer_place
                0x0000000000002b3e       0x90 ./kernel/core/tos_timer.o
 .text.soft_timer_update
                0x0000000000002bce       0xca ./kernel/core/tos_timer.o
                0x0000000000002bce                soft_timer_update
 .text.soft_timer_init
                0x0000000000002c98        0x4 ./kernel/core/tos_timer.o
                0x0000000000002c98                soft_timer_init
 .text.default_message_handler
                0x0000000000002c9c       0x50 ./examples/mqtt_iot_explorer.o
                0x0000000000002c9c                default_message_handler
 .text.mqtt_demo_task
                0x0000000000002cec      0x286 ./examples/mqtt_iot_explorer.o
                0x0000000000002cec                mqtt_demo_task
 .text.application_entry
                0x0000000000002f72        0x8 ./examples/mqtt_iot_explorer.o
                0x0000000000002f72                application_entry
 .text.esp8266_tencent_firmware_module_info_set
                0x0000000000002f7a       0x52 ./devices/esp8266_tencent_firmware/esp8266_tencent_firmware.o
                0x0000000000002f7a                esp8266_tencent_firmware_module_info_set
 .text.esp8266_tencent_firmware_module_mqtt_pub
                0x0000000000002fcc       0x50 ./devices/esp8266_tencent_firmware/esp8266_tencent_firmware.o
                0x0000000000002fcc                esp8266_tencent_firmware_module_mqtt_pub
 .text.esp8266_tencent_firmware_module_mqtt_sub
                0x000000000000301c       0x4a ./devices/esp8266_tencent_firmware/esp8266_tencent_firmware.o
                0x000000000000301c                esp8266_tencent_firmware_module_mqtt_sub
 .text.esp8266_tencent_firmware_module_mqtt_unsub
                0x0000000000003066       0x46 ./devices/esp8266_tencent_firmware/esp8266_tencent_firmware.o
                0x0000000000003066                esp8266_tencent_firmware_module_mqtt_unsub
 .text.esp8266_tencent_firmware_ota_set
                0x00000000000030ac       0x4a ./devices/esp8266_tencent_firmware/esp8266_tencent_firmware.o
                0x00000000000030ac                esp8266_tencent_firmware_ota_set
 .text.esp8266_tencent_firmware_module_mqtt_conn
                0x00000000000030f6       0x86 ./devices/esp8266_tencent_firmware/esp8266_tencent_firmware.o
                0x00000000000030f6                esp8266_tencent_firmware_module_mqtt_conn
 .text.esp8266_tencent_firmware_module_mqtt_discon
                0x000000000000317c       0x3c ./devices/esp8266_tencent_firmware/esp8266_tencent_firmware.o
                0x000000000000317c                esp8266_tencent_firmware_module_mqtt_discon
 .text.esp8266_tencent_firmware_module_debug_level_set
                0x00000000000031b8       0x40 ./devices/esp8266_tencent_firmware/esp8266_tencent_firmware.o
                0x00000000000031b8                esp8266_tencent_firmware_module_debug_level_set
 .text.esp8266_tencent_firmware_stop_smartconfig
                0x00000000000031f8       0x3c ./devices/esp8266_tencent_firmware/esp8266_tencent_firmware.o
                0x00000000000031f8                esp8266_tencent_firmware_stop_smartconfig
 .text.esp8266_tencent_firmware_module_mqtt_publ
                0x0000000000003234       0xa2 ./devices/esp8266_tencent_firmware/esp8266_tencent_firmware.o
                0x0000000000003234                esp8266_tencent_firmware_module_mqtt_publ
 .text.esp8266_tencent_firmware_module_mqtt_state_get
                0x00000000000032d6       0x78 ./devices/esp8266_tencent_firmware/esp8266_tencent_firmware.o
                0x00000000000032d6                esp8266_tencent_firmware_module_mqtt_state_get
 .text.esp8266_tencent_firmware_ota_read_fwinfo
                0x000000000000334e       0xb0 ./devices/esp8266_tencent_firmware/esp8266_tencent_firmware.o
                0x000000000000334e                esp8266_tencent_firmware_ota_read_fwinfo
 .text.esp8266_tencent_firmware_recvpub
                0x00000000000033fe      0x104 ./devices/esp8266_tencent_firmware/esp8266_tencent_firmware.o
                0x00000000000033fe                esp8266_tencent_firmware_recvpub
 .text.esp8266_tencent_firmware_recvcmd
                0x0000000000003502       0x3c ./devices/esp8266_tencent_firmware/esp8266_tencent_firmware.o
                0x0000000000003502                esp8266_tencent_firmware_recvcmd
 .text.esp8266_tencent_firmware_recvfwdata
                0x000000000000353e       0xb6 ./devices/esp8266_tencent_firmware/esp8266_tencent_firmware.o
                0x000000000000353e                esp8266_tencent_firmware_recvfwdata
 .text.esp8266_tencent_firmware_start_smartconfig
                0x00000000000035f4       0x70 ./devices/esp8266_tencent_firmware/esp8266_tencent_firmware.o
                0x00000000000035f4                esp8266_tencent_firmware_start_smartconfig
 .text.esp8266_tencent_firmware_ota_read_fwdata
                0x0000000000003664       0x8e ./devices/esp8266_tencent_firmware/esp8266_tencent_firmware.o
 .text.esp8266_tencent_firmware_recvscstatus
                0x00000000000036f2       0x64 ./devices/esp8266_tencent_firmware/esp8266_tencent_firmware.o
                0x00000000000036f2                esp8266_tencent_firmware_recvscstatus
 .text.esp8266_tencent_firmware_init
                0x0000000000003756      0x132 ./devices/esp8266_tencent_firmware/esp8266_tencent_firmware.o
 .text.esp8266_tencent_firmware_join_ap
                0x0000000000003888       0x76 ./devices/esp8266_tencent_firmware/esp8266_tencent_firmware.o
                0x0000000000003888                esp8266_tencent_firmware_join_ap
 .text.esp8266_tencent_firmware_sal_init
                0x00000000000038fe       0x4c ./devices/esp8266_tencent_firmware/esp8266_tencent_firmware.o
                0x00000000000038fe                esp8266_tencent_firmware_sal_init
 .text.sw_clearpend
                0x000000000000394a        0xe ./arch/rv32i/gcc/port_c.o
                0x000000000000394a                sw_clearpend
 .text.port_context_switch
                0x0000000000003958       0x10 ./arch/rv32i/gcc/port_c.o
                0x0000000000003958                port_context_switch
 .text.port_irq_context_switch
                0x0000000000003968        0x4 ./arch/rv32i/gcc/port_c.o
                0x0000000000003968                port_irq_context_switch
 .text.port_systick_config
                0x000000000000396c       0x24 ./arch/rv32i/gcc/port_c.o
                0x000000000000396c                port_systick_config
 .text.port_systick_priority_set
                0x0000000000003990        0xe ./arch/rv32i/gcc/port_c.o
                0x0000000000003990                port_systick_priority_set
 .text.port_cpu_init
                0x000000000000399e       0x18 ./arch/rv32i/gcc/port_c.o
                0x000000000000399e                port_cpu_init
 .text.SysTick_Handler
                0x00000000000039b6       0x7c ./arch/rv32i/gcc/port_c.o
                0x00000000000039b6                SysTick_Handler
 .text.tos_cpu_cpsr_save
                0x0000000000003a32        0x4 ./arch/common/tos_cpu.o
                0x0000000000003a32                tos_cpu_cpsr_save
 .text.tos_cpu_cpsr_restore
                0x0000000000003a36        0x4 ./arch/common/tos_cpu.o
                0x0000000000003a36                tos_cpu_cpsr_restore
 .text.cpu_context_switch
                0x0000000000003a3a        0x4 ./arch/common/tos_cpu.o
                0x0000000000003a3a                cpu_context_switch
 .text.cpu_irq_context_switch
                0x0000000000003a3e        0x4 ./arch/common/tos_cpu.o
                0x0000000000003a3e                cpu_irq_context_switch
 .text.cpu_sched_start
                0x0000000000003a42        0x8 ./arch/common/tos_cpu.o
                0x0000000000003a42                cpu_sched_start
 .text.cpu_systick_init
                0x0000000000003a4a       0x1c ./arch/common/tos_cpu.o
                0x0000000000003a4a                cpu_systick_init
 .text.cpu_init
                0x0000000000003a66       0x36 ./arch/common/tos_cpu.o
                0x0000000000003a66                cpu_init
 .text.cpu_task_stk_init
                0x0000000000003a9c       0x5a ./arch/common/tos_cpu.o
                0x0000000000003a9c                cpu_task_stk_init
 .text.tos_cpu_clz
                0x0000000000003af6       0x40 ./arch/common/tos_cpu.o
                0x0000000000003af6                tos_cpu_clz
 .text.ADC1_Init
                0x0000000000003b36       0xd4 ./User/ADC01_demo.o
                0x0000000000003b36                ADC1_Init
 .text.Get_ADC_Val_5Channel
                0x0000000000003c0a      0x20c ./User/ADC01_demo.o
                0x0000000000003c0a                Get_ADC_Val_5Channel
 .text.NMI_Handler
                0x0000000000003e16        0x4 ./User/ch32v30x_it.o
                0x0000000000003e16                NMI_Handler
 .text.HardFault_Handler
                0x0000000000003e1a       0x6e ./User/ch32v30x_it.o
                0x0000000000003e1a                HardFault_Handler
 .text.USART2_IRQHandler
                0x0000000000003e88       0x86 ./User/ch32v30x_it.o
                0x0000000000003e88                USART2_IRQHandler
 .text.UART6_IRQHandler
                0x0000000000003f0e       0x86 ./User/ch32v30x_it.o
                0x0000000000003f0e                UART6_IRQHandler
 .text.UART7_IRQHandler
                0x0000000000003f94       0x86 ./User/ch32v30x_it.o
                0x0000000000003f94                UART7_IRQHandler
 .text.IIC_Idle_State
                0x000000000000401a       0x30 ./User/iic.o
                0x000000000000401a                IIC_Idle_State
 .text.IIC_Init
                0x000000000000404a       0x36 ./User/iic.o
                0x000000000000404a                IIC_Init
 .text.IIC_Start
                0x0000000000004080       0x58 ./User/iic.o
                0x0000000000004080                IIC_Start
 .text.IIC_Stop
                0x00000000000040d8       0x40 ./User/iic.o
                0x00000000000040d8                IIC_Stop
 .text.IIC_SendByte
                0x0000000000004118       0x98 ./User/iic.o
                0x0000000000004118                IIC_SendByte
 .text.IIC_WaitAck
                0x00000000000041b0       0x60 ./User/iic.o
                0x00000000000041b0                IIC_WaitAck
 .text.IIC_ACK  0x0000000000004210       0x58 ./User/iic.o
                0x0000000000004210                IIC_ACK
 .text.IIC_NACK
                0x0000000000004268       0x48 ./User/iic.o
                0x0000000000004268                IIC_NACK
 .text.IIC_ReadByte
                0x00000000000042b0       0x86 ./User/iic.o
                0x00000000000042b0                IIC_ReadByte
 .text.LCD_Fill
                0x0000000000004336       0x58 ./User/lcd.o
                0x0000000000004336                LCD_Fill
 .text.LCD_DrawPoint
                0x000000000000438e       0x18 ./User/lcd.o
                0x000000000000438e                LCD_DrawPoint
 .text.LCD_ShowChar
                0x00000000000043a6      0x170 ./User/lcd.o
                0x00000000000043a6                LCD_ShowChar
 .text.LCD_ShowString
                0x0000000000004516       0x5c ./User/lcd.o
                0x0000000000004516                LCD_ShowString
 .text.LCD_ShowIntNum
                0x0000000000004572       0xc2 ./User/lcd.o
                0x0000000000004572                LCD_ShowIntNum
 .text.LCD_ShowFloatNum1
                0x0000000000004634       0xe4 ./User/lcd.o
                0x0000000000004634                LCD_ShowFloatNum1
 .text.LCD_ShowPicture
                0x0000000000004718       0x72 ./User/lcd.o
                0x0000000000004718                LCD_ShowPicture
 .text.LCD_GPIO_Init
                0x000000000000478a       0x7e ./User/lcd_init.o
                0x000000000000478a                LCD_GPIO_Init
 .text.LCD_Writ_Bus
                0x0000000000004808       0x66 ./User/lcd_init.o
                0x0000000000004808                LCD_Writ_Bus
 .text.LCD_WR_DATA8
                0x000000000000486e        0x4 ./User/lcd_init.o
                0x000000000000486e                LCD_WR_DATA8
 .text.LCD_WR_DATA
                0x0000000000004872       0x1c ./User/lcd_init.o
                0x0000000000004872                LCD_WR_DATA
 .text.LCD_WR_REG
                0x000000000000488e       0x34 ./User/lcd_init.o
                0x000000000000488e                LCD_WR_REG
 .text.LCD_Address_Set
                0x00000000000048c2       0x4a ./User/lcd_init.o
                0x00000000000048c2                LCD_Address_Set
 .text.LCD_Init
                0x000000000000490c      0x1f6 ./User/lcd_init.o
                0x000000000000490c                LCD_Init
 .text.led_key_init
                0x0000000000004b02       0x88 ./User/main.o
                0x0000000000004b02                led_key_init
 .text.get_key  0x0000000000004b8a       0x98 ./User/main.o
                0x0000000000004b8a                get_key
 .text.lcd_test
                0x0000000000004c22      0x138 ./User/main.o
                0x0000000000004c22                lcd_test
 .text.show_sdcard_info
                0x0000000000004d5a       0xa0 ./User/main.o
                0x0000000000004d5a                show_sdcard_info
 .text.spi_flash_test
                0x0000000000004dfa      0x18e ./User/main.o
                0x0000000000004dfa                spi_flash_test
 .text.SD_Card_test
                0x0000000000004f88      0x166 ./User/main.o
                0x0000000000004f88                SD_Card_test
 .text.startup.main
                0x00000000000050ee      0x14e ./User/main.o
                0x00000000000050ee                main
 .text.MPU_Read_Len
                0x000000000000523c       0x7e ./User/mpu6050.o
                0x000000000000523c                MPU_Read_Len
 .text.MPU_Get_Temperature
                0x00000000000052ba       0x66 ./User/mpu6050.o
                0x00000000000052ba                MPU_Get_Temperature
 .text.MPU_Get_Accelerometer
                0x0000000000005320       0x5e ./User/mpu6050.o
                0x0000000000005320                MPU_Get_Accelerometer
 .text.MPU_Write_Byte
                0x000000000000537e       0x4e ./User/mpu6050.o
                0x000000000000537e                MPU_Write_Byte
 .text.MPU_Set_Gyro_Fsr
                0x00000000000053cc        0xe ./User/mpu6050.o
                0x00000000000053cc                MPU_Set_Gyro_Fsr
 .text.MPU_Set_Accel_Fsr
                0x00000000000053da        0xe ./User/mpu6050.o
                0x00000000000053da                MPU_Set_Accel_Fsr
 .text.MPU_Set_LPF
                0x00000000000053e8       0x36 ./User/mpu6050.o
                0x00000000000053e8                MPU_Set_LPF
 .text.MPU_Set_Rate
                0x000000000000541e       0x4c ./User/mpu6050.o
                0x000000000000541e                MPU_Set_Rate
 .text.MPU_Read_Byte
                0x000000000000546a       0x48 ./User/mpu6050.o
                0x000000000000546a                MPU_Read_Byte
 .text.MPU_Init
                0x00000000000054b2       0xea ./User/mpu6050.o
                0x00000000000054b2                MPU_Init
 .text.MPU6050_main
                0x000000000000559c      0x1d6 ./User/mpu6050.o
                0x000000000000559c                MPU6050_main
 .text.SDIO_Clock_Set
                0x0000000000005772       0x10 ./User/sdio.o
                0x0000000000005772                SDIO_Clock_Set
 .text.SD_GetCardInfo
                0x0000000000005782      0x322 ./User/sdio.o
                0x0000000000005782                SD_GetCardInfo
 .text.CmdError
                0x0000000000005aa4       0x36 ./User/sdio.o
                0x0000000000005aa4                CmdError
 .text.CmdResp7Error
                0x0000000000005ada       0x4a ./User/sdio.o
                0x0000000000005ada                CmdResp7Error
 .text.CmdResp1Error
                0x0000000000005b24       0x5c ./User/sdio.o
                0x0000000000005b24                CmdResp1Error
 .text.SD_SelectDeselect
                0x0000000000005b80       0x36 ./User/sdio.o
                0x0000000000005b80                SD_SelectDeselect
 .text.SD_ProcessIRQSrc
                0x0000000000005bb6      0x13e ./User/sdio.o
                0x0000000000005bb6                SD_ProcessIRQSrc
 .text.SDIO_IRQHandler
                0x0000000000005cf4       0x5c ./User/sdio.o
                0x0000000000005cf4                SDIO_IRQHandler
 .text.CmdResp3Error
                0x0000000000005d50       0x32 ./User/sdio.o
                0x0000000000005d50                CmdResp3Error
 .text.SD_PowerON
                0x0000000000005d82      0x1ec ./User/sdio.o
                0x0000000000005d82                SD_PowerON
 .text.CmdResp2Error
                0x0000000000005f6e       0x52 ./User/sdio.o
                0x0000000000005f6e                CmdResp2Error
 .text.CmdResp6Error
                0x0000000000005fc0       0x8c ./User/sdio.o
                0x0000000000005fc0                CmdResp6Error
 .text.SD_InitializeCards
                0x000000000000604c      0x166 ./User/sdio.o
                0x000000000000604c                SD_InitializeCards
 .text.IsCardProgramming
                0x00000000000061b2       0xaa ./User/sdio.o
                0x00000000000061b2                IsCardProgramming
 .text.FindSCR  0x000000000000625c      0x1cc ./User/sdio.o
                0x000000000000625c                FindSCR
 .text.SDEnWideBus
                0x0000000000006428       0xb4 ./User/sdio.o
                0x0000000000006428                SDEnWideBus
 .text.SD_EnableWideBusOperation
                0x00000000000064dc       0x58 ./User/sdio.o
                0x00000000000064dc                SD_EnableWideBusOperation
 .text.SD_Init  0x0000000000006534       0xd8 ./User/sdio.o
                0x0000000000006534                SD_Init
 .text.convert_from_bytes_to_power_of_two
                0x000000000000660c       0x16 ./User/sdio.o
                0x000000000000660c                convert_from_bytes_to_power_of_two
 .text.SD_DMA_Config
                0x0000000000006622       0x80 ./User/sdio.o
                0x0000000000006622                SD_DMA_Config
 .text.SD_ReadBlock
                0x00000000000066a2      0x272 ./User/sdio.o
                0x00000000000066a2                SD_ReadBlock
 .text.SD_ReadMultiBlocks
                0x0000000000006914      0x302 ./User/sdio.o
                0x0000000000006914                SD_ReadMultiBlocks
 .text.SD_WriteBlock
                0x0000000000006c16      0x370 ./User/sdio.o
                0x0000000000006c16                SD_WriteBlock
 .text.SD_WriteMultiBlocks
                0x0000000000006f86      0x39c ./User/sdio.o
                0x0000000000006f86                SD_WriteMultiBlocks
 .text.SD_ReadDisk
                0x0000000000007322       0x96 ./User/sdio.o
                0x0000000000007322                SD_ReadDisk
 .text.SD_WriteDisk
                0x00000000000073b8       0x90 ./User/sdio.o
                0x00000000000073b8                SD_WriteDisk
 .text.SPI1_ReadWriteByte
                0x0000000000007448       0x74 ./User/spi_flash.o
                0x0000000000007448                SPI1_ReadWriteByte
 .text.SPI_Flash_Init
                0x00000000000074bc       0xd4 ./User/spi_flash.o
                0x00000000000074bc                SPI_Flash_Init
 .text.SPI_Flash_ReadSR
                0x0000000000007590       0x40 ./User/spi_flash.o
                0x0000000000007590                SPI_Flash_ReadSR
 .text.SPI_Flash_Wait_Busy
                0x00000000000075d0       0x12 ./User/spi_flash.o
                0x00000000000075d0                SPI_Flash_Wait_Busy
 .text.SPI_FLASH_Write_Enable
                0x00000000000075e2       0x2e ./User/spi_flash.o
                0x00000000000075e2                SPI_FLASH_Write_Enable
 .text.SPI_Flash_ReadID
                0x0000000000007610       0x6e ./User/spi_flash.o
                0x0000000000007610                SPI_Flash_ReadID
 .text.SPI_Flash_Erase_Sector
                0x000000000000767e       0x62 ./User/spi_flash.o
                0x000000000000767e                SPI_Flash_Erase_Sector
 .text.SPI_Flash_Read
                0x00000000000076e0       0x80 ./User/spi_flash.o
                0x00000000000076e0                SPI_Flash_Read
 .text.SPI_Flash_Write_Page
                0x0000000000007760       0x84 ./User/spi_flash.o
                0x0000000000007760                SPI_Flash_Write_Page
 .text.SPI_Flash_Write_NoCheck
                0x00000000000077e4       0x6a ./User/spi_flash.o
                0x00000000000077e4                SPI_Flash_Write_NoCheck
 .text.SPI_Flash_Write
                0x000000000000784e       0xf2 ./User/spi_flash.o
                0x000000000000784e                SPI_Flash_Write
 .text.SystemInit
                0x0000000000007940      0x122 ./User/system_ch32v30x.o
                0x0000000000007940                SystemInit
 .text.usart2_init
                0x0000000000007a62       0xb4 ./User/usart.o
                0x0000000000007a62                usart2_init
 .text.uart6_init
                0x0000000000007b16       0xaa ./User/usart.o
                0x0000000000007b16                uart6_init
 .text.uart7_init
                0x0000000000007bc0       0xa8 ./User/usart.o
                0x0000000000007bc0                uart7_init
 .text.vector_handler
                0x0000000000007c68       0xbe ./Startup/startup_ch32v30x.o
                0x0000000000007c6c                Ecall_M_Mode_Handler
                0x0000000000007c6e                Ecall_U_Mode_Handler
                0x0000000000007c70                Break_Point_Handler
                0x0000000000007c76                WWDG_IRQHandler
                0x0000000000007c78                PVD_IRQHandler
                0x0000000000007c7a                TAMPER_IRQHandler
                0x0000000000007c7c                RTC_IRQHandler
                0x0000000000007c7e                FLASH_IRQHandler
                0x0000000000007c80                RCC_IRQHandler
                0x0000000000007c82                EXTI0_IRQHandler
                0x0000000000007c84                EXTI1_IRQHandler
                0x0000000000007c86                EXTI2_IRQHandler
                0x0000000000007c88                EXTI3_IRQHandler
                0x0000000000007c8a                EXTI4_IRQHandler
                0x0000000000007c8c                DMA1_Channel1_IRQHandler
                0x0000000000007c8e                DMA1_Channel2_IRQHandler
                0x0000000000007c90                DMA1_Channel3_IRQHandler
                0x0000000000007c92                DMA1_Channel4_IRQHandler
                0x0000000000007c94                DMA1_Channel5_IRQHandler
                0x0000000000007c96                DMA1_Channel6_IRQHandler
                0x0000000000007c98                DMA1_Channel7_IRQHandler
                0x0000000000007c9a                ADC1_2_IRQHandler
                0x0000000000007c9c                USB_HP_CAN1_TX_IRQHandler
                0x0000000000007c9e                USB_LP_CAN1_RX0_IRQHandler
                0x0000000000007ca0                CAN1_RX1_IRQHandler
                0x0000000000007ca2                CAN1_SCE_IRQHandler
                0x0000000000007ca4                EXTI9_5_IRQHandler
                0x0000000000007ca6                TIM1_BRK_IRQHandler
                0x0000000000007ca8                TIM1_UP_IRQHandler
                0x0000000000007caa                TIM1_TRG_COM_IRQHandler
                0x0000000000007cac                TIM1_CC_IRQHandler
                0x0000000000007cae                TIM2_IRQHandler
                0x0000000000007cb0                TIM3_IRQHandler
                0x0000000000007cb2                TIM4_IRQHandler
                0x0000000000007cb4                I2C1_EV_IRQHandler
                0x0000000000007cb6                I2C1_ER_IRQHandler
                0x0000000000007cb8                I2C2_EV_IRQHandler
                0x0000000000007cba                I2C2_ER_IRQHandler
                0x0000000000007cbc                SPI1_IRQHandler
                0x0000000000007cbe                SPI2_IRQHandler
                0x0000000000007cc0                USART1_IRQHandler
                0x0000000000007cc4                USART3_IRQHandler
                0x0000000000007cc6                EXTI15_10_IRQHandler
                0x0000000000007cc8                RTCAlarm_IRQHandler
                0x0000000000007cca                USBWakeUp_IRQHandler
                0x0000000000007ccc                TIM8_BRK_IRQHandler
                0x0000000000007cce                TIM8_UP_IRQHandler
                0x0000000000007cd0                TIM8_TRG_COM_IRQHandler
                0x0000000000007cd2                TIM8_CC_IRQHandler
                0x0000000000007cd4                RNG_IRQHandler
                0x0000000000007cd6                FSMC_IRQHandler
                0x0000000000007cda                TIM5_IRQHandler
                0x0000000000007cdc                SPI3_IRQHandler
                0x0000000000007cde                UART4_IRQHandler
                0x0000000000007ce0                UART5_IRQHandler
                0x0000000000007ce2                TIM6_IRQHandler
                0x0000000000007ce4                TIM7_IRQHandler
                0x0000000000007ce6                DMA2_Channel1_IRQHandler
                0x0000000000007ce8                DMA2_Channel2_IRQHandler
                0x0000000000007cea                DMA2_Channel3_IRQHandler
                0x0000000000007cec                DMA2_Channel4_IRQHandler
                0x0000000000007cee                DMA2_Channel5_IRQHandler
                0x0000000000007cf0                ETH_IRQHandler
                0x0000000000007cf2                ETH_WKUP_IRQHandler
                0x0000000000007cf4                CAN2_TX_IRQHandler
                0x0000000000007cf6                CAN2_RX0_IRQHandler
                0x0000000000007cf8                CAN2_RX1_IRQHandler
                0x0000000000007cfa                CAN2_SCE_IRQHandler
                0x0000000000007cfc                OTG_FS_IRQHandler
                0x0000000000007cfe                USBHSWakeup_IRQHandler
                0x0000000000007d00                USBHS_IRQHandler
                0x0000000000007d02                DVP_IRQHandler
                0x0000000000007d08                UART8_IRQHandler
                0x0000000000007d0a                TIM9_BRK_IRQHandler
                0x0000000000007d0c                TIM9_UP_IRQHandler
                0x0000000000007d0e                TIM9_TRG_COM_IRQHandler
                0x0000000000007d10                TIM9_CC_IRQHandler
                0x0000000000007d12                TIM10_BRK_IRQHandler
                0x0000000000007d14                TIM10_UP_IRQHandler
                0x0000000000007d16                TIM10_TRG_COM_IRQHandler
                0x0000000000007d18                TIM10_CC_IRQHandler
                0x0000000000007d1a                DMA2_Channel6_IRQHandler
                0x0000000000007d1c                DMA2_Channel7_IRQHandler
                0x0000000000007d1e                DMA2_Channel8_IRQHandler
                0x0000000000007d20                DMA2_Channel9_IRQHandler
                0x0000000000007d22                DMA2_Channel10_IRQHandler
                0x0000000000007d24                DMA2_Channel11_IRQHandler
 .text.handle_reset
                0x0000000000007d26       0x8e ./Startup/startup_ch32v30x.o
                0x0000000000007d26                handle_reset
 .text.ADC_DeInit
                0x0000000000007db4       0x4c ./Peripheral/src/ch32v30x_adc.o
                0x0000000000007db4                ADC_DeInit
 .text.ADC_Init
                0x0000000000007e00       0x58 ./Peripheral/src/ch32v30x_adc.o
                0x0000000000007e00                ADC_Init
 .text.ADC_Cmd  0x0000000000007e58       0x10 ./Peripheral/src/ch32v30x_adc.o
                0x0000000000007e58                ADC_Cmd
 .text.ADC_ResetCalibration
                0x0000000000007e68        0xa ./Peripheral/src/ch32v30x_adc.o
                0x0000000000007e68                ADC_ResetCalibration
 .text.ADC_GetResetCalibrationStatus
                0x0000000000007e72        0x8 ./Peripheral/src/ch32v30x_adc.o
                0x0000000000007e72                ADC_GetResetCalibrationStatus
 .text.ADC_StartCalibration
                0x0000000000007e7a        0xa ./Peripheral/src/ch32v30x_adc.o
                0x0000000000007e7a                ADC_StartCalibration
 .text.ADC_GetCalibrationStatus
                0x0000000000007e84        0x8 ./Peripheral/src/ch32v30x_adc.o
                0x0000000000007e84                ADC_GetCalibrationStatus
 .text.ADC_SoftwareStartConvCmd
                0x0000000000007e8c       0x18 ./Peripheral/src/ch32v30x_adc.o
                0x0000000000007e8c                ADC_SoftwareStartConvCmd
 .text.ADC_RegularChannelConfig
                0x0000000000007ea4       0xb8 ./Peripheral/src/ch32v30x_adc.o
                0x0000000000007ea4                ADC_RegularChannelConfig
 .text.ADC_GetConversionValue
                0x0000000000007f5c        0x8 ./Peripheral/src/ch32v30x_adc.o
                0x0000000000007f5c                ADC_GetConversionValue
 .text.ADC_GetFlagStatus
                0x0000000000007f64        0xa ./Peripheral/src/ch32v30x_adc.o
                0x0000000000007f64                ADC_GetFlagStatus
 .text.ADC_BufferCmd
                0x0000000000007f6e       0x18 ./Peripheral/src/ch32v30x_adc.o
                0x0000000000007f6e                ADC_BufferCmd
 .text.Get_CalibrationValue
                0x0000000000007f86      0x18c ./Peripheral/src/ch32v30x_adc.o
                0x0000000000007f86                Get_CalibrationValue
 .text.DMA_DeInit
                0x0000000000008112      0x16c ./Peripheral/src/ch32v30x_dma.o
                0x0000000000008112                DMA_DeInit
 .text.DMA_Init
                0x000000000000827e       0x38 ./Peripheral/src/ch32v30x_dma.o
                0x000000000000827e                DMA_Init
 .text.DMA_Cmd  0x00000000000082b6       0x14 ./Peripheral/src/ch32v30x_dma.o
                0x00000000000082b6                DMA_Cmd
 .text.GPIO_Init
                0x00000000000082ca       0xc2 ./Peripheral/src/ch32v30x_gpio.o
                0x00000000000082ca                GPIO_Init
 .text.GPIO_ReadInputDataBit
                0x000000000000838c        0xa ./Peripheral/src/ch32v30x_gpio.o
                0x000000000000838c                GPIO_ReadInputDataBit
 .text.GPIO_ReadInputData
                0x0000000000008396        0x8 ./Peripheral/src/ch32v30x_gpio.o
                0x0000000000008396                GPIO_ReadInputData
 .text.GPIO_SetBits
                0x000000000000839e        0x4 ./Peripheral/src/ch32v30x_gpio.o
                0x000000000000839e                GPIO_SetBits
 .text.GPIO_ResetBits
                0x00000000000083a2        0x4 ./Peripheral/src/ch32v30x_gpio.o
                0x00000000000083a2                GPIO_ResetBits
 .text.GPIO_WriteBit
                0x00000000000083a6        0xa ./Peripheral/src/ch32v30x_gpio.o
                0x00000000000083a6                GPIO_WriteBit
 .text.GPIO_PinRemapConfig
                0x00000000000083b0       0x86 ./Peripheral/src/ch32v30x_gpio.o
                0x00000000000083b0                GPIO_PinRemapConfig
 .text.NVIC_Init
                0x0000000000008436       0xb8 ./Peripheral/src/ch32v30x_misc.o
                0x0000000000008436                NVIC_Init
 .text.RCC_ADCCLKConfig
                0x00000000000084ee       0x12 ./Peripheral/src/ch32v30x_rcc.o
                0x00000000000084ee                RCC_ADCCLKConfig
 .text.RCC_GetClocksFreq
                0x0000000000008500      0x10e ./Peripheral/src/ch32v30x_rcc.o
                0x0000000000008500                RCC_GetClocksFreq
 .text.RCC_AHBPeriphClockCmd
                0x000000000000860e       0x1e ./Peripheral/src/ch32v30x_rcc.o
                0x000000000000860e                RCC_AHBPeriphClockCmd
 .text.RCC_APB2PeriphClockCmd
                0x000000000000862c       0x1e ./Peripheral/src/ch32v30x_rcc.o
                0x000000000000862c                RCC_APB2PeriphClockCmd
 .text.RCC_APB1PeriphClockCmd
                0x000000000000864a       0x1e ./Peripheral/src/ch32v30x_rcc.o
                0x000000000000864a                RCC_APB1PeriphClockCmd
 .text.RCC_APB2PeriphResetCmd
                0x0000000000008668       0x1e ./Peripheral/src/ch32v30x_rcc.o
                0x0000000000008668                RCC_APB2PeriphResetCmd
 .text.SDIO_DeInit
                0x0000000000008686       0x30 ./Peripheral/src/ch32v30x_sdio.o
                0x0000000000008686                SDIO_DeInit
 .text.SDIO_Init
                0x00000000000086b6       0x2c ./Peripheral/src/ch32v30x_sdio.o
                0x00000000000086b6                SDIO_Init
 .text.SDIO_ClockCmd
                0x00000000000086e2       0x16 ./Peripheral/src/ch32v30x_sdio.o
                0x00000000000086e2                SDIO_ClockCmd
 .text.SDIO_SetPowerState
                0x00000000000086f8       0x12 ./Peripheral/src/ch32v30x_sdio.o
                0x00000000000086f8                SDIO_SetPowerState
 .text.SDIO_GetPowerState
                0x000000000000870a        0xa ./Peripheral/src/ch32v30x_sdio.o
                0x000000000000870a                SDIO_GetPowerState
 .text.SDIO_DMACmd
                0x0000000000008714       0x14 ./Peripheral/src/ch32v30x_sdio.o
                0x0000000000008714                SDIO_DMACmd
 .text.SDIO_SendCommand
                0x0000000000008728       0x22 ./Peripheral/src/ch32v30x_sdio.o
                0x0000000000008728                SDIO_SendCommand
 .text.SDIO_DataConfig
                0x000000000000874a       0x26 ./Peripheral/src/ch32v30x_sdio.o
                0x000000000000874a                SDIO_DataConfig
 .text.SDIO_ReadData
                0x0000000000008770        0xa ./Peripheral/src/ch32v30x_sdio.o
                0x0000000000008770                SDIO_ReadData
 .text.SDIO_WriteData
                0x000000000000877a        0xa ./Peripheral/src/ch32v30x_sdio.o
                0x000000000000877a                SDIO_WriteData
 .text.SDIO_GetFlagStatus
                0x0000000000008784        0xe ./Peripheral/src/ch32v30x_sdio.o
                0x0000000000008784                SDIO_GetFlagStatus
 .text.SDIO_ClearFlag
                0x0000000000008792        0x8 ./Peripheral/src/ch32v30x_sdio.o
                0x0000000000008792                SDIO_ClearFlag
 .text.SPI_Init
                0x000000000000879a       0x5a ./Peripheral/src/ch32v30x_spi.o
                0x000000000000879a                SPI_Init
 .text.SPI_Cmd  0x00000000000087f4       0x1e ./Peripheral/src/ch32v30x_spi.o
                0x00000000000087f4                SPI_Cmd
 .text.SPI_I2S_SendData
                0x0000000000008812        0x6 ./Peripheral/src/ch32v30x_spi.o
                0x0000000000008812                SPI_I2S_SendData
 .text.SPI_I2S_ReceiveData
                0x0000000000008818        0x6 ./Peripheral/src/ch32v30x_spi.o
                0x0000000000008818                SPI_I2S_ReceiveData
 .text.SPI_I2S_GetFlagStatus
                0x000000000000881e        0xc ./Peripheral/src/ch32v30x_spi.o
                0x000000000000881e                SPI_I2S_GetFlagStatus
 .text.USART_Init
                0x000000000000882a       0xda ./Peripheral/src/ch32v30x_usart.o
                0x000000000000882a                USART_Init
 .text.USART_Cmd
                0x0000000000008904       0x1c ./Peripheral/src/ch32v30x_usart.o
                0x0000000000008904                USART_Cmd
 .text.USART_ITConfig
                0x0000000000008920       0x36 ./Peripheral/src/ch32v30x_usart.o
                0x0000000000008920                USART_ITConfig
 .text.USART_SendData
                0x0000000000008956        0xa ./Peripheral/src/ch32v30x_usart.o
                0x0000000000008956                USART_SendData
 .text.USART_ReceiveData
                0x0000000000008960        0xa ./Peripheral/src/ch32v30x_usart.o
                0x0000000000008960                USART_ReceiveData
 .text.USART_GetFlagStatus
                0x000000000000896a        0xc ./Peripheral/src/ch32v30x_usart.o
                0x000000000000896a                USART_GetFlagStatus
 .text.USART_GetITStatus
                0x0000000000008976       0x44 ./Peripheral/src/ch32v30x_usart.o
                0x0000000000008976                USART_GetITStatus
 .text.Delay_Init
                0x00000000000089ba       0x22 ./Debug/debug.o
                0x00000000000089ba                Delay_Init
 .text.Delay_Us
                0x00000000000089dc        0x6 ./Debug/debug.o
                0x00000000000089dc                Delay_Us
 .text.Delay_Ms
                0x00000000000089e2       0x2c ./Debug/debug.o
                0x00000000000089e2                Delay_Ms
 .text.USART_Printf_Init
                0x0000000000008a0e       0x5e ./Debug/debug.o
                0x0000000000008a0e                USART_Printf_Init
 .text._write   0x0000000000008a6c       0x50 ./Debug/debug.o
                0x0000000000008a6c                _write
 .text.__get_MEPC
                0x0000000000008abc        0x6 ./Core/core_riscv.o
                0x0000000000008abc                __get_MEPC
 .text.__get_MCAUSE
                0x0000000000008ac2        0x6 ./Core/core_riscv.o
                0x0000000000008ac2                __get_MCAUSE
 .text.__get_MTVAL
                0x0000000000008ac8        0x6 ./Core/core_riscv.o
                0x0000000000008ac8                __get_MTVAL
 .text.__udivdi3
                0x0000000000008ace      0x398 d:/1softinstallpath/mounriver/mounriver_studio/toolchain/risc-v embedded gcc/bin/../lib/gcc/riscv-none-embed/8.2.0/rv32imafc/ilp32f\libgcc.a(_udivdi3.o)
                0x0000000000008ace                __udivdi3
 .text.__adddf3
                0x0000000000008e66      0xa0e d:/1softinstallpath/mounriver/mounriver_studio/toolchain/risc-v embedded gcc/bin/../lib/gcc/riscv-none-embed/8.2.0/rv32imafc/ilp32f\libgcc.a(adddf3.o)
                0x0000000000008e66                __adddf3
 .text.__divdf3
                0x0000000000009874      0x7e8 d:/1softinstallpath/mounriver/mounriver_studio/toolchain/risc-v embedded gcc/bin/../lib/gcc/riscv-none-embed/8.2.0/rv32imafc/ilp32f\libgcc.a(divdf3.o)
                0x0000000000009874                __divdf3
 .text.__fixunsdfsi
                0x000000000000a05c       0x9e d:/1softinstallpath/mounriver/mounriver_studio/toolchain/risc-v embedded gcc/bin/../lib/gcc/riscv-none-embed/8.2.0/rv32imafc/ilp32f\libgcc.a(fixunsdfsi.o)
                0x000000000000a05c                __fixunsdfsi
 .text.__floatsidf
                0x000000000000a0fa       0x70 d:/1softinstallpath/mounriver/mounriver_studio/toolchain/risc-v embedded gcc/bin/../lib/gcc/riscv-none-embed/8.2.0/rv32imafc/ilp32f\libgcc.a(floatsidf.o)
                0x000000000000a0fa                __floatsidf
 .text.__truncdfsf2
                0x000000000000a16a      0x31e d:/1softinstallpath/mounriver/mounriver_studio/toolchain/risc-v embedded gcc/bin/../lib/gcc/riscv-none-embed/8.2.0/rv32imafc/ilp32f\libgcc.a(truncdfsf2.o)
                0x000000000000a16a                __truncdfsf2
 .text.__clzsi2
                0x000000000000a488       0x76 d:/1softinstallpath/mounriver/mounriver_studio/toolchain/risc-v embedded gcc/bin/../lib/gcc/riscv-none-embed/8.2.0/rv32imafc/ilp32f\libgcc.a(_clzsi2.o)
                0x000000000000a488                __clzsi2
 .text.__sflush_r
                0x000000000000a4fe      0x13c d:/1softinstallpath/mounriver/mounriver_studio/toolchain/risc-v embedded gcc/bin/../lib/gcc/riscv-none-embed/8.2.0/../../../../riscv-none-embed/lib/rv32imafc/ilp32f\libg_nano.a(lib_a-fflush.o)
                0x000000000000a4fe                __sflush_r
 .text._fflush_r
                0x000000000000a63a       0x66 d:/1softinstallpath/mounriver/mounriver_studio/toolchain/risc-v embedded gcc/bin/../lib/gcc/riscv-none-embed/8.2.0/../../../../riscv-none-embed/lib/rv32imafc/ilp32f\libg_nano.a(lib_a-fflush.o)
                0x000000000000a63a                _fflush_r
 .text.std      0x000000000000a6a0       0x6a d:/1softinstallpath/mounriver/mounriver_studio/toolchain/risc-v embedded gcc/bin/../lib/gcc/riscv-none-embed/8.2.0/../../../../riscv-none-embed/lib/rv32imafc/ilp32f\libg_nano.a(lib_a-findfp.o)
 .text._cleanup_r
                0x000000000000a70a        0xa d:/1softinstallpath/mounriver/mounriver_studio/toolchain/risc-v embedded gcc/bin/../lib/gcc/riscv-none-embed/8.2.0/../../../../riscv-none-embed/lib/rv32imafc/ilp32f\libg_nano.a(lib_a-findfp.o)
                0x000000000000a70a                _cleanup_r
 .text.__sfmoreglue
                0x000000000000a714       0x46 d:/1softinstallpath/mounriver/mounriver_studio/toolchain/risc-v embedded gcc/bin/../lib/gcc/riscv-none-embed/8.2.0/../../../../riscv-none-embed/lib/rv32imafc/ilp32f\libg_nano.a(lib_a-findfp.o)
                0x000000000000a714                __sfmoreglue
 .text.__sinit  0x000000000000a75a       0x6c d:/1softinstallpath/mounriver/mounriver_studio/toolchain/risc-v embedded gcc/bin/../lib/gcc/riscv-none-embed/8.2.0/../../../../riscv-none-embed/lib/rv32imafc/ilp32f\libg_nano.a(lib_a-findfp.o)
                0x000000000000a75a                __sinit
 .text.__sfp    0x000000000000a7c6       0xa0 d:/1softinstallpath/mounriver/mounriver_studio/toolchain/risc-v embedded gcc/bin/../lib/gcc/riscv-none-embed/8.2.0/../../../../riscv-none-embed/lib/rv32imafc/ilp32f\libg_nano.a(lib_a-findfp.o)
                0x000000000000a7c6                __sfp
 .text._fwalk_reent
                0x000000000000a866       0x6c d:/1softinstallpath/mounriver/mounriver_studio/toolchain/risc-v embedded gcc/bin/../lib/gcc/riscv-none-embed/8.2.0/../../../../riscv-none-embed/lib/rv32imafc/ilp32f\libg_nano.a(lib_a-fwalk.o)
                0x000000000000a866                _fwalk_reent
 .text.memcmp   0x000000000000a8d2       0x26 d:/1softinstallpath/mounriver/mounriver_studio/toolchain/risc-v embedded gcc/bin/../lib/gcc/riscv-none-embed/8.2.0/../../../../riscv-none-embed/lib/rv32imafc/ilp32f\libg_nano.a(lib_a-memcmp.o)
                0x000000000000a8d2                memcmp
 .text.memcpy   0x000000000000a8f8       0xb6 d:/1softinstallpath/mounriver/mounriver_studio/toolchain/risc-v embedded gcc/bin/../lib/gcc/riscv-none-embed/8.2.0/../../../../riscv-none-embed/lib/rv32imafc/ilp32f\libg_nano.a(lib_a-memcpy.o)
                0x000000000000a8f8                memcpy
 .text.memmove  0x000000000000a9ae       0x4a d:/1softinstallpath/mounriver/mounriver_studio/toolchain/risc-v embedded gcc/bin/../lib/gcc/riscv-none-embed/8.2.0/../../../../riscv-none-embed/lib/rv32imafc/ilp32f\libg_nano.a(lib_a-memmove.o)
                0x000000000000a9ae                memmove
 .text._free_r  0x000000000000a9f8       0xa8 d:/1softinstallpath/mounriver/mounriver_studio/toolchain/risc-v embedded gcc/bin/../lib/gcc/riscv-none-embed/8.2.0/../../../../riscv-none-embed/lib/rv32imafc/ilp32f\libg_nano.a(lib_a-nano-freer.o)
                0x000000000000a9f8                _free_r
 .text._malloc_r
                0x000000000000aaa0       0xd4 d:/1softinstallpath/mounriver/mounriver_studio/toolchain/risc-v embedded gcc/bin/../lib/gcc/riscv-none-embed/8.2.0/../../../../riscv-none-embed/lib/rv32imafc/ilp32f\libg_nano.a(lib_a-nano-mallocr.o)
                0x000000000000aaa0                _malloc_r
 .text.printf   0x000000000000ab74       0x42 d:/1softinstallpath/mounriver/mounriver_studio/toolchain/risc-v embedded gcc/bin/../lib/gcc/riscv-none-embed/8.2.0/../../../../riscv-none-embed/lib/rv32imafc/ilp32f\libg_nano.a(lib_a-printf.o)
                0x000000000000ab74                iprintf
                0x000000000000ab74                printf
 .text.putchar  0x000000000000abb6       0x2c d:/1softinstallpath/mounriver/mounriver_studio/toolchain/risc-v embedded gcc/bin/../lib/gcc/riscv-none-embed/8.2.0/../../../../riscv-none-embed/lib/rv32imafc/ilp32f\libg_nano.a(lib_a-putchar.o)
                0x000000000000abb6                putchar
 .text._puts_r  0x000000000000abe2       0xde d:/1softinstallpath/mounriver/mounriver_studio/toolchain/risc-v embedded gcc/bin/../lib/gcc/riscv-none-embed/8.2.0/../../../../riscv-none-embed/lib/rv32imafc/ilp32f\libg_nano.a(lib_a-puts.o)
                0x000000000000abe2                _puts_r
 .text.puts     0x000000000000acc0        0xc d:/1softinstallpath/mounriver/mounriver_studio/toolchain/risc-v embedded gcc/bin/../lib/gcc/riscv-none-embed/8.2.0/../../../../riscv-none-embed/lib/rv32imafc/ilp32f\libg_nano.a(lib_a-puts.o)
                0x000000000000acc0                puts
 .text._sbrk_r  0x000000000000accc       0x32 d:/1softinstallpath/mounriver/mounriver_studio/toolchain/risc-v embedded gcc/bin/../lib/gcc/riscv-none-embed/8.2.0/../../../../riscv-none-embed/lib/rv32imafc/ilp32f\libg_nano.a(lib_a-sbrkr.o)
                0x000000000000accc                _sbrk_r
 .text.snprintf
                0x000000000000acfe       0x70 d:/1softinstallpath/mounriver/mounriver_studio/toolchain/risc-v embedded gcc/bin/../lib/gcc/riscv-none-embed/8.2.0/../../../../riscv-none-embed/lib/rv32imafc/ilp32f\libg_nano.a(lib_a-snprintf.o)
                0x000000000000acfe                sniprintf
                0x000000000000acfe                snprintf
 .text.sprintf  0x000000000000ad6e       0x46 d:/1softinstallpath/mounriver/mounriver_studio/toolchain/risc-v embedded gcc/bin/../lib/gcc/riscv-none-embed/8.2.0/../../../../riscv-none-embed/lib/rv32imafc/ilp32f\libg_nano.a(lib_a-sprintf.o)
                0x000000000000ad6e                siprintf
                0x000000000000ad6e                sprintf
 .text.sscanf   0x000000000000adb4       0x52 d:/1softinstallpath/mounriver/mounriver_studio/toolchain/risc-v embedded gcc/bin/../lib/gcc/riscv-none-embed/8.2.0/../../../../riscv-none-embed/lib/rv32imafc/ilp32f\libg_nano.a(lib_a-sscanf.o)
                0x000000000000adb4                siscanf
                0x000000000000adb4                sscanf
 .text.__sread  0x000000000000ae06       0x32 d:/1softinstallpath/mounriver/mounriver_studio/toolchain/risc-v embedded gcc/bin/../lib/gcc/riscv-none-embed/8.2.0/../../../../riscv-none-embed/lib/rv32imafc/ilp32f\libg_nano.a(lib_a-stdio.o)
                0x000000000000ae06                __sread
 .text.__seofread
                0x000000000000ae38        0x4 d:/1softinstallpath/mounriver/mounriver_studio/toolchain/risc-v embedded gcc/bin/../lib/gcc/riscv-none-embed/8.2.0/../../../../riscv-none-embed/lib/rv32imafc/ilp32f\libg_nano.a(lib_a-stdio.o)
                0x000000000000ae38                __seofread
 .text.__swrite
                0x000000000000ae3c       0x4e d:/1softinstallpath/mounriver/mounriver_studio/toolchain/risc-v embedded gcc/bin/../lib/gcc/riscv-none-embed/8.2.0/../../../../riscv-none-embed/lib/rv32imafc/ilp32f\libg_nano.a(lib_a-stdio.o)
                0x000000000000ae3c                __swrite
 .text.__sseek  0x000000000000ae8a       0x36 d:/1softinstallpath/mounriver/mounriver_studio/toolchain/risc-v embedded gcc/bin/../lib/gcc/riscv-none-embed/8.2.0/../../../../riscv-none-embed/lib/rv32imafc/ilp32f\libg_nano.a(lib_a-stdio.o)
                0x000000000000ae8a                __sseek
 .text.__sclose
                0x000000000000aec0        0x6 d:/1softinstallpath/mounriver/mounriver_studio/toolchain/risc-v embedded gcc/bin/../lib/gcc/riscv-none-embed/8.2.0/../../../../riscv-none-embed/lib/rv32imafc/ilp32f\libg_nano.a(lib_a-stdio.o)
                0x000000000000aec0                __sclose
 .text.strcat   0x000000000000aec6       0x20 d:/1softinstallpath/mounriver/mounriver_studio/toolchain/risc-v embedded gcc/bin/../lib/gcc/riscv-none-embed/8.2.0/../../../../riscv-none-embed/lib/rv32imafc/ilp32f\libg_nano.a(lib_a-strcat.o)
                0x000000000000aec6                strcat
 .text.strlen   0x000000000000aee6       0x12 d:/1softinstallpath/mounriver/mounriver_studio/toolchain/risc-v embedded gcc/bin/../lib/gcc/riscv-none-embed/8.2.0/../../../../riscv-none-embed/lib/rv32imafc/ilp32f\libg_nano.a(lib_a-strlen.o)
                0x000000000000aee6                strlen
 .text.strncmp  0x000000000000aef8       0x2c d:/1softinstallpath/mounriver/mounriver_studio/toolchain/risc-v embedded gcc/bin/../lib/gcc/riscv-none-embed/8.2.0/../../../../riscv-none-embed/lib/rv32imafc/ilp32f\libg_nano.a(lib_a-strncmp.o)
                0x000000000000aef8                strncmp
 .text.strncpy  0x000000000000af24       0x24 d:/1softinstallpath/mounriver/mounriver_studio/toolchain/risc-v embedded gcc/bin/../lib/gcc/riscv-none-embed/8.2.0/../../../../riscv-none-embed/lib/rv32imafc/ilp32f\libg_nano.a(lib_a-strncpy.o)
                0x000000000000af24                strncpy
 .text.strstr   0x000000000000af48       0x3e d:/1softinstallpath/mounriver/mounriver_studio/toolchain/risc-v embedded gcc/bin/../lib/gcc/riscv-none-embed/8.2.0/../../../../riscv-none-embed/lib/rv32imafc/ilp32f\libg_nano.a(lib_a-strstr.o)
                0x000000000000af48                strstr
 .text._strtol_l.isra.0
                0x000000000000af86      0x142 d:/1softinstallpath/mounriver/mounriver_studio/toolchain/risc-v embedded gcc/bin/../lib/gcc/riscv-none-embed/8.2.0/../../../../riscv-none-embed/lib/rv32imafc/ilp32f\libg_nano.a(lib_a-strtol.o)
 .text._strtol_r
                0x000000000000b0c8       0x16 d:/1softinstallpath/mounriver/mounriver_studio/toolchain/risc-v embedded gcc/bin/../lib/gcc/riscv-none-embed/8.2.0/../../../../riscv-none-embed/lib/rv32imafc/ilp32f\libg_nano.a(lib_a-strtol.o)
                0x000000000000b0c8                _strtol_r
 .text._strtoul_l.isra.0
                0x000000000000b0de      0x138 d:/1softinstallpath/mounriver/mounriver_studio/toolchain/risc-v embedded gcc/bin/../lib/gcc/riscv-none-embed/8.2.0/../../../../riscv-none-embed/lib/rv32imafc/ilp32f\libg_nano.a(lib_a-strtoul.o)
 .text._strtoul_r
                0x000000000000b216       0x16 d:/1softinstallpath/mounriver/mounriver_studio/toolchain/risc-v embedded gcc/bin/../lib/gcc/riscv-none-embed/8.2.0/../../../../riscv-none-embed/lib/rv32imafc/ilp32f\libg_nano.a(lib_a-strtoul.o)
                0x000000000000b216                _strtoul_r
 .text._vsnprintf_r
                0x000000000000b22c       0x5e d:/1softinstallpath/mounriver/mounriver_studio/toolchain/risc-v embedded gcc/bin/../lib/gcc/riscv-none-embed/8.2.0/../../../../riscv-none-embed/lib/rv32imafc/ilp32f\libg_nano.a(lib_a-vsnprintf.o)
                0x000000000000b22c                _vsniprintf_r
                0x000000000000b22c                _vsnprintf_r
 .text.vsnprintf
                0x000000000000b28a       0x12 d:/1softinstallpath/mounriver/mounriver_studio/toolchain/risc-v embedded gcc/bin/../lib/gcc/riscv-none-embed/8.2.0/../../../../riscv-none-embed/lib/rv32imafc/ilp32f\libg_nano.a(lib_a-vsnprintf.o)
                0x000000000000b28a                vsniprintf
                0x000000000000b28a                vsnprintf
 .text.__swbuf_r
                0x000000000000b29c       0xc6 d:/1softinstallpath/mounriver/mounriver_studio/toolchain/risc-v embedded gcc/bin/../lib/gcc/riscv-none-embed/8.2.0/../../../../riscv-none-embed/lib/rv32imafc/ilp32f\libg_nano.a(lib_a-wbuf.o)
                0x000000000000b29c                __swbuf_r
 .text._write_r
                0x000000000000b362       0x36 d:/1softinstallpath/mounriver/mounriver_studio/toolchain/risc-v embedded gcc/bin/../lib/gcc/riscv-none-embed/8.2.0/../../../../riscv-none-embed/lib/rv32imafc/ilp32f\libg_nano.a(lib_a-writer.o)
                0x000000000000b362                _write_r
 .text.__swsetup_r
                0x000000000000b398      0x110 d:/1softinstallpath/mounriver/mounriver_studio/toolchain/risc-v embedded gcc/bin/../lib/gcc/riscv-none-embed/8.2.0/../../../../riscv-none-embed/lib/rv32imafc/ilp32f\libg_nano.a(lib_a-wsetup.o)
                0x000000000000b398                __swsetup_r
 .text._close_r
                0x000000000000b4a8       0x32 d:/1softinstallpath/mounriver/mounriver_studio/toolchain/risc-v embedded gcc/bin/../lib/gcc/riscv-none-embed/8.2.0/../../../../riscv-none-embed/lib/rv32imafc/ilp32f\libg_nano.a(lib_a-closer.o)
                0x000000000000b4a8                _close_r
 .text.__locale_ctype_ptr_l
                0x000000000000b4da        0x6 d:/1softinstallpath/mounriver/mounriver_studio/toolchain/risc-v embedded gcc/bin/../lib/gcc/riscv-none-embed/8.2.0/../../../../riscv-none-embed/lib/rv32imafc/ilp32f\libg_nano.a(lib_a-locale.o)
                0x000000000000b4da                __locale_ctype_ptr_l
 .text.__locale_ctype_ptr
                0x000000000000b4e0       0x18 d:/1softinstallpath/mounriver/mounriver_studio/toolchain/risc-v embedded gcc/bin/../lib/gcc/riscv-none-embed/8.2.0/../../../../riscv-none-embed/lib/rv32imafc/ilp32f\libg_nano.a(lib_a-locale.o)
                0x000000000000b4e0                __locale_ctype_ptr
 .text._lseek_r
                0x000000000000b4f8       0x36 d:/1softinstallpath/mounriver/mounriver_studio/toolchain/risc-v embedded gcc/bin/../lib/gcc/riscv-none-embed/8.2.0/../../../../riscv-none-embed/lib/rv32imafc/ilp32f\libg_nano.a(lib_a-lseekr.o)
                0x000000000000b4f8                _lseek_r
 .text.__swhatbuf_r
                0x000000000000b52e       0x5a d:/1softinstallpath/mounriver/mounriver_studio/toolchain/risc-v embedded gcc/bin/../lib/gcc/riscv-none-embed/8.2.0/../../../../riscv-none-embed/lib/rv32imafc/ilp32f\libg_nano.a(lib_a-makebuf.o)
                0x000000000000b52e                __swhatbuf_r
 .text.__smakebuf_r
                0x000000000000b588       0xa2 d:/1softinstallpath/mounriver/mounriver_studio/toolchain/risc-v embedded gcc/bin/../lib/gcc/riscv-none-embed/8.2.0/../../../../riscv-none-embed/lib/rv32imafc/ilp32f\libg_nano.a(lib_a-makebuf.o)
                0x000000000000b588                __smakebuf_r
 .text.__ascii_mbtowc
                0x000000000000b62a       0x3a d:/1softinstallpath/mounriver/mounriver_studio/toolchain/risc-v embedded gcc/bin/../lib/gcc/riscv-none-embed/8.2.0/../../../../riscv-none-embed/lib/rv32imafc/ilp32f\libg_nano.a(lib_a-mbtowc_r.o)
                0x000000000000b62a                __ascii_mbtowc
 .text.__malloc_lock
                0x000000000000b664        0x2 d:/1softinstallpath/mounriver/mounriver_studio/toolchain/risc-v embedded gcc/bin/../lib/gcc/riscv-none-embed/8.2.0/../../../../riscv-none-embed/lib/rv32imafc/ilp32f\libg_nano.a(lib_a-mlock.o)
                0x000000000000b664                __malloc_lock
 .text.__malloc_unlock
                0x000000000000b666        0x2 d:/1softinstallpath/mounriver/mounriver_studio/toolchain/risc-v embedded gcc/bin/../lib/gcc/riscv-none-embed/8.2.0/../../../../riscv-none-embed/lib/rv32imafc/ilp32f\libg_nano.a(lib_a-mlock.o)
                0x000000000000b666                __malloc_unlock
 .text.__ssputs_r
                0x000000000000b668       0xee d:/1softinstallpath/mounriver/mounriver_studio/toolchain/risc-v embedded gcc/bin/../lib/gcc/riscv-none-embed/8.2.0/../../../../riscv-none-embed/lib/rv32imafc/ilp32f\libg_nano.a(lib_a-nano-svfprintf.o)
                0x000000000000b668                __ssputs_r
 .text._svfprintf_r
                0x000000000000b756      0x282 d:/1softinstallpath/mounriver/mounriver_studio/toolchain/risc-v embedded gcc/bin/../lib/gcc/riscv-none-embed/8.2.0/../../../../riscv-none-embed/lib/rv32imafc/ilp32f\libg_nano.a(lib_a-nano-svfprintf.o)
                0x000000000000b756                _svfiprintf_r
                0x000000000000b756                _svfprintf_r
 .text._sungetc_r
                0x000000000000b9d8       0x9a d:/1softinstallpath/mounriver/mounriver_studio/toolchain/risc-v embedded gcc/bin/../lib/gcc/riscv-none-embed/8.2.0/../../../../riscv-none-embed/lib/rv32imafc/ilp32f\libg_nano.a(lib_a-nano-svfscanf.o)
                0x000000000000b9d8                _sungetc_r
 .text.__ssrefill_r
                0x000000000000ba72       0x48 d:/1softinstallpath/mounriver/mounriver_studio/toolchain/risc-v embedded gcc/bin/../lib/gcc/riscv-none-embed/8.2.0/../../../../riscv-none-embed/lib/rv32imafc/ilp32f\libg_nano.a(lib_a-nano-svfscanf.o)
                0x000000000000ba72                __ssrefill_r
 .text.__ssvfscanf_r
                0x000000000000baba      0x3bc d:/1softinstallpath/mounriver/mounriver_studio/toolchain/risc-v embedded gcc/bin/../lib/gcc/riscv-none-embed/8.2.0/../../../../riscv-none-embed/lib/rv32imafc/ilp32f\libg_nano.a(lib_a-nano-svfscanf.o)
                0x000000000000baba                __ssvfiscanf_r
                0x000000000000baba                __ssvfscanf_r
 .text.__sfputc_r
                0x000000000000be76       0x2a d:/1softinstallpath/mounriver/mounriver_studio/toolchain/risc-v embedded gcc/bin/../lib/gcc/riscv-none-embed/8.2.0/../../../../riscv-none-embed/lib/rv32imafc/ilp32f\libg_nano.a(lib_a-nano-vfprintf.o)
 .text.__sfputs_r
                0x000000000000bea0       0x44 d:/1softinstallpath/mounriver/mounriver_studio/toolchain/risc-v embedded gcc/bin/../lib/gcc/riscv-none-embed/8.2.0/../../../../riscv-none-embed/lib/rv32imafc/ilp32f\libg_nano.a(lib_a-nano-vfprintf.o)
                0x000000000000bea0                __sfputs_r
 .text._vfprintf_r
                0x000000000000bee4      0x2a2 d:/1softinstallpath/mounriver/mounriver_studio/toolchain/risc-v embedded gcc/bin/../lib/gcc/riscv-none-embed/8.2.0/../../../../riscv-none-embed/lib/rv32imafc/ilp32f\libg_nano.a(lib_a-nano-vfprintf.o)
                0x000000000000bee4                _vfprintf_r
                0x000000000000bee4                _vfiprintf_r
 .text._printf_common
                0x000000000000c186      0x10c d:/1softinstallpath/mounriver/mounriver_studio/toolchain/risc-v embedded gcc/bin/../lib/gcc/riscv-none-embed/8.2.0/../../../../riscv-none-embed/lib/rv32imafc/ilp32f\libg_nano.a(lib_a-nano-vfprintf_i.o)
                0x000000000000c186                _printf_common
 .text._printf_i
                0x000000000000c292      0x2aa d:/1softinstallpath/mounriver/mounriver_studio/toolchain/risc-v embedded gcc/bin/../lib/gcc/riscv-none-embed/8.2.0/../../../../riscv-none-embed/lib/rv32imafc/ilp32f\libg_nano.a(lib_a-nano-vfprintf_i.o)
                0x000000000000c292                _printf_i
 .text._scanf_chars
                0x000000000000c53c       0xec d:/1softinstallpath/mounriver/mounriver_studio/toolchain/risc-v embedded gcc/bin/../lib/gcc/riscv-none-embed/8.2.0/../../../../riscv-none-embed/lib/rv32imafc/ilp32f\libg_nano.a(lib_a-nano-vfscanf_i.o)
                0x000000000000c53c                _scanf_chars
 .text._scanf_i
                0x000000000000c628      0x260 d:/1softinstallpath/mounriver/mounriver_studio/toolchain/risc-v embedded gcc/bin/../lib/gcc/riscv-none-embed/8.2.0/../../../../riscv-none-embed/lib/rv32imafc/ilp32f\libg_nano.a(lib_a-nano-vfscanf_i.o)
                0x000000000000c628                _scanf_i
 .text._putc_r  0x000000000000c888       0x86 d:/1softinstallpath/mounriver/mounriver_studio/toolchain/risc-v embedded gcc/bin/../lib/gcc/riscv-none-embed/8.2.0/../../../../riscv-none-embed/lib/rv32imafc/ilp32f\libg_nano.a(lib_a-putc.o)
                0x000000000000c888                _putc_r
 .text._read_r  0x000000000000c90e       0x34 d:/1softinstallpath/mounriver/mounriver_studio/toolchain/risc-v embedded gcc/bin/../lib/gcc/riscv-none-embed/8.2.0/../../../../riscv-none-embed/lib/rv32imafc/ilp32f\libg_nano.a(lib_a-readr.o)
                0x000000000000c90e                _read_r
 .text.__sccl   0x000000000000c942       0x8e d:/1softinstallpath/mounriver/mounriver_studio/toolchain/risc-v embedded gcc/bin/../lib/gcc/riscv-none-embed/8.2.0/../../../../riscv-none-embed/lib/rv32imafc/ilp32f\libg_nano.a(lib_a-sccl.o)
                0x000000000000c942                __sccl
 .text.__submore
                0x000000000000c9d0       0x8a d:/1softinstallpath/mounriver/mounriver_studio/toolchain/risc-v embedded gcc/bin/../lib/gcc/riscv-none-embed/8.2.0/../../../../riscv-none-embed/lib/rv32imafc/ilp32f\libg_nano.a(lib_a-ungetc.o)
                0x000000000000c9d0                __submore
 .text.__ascii_wctomb
                0x000000000000ca5a       0x20 d:/1softinstallpath/mounriver/mounriver_studio/toolchain/risc-v embedded gcc/bin/../lib/gcc/riscv-none-embed/8.2.0/../../../../riscv-none-embed/lib/rv32imafc/ilp32f\libg_nano.a(lib_a-wctomb_r.o)
                0x000000000000ca5a                __ascii_wctomb
 .text._fstat_r
                0x000000000000ca7a       0x32 d:/1softinstallpath/mounriver/mounriver_studio/toolchain/risc-v embedded gcc/bin/../lib/gcc/riscv-none-embed/8.2.0/../../../../riscv-none-embed/lib/rv32imafc/ilp32f\libg_nano.a(lib_a-fstatr.o)
                0x000000000000ca7a                _fstat_r
 .text._isatty_r
                0x000000000000caac       0x30 d:/1softinstallpath/mounriver/mounriver_studio/toolchain/risc-v embedded gcc/bin/../lib/gcc/riscv-none-embed/8.2.0/../../../../riscv-none-embed/lib/rv32imafc/ilp32f\libg_nano.a(lib_a-isattyr.o)
                0x000000000000caac                _isatty_r
 .text.memchr   0x000000000000cadc       0x1a d:/1softinstallpath/mounriver/mounriver_studio/toolchain/risc-v embedded gcc/bin/../lib/gcc/riscv-none-embed/8.2.0/../../../../riscv-none-embed/lib/rv32imafc/ilp32f\libg_nano.a(lib_a-memchr.o)
                0x000000000000cadc                memchr
 .text._realloc_r
                0x000000000000caf6       0x58 d:/1softinstallpath/mounriver/mounriver_studio/toolchain/risc-v embedded gcc/bin/../lib/gcc/riscv-none-embed/8.2.0/../../../../riscv-none-embed/lib/rv32imafc/ilp32f\libg_nano.a(lib_a-nano-reallocr.o)
                0x000000000000caf6                _realloc_r
 .text._malloc_usable_size_r
                0x000000000000cb4e       0x14 d:/1softinstallpath/mounriver/mounriver_studio/toolchain/risc-v embedded gcc/bin/../lib/gcc/riscv-none-embed/8.2.0/../../../../riscv-none-embed/lib/rv32imafc/ilp32f\libg_nano.a(lib_a-nano-msizer.o)
                0x000000000000cb4e                _malloc_usable_size_r
 .text._close   0x000000000000cb62       0x10 d:/1softinstallpath/mounriver/mounriver_studio/toolchain/risc-v embedded gcc/bin/../lib/gcc/riscv-none-embed/8.2.0/../../../../riscv-none-embed/lib/rv32imafc/ilp32f\libnosys.a(close.o)
                0x000000000000cb62                _close
 .text._fstat   0x000000000000cb72       0x10 d:/1softinstallpath/mounriver/mounriver_studio/toolchain/risc-v embedded gcc/bin/../lib/gcc/riscv-none-embed/8.2.0/../../../../riscv-none-embed/lib/rv32imafc/ilp32f\libnosys.a(fstat.o)
                0x000000000000cb72                _fstat
 .text._isatty  0x000000000000cb82       0x10 d:/1softinstallpath/mounriver/mounriver_studio/toolchain/risc-v embedded gcc/bin/../lib/gcc/riscv-none-embed/8.2.0/../../../../riscv-none-embed/lib/rv32imafc/ilp32f\libnosys.a(isatty.o)
                0x000000000000cb82                _isatty
 .text._lseek   0x000000000000cb92       0x10 d:/1softinstallpath/mounriver/mounriver_studio/toolchain/risc-v embedded gcc/bin/../lib/gcc/riscv-none-embed/8.2.0/../../../../riscv-none-embed/lib/rv32imafc/ilp32f\libnosys.a(lseek.o)
                0x000000000000cb92                _lseek
 .text._read    0x000000000000cba2       0x10 d:/1softinstallpath/mounriver/mounriver_studio/toolchain/risc-v embedded gcc/bin/../lib/gcc/riscv-none-embed/8.2.0/../../../../riscv-none-embed/lib/rv32imafc/ilp32f\libnosys.a(read.o)
                0x000000000000cba2                _read
 .text._sbrk    0x000000000000cbb2       0x24 d:/1softinstallpath/mounriver/mounriver_studio/toolchain/risc-v embedded gcc/bin/../lib/gcc/riscv-none-embed/8.2.0/../../../../riscv-none-embed/lib/rv32imafc/ilp32f\libnosys.a(sbrk.o)
                0x000000000000cbb2                _sbrk
 *(.rodata)
 *fill*         0x000000000000cbd6        0x2 
 .rodata        0x000000000000cbd8       0x10 ./examples/mqtt_iot_explorer.o
 *(.rodata*)
 .rodata.tos_tf_module_init.str1.4
                0x000000000000cbe8       0x14 ./net/tencent_firmware_module_wrapper/tencent_firmware_module_wrapper.o
 .rodata.at_cmd_do_exec.str1.4
                0x000000000000cbfc        0xc ./net/at/src/tos_at.o
 .rodata.at_parser.str1.4
                0x000000000000cc08       0x23 ./net/at/src/tos_at.o
                                         0x2f (size before relaxing)
 *fill*         0x000000000000cc2b        0x1 
 .rodata.knl_idle_init.str1.4
                0x000000000000cc2c        0x5 ./kernel/core/tos_sys.o
 *fill*         0x000000000000cc31        0x3 
 .rodata.default_message_handler.str1.4
                0x000000000000cc34       0x62 ./examples/mqtt_iot_explorer.o
 *fill*         0x000000000000cc96        0x2 
 .rodata.mqtt_demo_task.str1.4
                0x000000000000cc98      0x300 ./examples/mqtt_iot_explorer.o
 .rodata.esp8266_tencent_firmware_init.str1.4
                0x000000000000cf98       0xff ./devices/esp8266_tencent_firmware/esp8266_tencent_firmware.o
 *fill*         0x000000000000d097        0x1 
 .rodata.esp8266_tencent_firmware_join_ap.str1.4
                0x000000000000d098       0x15 ./devices/esp8266_tencent_firmware/esp8266_tencent_firmware.o
 *fill*         0x000000000000d0ad        0x3 
 .rodata.esp8266_tencent_firmware_module_debug_level_set.str1.4
                0x000000000000d0b0       0x11 ./devices/esp8266_tencent_firmware/esp8266_tencent_firmware.o
 *fill*         0x000000000000d0c1        0x3 
 .rodata.esp8266_tencent_firmware_module_info_set.str1.4