<html>
<body>
<pre>
<h1>µVision Build Log</h1>
<h2>Tool Versions:</h2>
IDE-Version: ¦ÌVision V5.31.0.0
Copyright (C) 2020 ARM Ltd and ARM Germany GmbH. All rights reserved.
License Information: os os, os, LIC=D0D7S-L5M6J-Y8XFK-ZS6FL-MQ362-YZ0LT
 
Tool Versions:
Toolchain:       MDK-ARM Plus  Version: 5.31.0.0
Toolchain Path:  D:\1SoftInstallPath\keil\ARM\ARMCC\Bin
C Compiler:      Armcc.exe V5.06 update 6 (build 750)
Assembler:       Armasm.exe V5.06 update 6 (build 750)
Linker/Locator:  ArmLink.exe V5.06 update 6 (build 750)
Library Manager: ArmAr.exe V5.06 update 6 (build 750)
Hex Converter:   FromElf.exe V5.06 update 6 (build 750)
CPU DLL:         SARMCM3.DLL V5.31.0.0
Dialog DLL:      DCM.DLL V1.17.3.0
Target DLL:      STLink\ST-LINKIII-KEIL_SWO.dll V3.0.7.0
Dialog DLL:      TCM.DLL V1.46.0.0
 
<h2>Project:</h2>
D:\ALL_IoTGame\TencentOSGame\TencentOS-v2.4.5\TencentOS-tiny\board\BearPi_STM32L431RC\KEIL\qcloud_csdk_iot_explorer\BearPi_STM32L31RC.uvprojx
Project File Date:  07/17/2022

<h2>Output:</h2>
*** Using Compiler 'V5.06 update 6 (build 750)', folder: 'D:\1SoftInstallPath\keil\ARM\ARMCC\Bin'
Build target 'TencentOS_tiny'
compiling data_template_app.c...
..\..\..\..\components\connectivity\iot-hub-device-c-sdk\include\services\common\qcloud_iot_dynreg.h(52): warning:  #1-D: last line of file ends without a newline
  #endif  // IOT_HUB_DEVICE_C_SDK_INCLUDE_SERVICES_COMMON_QCLOUD_IOT_DYNREG_H_
..\..\..\..\examples\qcloud_csdk_iot_explorer\data_template_app.c: 1 warning, 0 errors
linking...
Program Size: Code=74528 RO-data=50248 RW-data=440 ZI-data=46952  
FromELF: creating hex file...
".\obj\TencentOS_tiny.axf" - 0 Error(s), 1 Warning(s).

<h2>Software Packages used:</h2>

Package Vendor: ARM
                http://www.keil.com/pack/ARM.CMSIS.5.7.0.pack
                ARM.CMSIS.5.7.0
                CMSIS (Cortex Microcontroller Software Interface Standard)
   * Component: CORE Version: 5.4.0

Package Vendor: Keil
                http://www.keil.com/pack/Keil.STM32L4xx_DFP.2.1.0.pack
                Keil.STM32L4xx_DFP.2.1.0
                STMicroelectronics STM32L4 Series Device Support, Drivers and Examples

<h2>Collection of Component include folders:</h2>
  .\RTE\_TencentOS_tiny
  D:\1SoftInstallPath\keil\ARM\PACK\ARM\CMSIS\5.7.0\CMSIS\Core\Include
  D:\1SoftInstallPath\keil\ARM\PACK\Keil\STM32L4xx_DFP\2.1.0\Drivers\CMSIS\Device\ST\STM32L4xx\Include

<h2>Collection of Component Files used:</h2>

   * Component: ARM::CMSIS:CORE:5.4.0
Build Time Elapsed:  00:00:04
</pre>
</body>
</html>
