<html>
<body>
<pre>
<h1>µVision Build Log</h1>
<h2>Tool Versions:</h2>
IDE-Version: ¦ÌVision V5.31.0.0
Copyright (C) 2020 ARM Ltd and ARM Germany GmbH. All rights reserved.
License Information: os os, os, LIC=D0D7S-L5M6J-Y8XFK-ZS6FL-MQ362-YZ0LT
 
Tool Versions:
Toolchain:       MDK-ARM Plus  Version: 5.31.0.0
Toolchain Path:  D:\1SoftInstallPath\keil\ARM\ARMCC\Bin
C Compiler:      Armcc.exe V5.06 update 6 (build 750)
Assembler:       Armasm.exe V5.06 update 6 (build 750)
Linker/Locator:  ArmLink.exe V5.06 update 6 (build 750)
Library Manager: ArmAr.exe V5.06 update 6 (build 750)
Hex Converter:   FromElf.exe V5.06 update 6 (build 750)
CPU DLL:         SARMCM3.DLL V5.31.0.0
Dialog DLL:      DCM.DLL V1.17.3.0
Target DLL:      STLink\ST-LINKIII-KEIL_SWO.dll V3.0.7.0
Dialog DLL:      TCM.DLL V1.46.0.0
 
<h2>Project:</h2>
D:\ALL_IoTGame\TencentOSGame\TencentOS-v2.4.5\TencentOS-tiny\board\BearPi_STM32L431RC\KEIL\mqttclient_iot_explorer\TencentOS_tiny.uvprojx
Project File Date:  08/03/2022

<h2>Output:</h2>
*** Using Compiler 'V5.06 update 6 (build 750)', folder: 'D:\1SoftInstallPath\keil\ARM\ARMCC\Bin'
Build target 'TencentOS_tiny'
compiling mqttclient_iot_explorer.c...
..\..\..\..\examples\mqttclient_iot_explorer\mqttclient_iot_explorer.c(59): warning:  #177-D: variable "cjson_mpu6050_z"  was declared but never referenced
  	 cJSON* cjson_mpu6050_z = NULL;
..\..\..\..\examples\mqttclient_iot_explorer\mqttclient_iot_explorer.c(61): warning:  #177-D: variable "status_AD01"  was declared but never referenced
     char* status_AD01 = NULL;
..\..\..\..\examples\mqttclient_iot_explorer\mqttclient_iot_explorer.c(62): warning:  #177-D: variable "status_AD02"  was declared but never referenced
  	 char* status_AD02 = NULL;
..\..\..\..\examples\mqttclient_iot_explorer\mqttclient_iot_explorer.c(63): warning:  #177-D: variable "status_AD03"  was declared but never referenced
  	 char* status_AD03 = NULL;
..\..\..\..\examples\mqttclient_iot_explorer\mqttclient_iot_explorer.c(64): warning:  #177-D: variable "status_AD04"  was declared but never referenced
  	 char* status_AD04 = NULL;
..\..\..\..\examples\mqttclient_iot_explorer\mqttclient_iot_explorer.c(65): warning:  #177-D: variable "status_AD05"  was declared but never referenced
  	 char* status_AD05 = NULL;
..\..\..\..\examples\mqttclient_iot_explorer\mqttclient_iot_explorer.c(66): warning:  #177-D: variable "status_ACC_X"  was declared but never referenced
  	 char* status_ACC_X = NULL;	 
..\..\..\..\examples\mqttclient_iot_explorer\mqttclient_iot_explorer.c(67): warning:  #177-D: variable "status_ACC_Y"  was declared but never referenced
  	 char* status_ACC_Y = NULL;
..\..\..\..\examples\mqttclient_iot_explorer\mqttclient_iot_explorer.c(68): warning:  #177-D: variable "status_ACC_Z"  was declared but never referenced
  	 char* status_ACC_Z = NULL;
..\..\..\..\examples\mqttclient_iot_explorer\mqttclient_iot_explorer.c(191): warning:  #177-D: variable "PWM02"  was declared but never referenced
      int16_t PWM01=0,PWM02=0,TIM1_PWM01=0,AccY=0;
..\..\..\..\examples\mqttclient_iot_explorer\mqttclient_iot_explorer.c(193): warning:  #177-D: variable "lightness"  was declared but never referenced
      int lightness = 0;
..\..\..\..\examples\mqttclient_iot_explorer\mqttclient_iot_explorer.c(199): warning:  #177-D: variable "match_flag"  was declared but never referenced
      k_event_flag_t match_flag;
..\..\..\..\examples\mqttclient_iot_explorer\mqttclient_iot_explorer.c(202): warning:  #177-D: variable "temp"  was declared but never referenced
      char  temp[4]={0};
..\..\..\..\examples\mqttclient_iot_explorer\mqttclient_iot_explorer.c(244): warning:  #177-D: variable "count"  was declared but never referenced
      uint8_t count=0;
..\..\..\..\examples\mqttclient_iot_explorer\mqttclient_iot_explorer.c: 14 warnings, 0 errors
linking...
Program Size: Code=60126 RO-data=21262 RW-data=220 ZI-data=49228  
FromELF: creating hex file...
".\obj\TencentOS_tiny.axf" - 0 Error(s), 14 Warning(s).

<h2>Software Packages used:</h2>

Package Vendor: ARM
                http://www.keil.com/pack/ARM.CMSIS.5.7.0.pack
                ARM.CMSIS.5.7.0
                CMSIS (Cortex Microcontroller Software Interface Standard)
   * Component: CORE Version: 5.4.0

Package Vendor: Keil
                http://www.keil.com/pack/Keil.STM32L4xx_DFP.2.1.0.pack
                Keil.STM32L4xx_DFP.2.1.0
                STMicroelectronics STM32L4 Series Device Support, Drivers and Examples

<h2>Collection of Component include folders:</h2>
  .\RTE\_TencentOS_tiny
  D:\1SoftInstallPath\keil\ARM\PACK\ARM\CMSIS\5.7.0\CMSIS\Core\Include
  D:\1SoftInstallPath\keil\ARM\PACK\Keil\STM32L4xx_DFP\2.1.0\Drivers\CMSIS\Device\ST\STM32L4xx\Include

<h2>Collection of Component Files used:</h2>

   * Component: ARM::CMSIS:CORE:5.4.0
Build Time Elapsed:  00:00:03
</pre>
</body>
</html>
