Component: ARM Compiler 5.06 update 6 (build 750) Tool: armlink [4d35ed]

==============================================================================

Section Cross References

    startup_stm32l431xx.o(RESET) refers to startup_stm32l431xx.o(STACK) for __initial_sp
    startup_stm32l431xx.o(RESET) refers to startup_stm32l431xx.o(.text) for Reset_Handler
    startup_stm32l431xx.o(RESET) refers to stm32l4xx_it_module.o(i.NMI_Handler) for NMI_Handler
    startup_stm32l431xx.o(RESET) refers to stm32l4xx_it_module.o(i.HardFault_Handler) for HardFault_Handler
    startup_stm32l431xx.o(RESET) refers to stm32l4xx_it_module.o(i.MemManage_Handler) for MemManage_Handler
    startup_stm32l431xx.o(RESET) refers to stm32l4xx_it_module.o(i.BusFault_Handler) for BusFault_Handler
    startup_stm32l431xx.o(RESET) refers to stm32l4xx_it_module.o(i.UsageFault_Handler) for UsageFault_Handler
    startup_stm32l431xx.o(RESET) refers to stm32l4xx_it_module.o(i.SVC_Handler) for SVC_Handler
    startup_stm32l431xx.o(RESET) refers to stm32l4xx_it_module.o(i.DebugMon_Handler) for DebugMon_Handler
    startup_stm32l431xx.o(RESET) refers to port_s.o(.text) for PendSV_Handler
    startup_stm32l431xx.o(RESET) refers to stm32l4xx_it_module.o(i.SysTick_Handler) for SysTick_Handler
    startup_stm32l431xx.o(RESET) refers to stm32l4xx_it_module.o(i.EXTI1_IRQHandler) for EXTI1_IRQHandler
    startup_stm32l431xx.o(RESET) refers to stm32l4xx_it_module.o(i.EXTI2_IRQHandler) for EXTI2_IRQHandler
    startup_stm32l431xx.o(RESET) refers to stm32l4xx_it_module.o(i.EXTI3_IRQHandler) for EXTI3_IRQHandler
    startup_stm32l431xx.o(RESET) refers to stm32l4xx_it_module.o(i.USART2_IRQHandler) for USART2_IRQHandler
    startup_stm32l431xx.o(RESET) refers to stm32l4xx_it_module.o(i.USART3_IRQHandler) for USART3_IRQHandler
    startup_stm32l431xx.o(RESET) refers to stm32l4xx_it_module.o(i.LPUART1_IRQHandler) for LPUART1_IRQHandler
    startup_stm32l431xx.o(.text) refers to system_stm32l4xx.o(i.SystemInit) for SystemInit
    startup_stm32l431xx.o(.text) refers to entry.o(.ARM.Collect$$$$00000000) for __main
    gpio.o(i.MX_GPIO_Init) refers to memseta.o(.text) for __aeabi_memclr4
    gpio.o(i.MX_GPIO_Init) refers to stm32l4xx_hal_gpio.o(i.HAL_GPIO_WritePin) for HAL_GPIO_WritePin
    gpio.o(i.MX_GPIO_Init) refers to stm32l4xx_hal_gpio.o(i.HAL_GPIO_Init) for HAL_GPIO_Init
    gpio.o(i.MX_GPIO_Init) refers to stm32l4xx_hal_cortex.o(i.HAL_NVIC_SetPriority) for HAL_NVIC_SetPriority
    gpio.o(i.MX_GPIO_Init) refers to stm32l4xx_hal_cortex.o(i.HAL_NVIC_EnableIRQ) for HAL_NVIC_EnableIRQ
    main.o(i.application_entry) refers to printfa.o(i.__0printf) for __2printf
    main.o(i.application_entry) refers to tos_task.o(i.tos_task_delay) for tos_task_delay
    main.o(i.main) refers to mcu_init.o(i.board_init) for board_init
    main.o(i.main) refers to printfa.o(i.__0printf) for __2printf
    main.o(i.main) refers to tos_sys.o(i.tos_knl_init) for tos_knl_init
    main.o(i.main) refers to tos_task.o(i.tos_task_create) for tos_task_create
    main.o(i.main) refers to tos_sys.o(i.tos_knl_start) for tos_knl_start
    main.o(i.main) refers to main.o(.bss) for application_task_stk
    main.o(i.main) refers to mqttclient_iot_explorer.o(i.application_entry) for application_entry
    mcu_init.o(i.SystemClock_Config) refers to memseta.o(.text) for __aeabi_memclr4
    mcu_init.o(i.SystemClock_Config) refers to stm32l4xx_hal_pwr.o(i.HAL_PWR_EnableBkUpAccess) for HAL_PWR_EnableBkUpAccess
    mcu_init.o(i.SystemClock_Config) refers to stm32l4xx_hal_rcc.o(i.HAL_RCC_OscConfig) for HAL_RCC_OscConfig
    mcu_init.o(i.SystemClock_Config) refers to mcu_init.o(i.Error_Handler) for Error_Handler
    mcu_init.o(i.SystemClock_Config) refers to stm32l4xx_hal_rcc.o(i.HAL_RCC_ClockConfig) for HAL_RCC_ClockConfig
    mcu_init.o(i.SystemClock_Config) refers to stm32l4xx_hal_rcc_ex.o(i.HAL_RCCEx_PeriphCLKConfig) for HAL_RCCEx_PeriphCLKConfig
    mcu_init.o(i.SystemClock_Config) refers to stm32l4xx_hal_pwr_ex.o(i.HAL_PWREx_ControlVoltageScaling) for HAL_PWREx_ControlVoltageScaling
    mcu_init.o(i.SystemClock_Config) refers to stm32l4xx_hal_rcc_ex.o(i.HAL_RCCEx_EnableMSIPLLMode) for HAL_RCCEx_EnableMSIPLLMode
    mcu_init.o(i._write) refers to stm32l4xx_hal_uart.o(i.HAL_UART_Transmit) for HAL_UART_Transmit
    mcu_init.o(i._write) refers to usart.o(.bss) for huart1
    mcu_init.o(i.board_init) refers to stm32l4xx_hal.o(i.HAL_Init) for HAL_Init
    mcu_init.o(i.board_init) refers to mcu_init.o(i.SystemClock_Config) for SystemClock_Config
    mcu_init.o(i.board_init) refers to gpio.o(i.MX_GPIO_Init) for MX_GPIO_Init
    mcu_init.o(i.board_init) refers to adc.o(i.MX_ADC1_Init) for MX_ADC1_Init
    mcu_init.o(i.board_init) refers to i2c.o(i.MX_I2C1_Init) for MX_I2C1_Init
    mcu_init.o(i.board_init) refers to usart.o(i.MX_LPUART1_UART_Init) for MX_LPUART1_UART_Init
    mcu_init.o(i.board_init) refers to usart.o(i.MX_USART1_UART_Init) for MX_USART1_UART_Init
[...]
    tos_event_create                         0x0800d20d   Thumb Code    56  tos_event.o(i.tos_event_create)
    tos_event_post                           0x0800d245   Thumb Code    18  tos_event.o(i.tos_event_post)
    tos_hal_uart_deinit                      0x0800d257   Thumb Code    50  tos_hal_uart.o(i.tos_hal_uart_deinit)
    tos_hal_uart_init                        0x0800d289   Thumb Code    70  tos_hal_uart.o(i.tos_hal_uart_init)
    tos_hal_uart_write                       0x0800d2e1   Thumb Code    64  tos_hal_uart.o(i.tos_hal_uart_write)
    tos_knl_init                             0x0800d321   Thumb Code    56  tos_sys.o(i.tos_knl_init)
    tos_knl_irq_enter                        0x0800d35d   Thumb Code    42  tos_sys.o(i.tos_knl_irq_enter)
    tos_knl_irq_leave                        0x0800d38d   Thumb Code   134  tos_sys.o(i.tos_knl_irq_leave)
    tos_knl_is_running                       0x0800d41d   Thumb Code    14  tos_sys.o(i.tos_knl_is_running)
    tos_knl_sched_lock                       0x0800d431   Thumb Code    88  tos_sys.o(i.tos_knl_sched_lock)
    tos_knl_sched_unlock                     0x0800d48d   Thumb Code    90  tos_sys.o(i.tos_knl_sched_unlock)
    tos_knl_start                            0x0800d4ed   Thumb Code    52  tos_sys.o(i.tos_knl_start)
    tos_millisec2tick                        0x0800d5b7   Thumb Code     4  tos_time.o(i.tos_millisec2tick)
    tos_mmheap_alloc                         0x0800d5bb   Thumb Code    48  tos_mmheap.o(i.tos_mmheap_alloc)
    tos_mmheap_free                          0x0800d5eb   Thumb Code    48  tos_mmheap.o(i.tos_mmheap_free)
    tos_mmheap_pool_add                      0x0800d61d   Thumb Code   182  tos_mmheap.o(i.tos_mmheap_pool_add)
    tos_mmheap_realloc                       0x0800d6d9   Thumb Code   178  tos_mmheap.o(i.tos_mmheap_realloc)
    tos_mutex_create                         0x0800d791   Thumb Code    94  tos_mutex.o(i.tos_mutex_create)
    tos_mutex_destroy                        0x0800d7ef   Thumb Code   158  tos_mutex.o(i.tos_mutex_destroy)
    tos_mutex_pend                           0x0800d88d   Thumb Code    18  tos_mutex.o(i.tos_mutex_pend)
    tos_mutex_pend_timed                     0x0800d8a1   Thumb Code   294  tos_mutex.o(i.tos_mutex_pend_timed)
    tos_mutex_post                           0x0800d9cd   Thumb Code   240  tos_mutex.o(i.tos_mutex_post)
    tos_ring_q_create                        0x0800dabd   Thumb Code    90  tos_ring_queue.o(i.tos_ring_q_create)
    tos_ring_q_dequeue                       0x0800db17   Thumb Code   182  tos_ring_queue.o(i.tos_ring_q_dequeue)
    tos_ring_q_destroy                       0x0800dbcd   Thumb Code    96  tos_ring_queue.o(i.tos_ring_q_destroy)
    tos_ring_q_enqueue                       0x0800dc2d   Thumb Code   184  tos_ring_queue.o(i.tos_ring_q_enqueue)
    tos_ring_q_is_empty                      0x0800dce5   Thumb Code    82  tos_ring_queue.o(i.tos_ring_q_is_empty)
    tos_ring_q_is_full                       0x0800dd37   Thumb Code    86  tos_ring_queue.o(i.tos_ring_q_is_full)
    tos_sal_module_close                     0x0800dd8d   Thumb Code    36  sal_module_wrapper.o(i.tos_sal_module_close)
    tos_sal_module_connect                   0x0800ddb5   Thumb Code    44  sal_module_wrapper.o(i.tos_sal_module_connect)
    tos_sal_module_init                      0x0800dde5   Thumb Code    32  sal_module_wrapper.o(i.tos_sal_module_init)
    tos_sal_module_parse_domain              0x0800de09   Thumb Code    44  sal_module_wrapper.o(i.tos_sal_module_parse_domain)
    tos_sal_module_recv_timeout              0x0800de39   Thumb Code    54  sal_module_wrapper.o(i.tos_sal_module_recv_timeout)
    tos_sal_module_register                  0x0800de75   Thumb Code    22  sal_module_wrapper.o(i.tos_sal_module_register)
    tos_sal_module_send                      0x0800de91   Thumb Code    44  sal_module_wrapper.o(i.tos_sal_module_send)
    tos_sem_create                           0x0800dec1   Thumb Code    20  tos_sem.o(i.tos_sem_create)
    tos_sem_create_max                       0x0800ded5   Thumb Code    74  tos_sem.o(i.tos_sem_create_max)
    tos_sem_destroy                          0x0800df1f   Thumb Code   124  tos_sem.o(i.tos_sem_destroy)
    tos_sem_pend                             0x0800df9d   Thumb Code   208  tos_sem.o(i.tos_sem_pend)
    tos_sem_post                             0x0800e071   Thumb Code    14  tos_sem.o(i.tos_sem_post)
    tos_sleep_ms                             0x0800e07f   Thumb Code    18  tos_time.o(i.tos_sleep_ms)
    tos_stopwatch_countdown                  0x0800e091   Thumb Code    76  tos_stopwatch.o(i.tos_stopwatch_countdown)
    tos_stopwatch_create                     0x0800e0dd   Thumb Code    40  tos_stopwatch.o(i.tos_stopwatch_create)
    tos_stopwatch_delay                      0x0800e105   Thumb Code    38  tos_stopwatch.o(i.tos_stopwatch_delay)
    tos_stopwatch_destroy                    0x0800e12b   Thumb Code    64  tos_stopwatch.o(i.tos_stopwatch_destroy)
    tos_stopwatch_is_expired                 0x0800e16b   Thumb Code    70  tos_stopwatch.o(i.tos_stopwatch_is_expired)
    tos_stopwatch_remain                     0x0800e1b1   Thumb Code    86  tos_stopwatch.o(i.tos_stopwatch_remain)
    tos_systick_get                          0x0800e209   Thumb Code    34  tos_time.o(i.tos_systick_get)
    tos_task_create                          0x0800e231   Thumb Code   350  tos_task.o(i.tos_task_create)
    tos_task_delay                           0x0800e3a5   Thumb Code   146  tos_task.o(i.tos_task_delay)
    tos_task_destroy                         0x0800e43d   Thumb Code   112  tos_task.o(i.tos_task_destroy)
    tos_task_prio_change                     0x0800e4b1   Thumb Code   256  tos_task.o(i.tos_task_prio_change)
    tos_task_resume                          0x0800e5b1   Thumb Code   158  tos_task.o(i.tos_task_resume)
    tos_task_suspend                         0x0800e651   Thumb Code   174  tos_task.o(i.tos_task_suspend)
    tos_task_yield                           0x0800e705   Thumb Code    56  tos_task.o(i.tos_task_yield)
    tos_tick_handler                         0x0800e741   Thumb Code    46  tos_tick.o(i.tos_tick_handler)
    writeCString                             0x0800ebc9   Thumb Code    40  mqttpacket.o(i.writeCString)
    writeChar                                0x0800ebf1   Thumb Code    12  mqttpacket.o(i.writeChar)
    writeInt                                 0x0800ebfd   Thumb Code    48  mqttpacket.o(i.writeInt)
    writeMQTTString                          0x0800ec2d   Thumb Code    62  mqttpacket.o(i.writeMQTTString)
    AHBPrescTable                            0x0800ec7c   Data          16  system_stm32l4xx.o(.constdata)
    APBPrescTable                            0x0800ec8c   Data           8  system_stm32l4xx.o(.constdata)
    MSIRangeTable                            0x0800ec94   Data          48  system_stm32l4xx.o(.constdata)
    asc2_1206                                0x0800ecc4   Data        1140  lcd_spi2_drv.o(.constdata)
    asc2_1608                                0x0800f138   Data        1520  lcd_spi2_drv.o(.constdata)
    asc2_2412                                0x0800f728   Data        4560  lcd_spi2_drv.o(.constdata)
    asc2_3216                                0x080108f8   Data       12160  lcd_spi2_drv.o(.constdata)
    k_idle_task_stk_addr                     0x08013878   Data           4  tos_global.o(.constdata)
    k_idle_task_stk_size                     0x0801387c   Data           4  tos_global.o(.constdata)
    __ctype_categories                       0x08013b4c   Data          64  ctype_c.o(.constdata)
    Region$$Table$$Base                      0x08013dcc   Number         0  anon$$obj.o(Region$$Table)
    Region$$Table$$Limit                     0x08013dec   Number         0  anon$$obj.o(Region$$Table)
    data                                     0x20000000   Data           1  usart.o(.data)
    shell_data                               0x20000001   Data           1  usart.o(.data)
    report_success                           0x20000008   Data           4  mqttclient_iot_explorer.o(.data)
    report_fail                              0x2000000c   Data           4  mqttclient_iot_explorer.o(.data)
    MPU6050                                  0x20000010   Data           6  mqttclient_iot_explorer.o(.data)
    uwTick                                   0x20000018   Data           4  stm32l4xx_hal.o(.data)
    uwTickPrio                               0x2000001c   Data           4  stm32l4xx_hal.o(.data)
    uwTickFreq                               0x20000020   Data           1  stm32l4xx_hal.o(.data)
    SystemCoreClock                          0x20000024   Data           4  system_stm32l4xx.o(.data)
    k_irq_nest_cnt                           0x20000028   Data           1  tos_global.o(.data)
    k_sched_lock_nest_cnt                    0x20000029   Data           1  tos_global.o(.data)
    k_knl_state                              0x2000002a   Data           1  tos_global.o(.data)
    k_tick_count                             0x20000030   Data           8  tos_global.o(.data)
    k_curr_task                              0x20000038   Data           4  tos_global.o(.data)
    k_next_task                              0x2000003c   Data           4  tos_global.o(.data)
    k_cpu_tick_per_second                    0x20000040   Data           8  tos_global.o(.data)
    k_cpu_cycle_per_tick                     0x20000048   Data           4  tos_global.o(.data)
    k_dead_task_list                         0x2000004c   Data           8  tos_global.o(.data)
    k_stat_list                              0x20000054   Data           8  tos_global.o(.data)
    k_tick_list                              0x2000005c   Data           8  tos_global.o(.data)
    k_robin_default_timeslice                0x20000064   Data           4  tos_global.o(.data)
    k_timer_ctl                              0x20000068   Data          16  tos_global.o(.data)
    esp8266_at_event                         0x20000078   Data          16  esp8266.o(.data)
    sal_module_esp8266                       0x20000088   Data          52  esp8266.o(.data)
    __stdout                                 0x200000d8   Data           4  stdout.o(.data)
    application_task                         0x200000e0   Data         136  main.o(.bss)
    application_task_stk                     0x20000168   Data        6144  main.o(.bss)
    hlpuart1                                 0x20001968   Data         132  usart.o(.bss)
    huart1                                   0x200019ec   Data         132  usart.o(.bss)
    huart2                                   0x20001a70   Data         132  usart.o(.bss)
    huart3                                   0x20001af4   Data         132  usart.o(.bss)
    hadc1                                    0x20001b78   Data         100  adc.o(.bss)
    hi2c1                                    0x20001bdc   Data          76  i2c.o(.bss)
    hspi1                                    0x20001c28   Data         100  spi.o(.bss)
    hspi2                                    0x20001c8c   Data         100  spi.o(.bss)
    hspi3                                    0x20001cf0   Data         100  spi.o(.bss)
    htim1                                    0x20001d54   Data          76  tim.o(.bss)
    htim2                                    0x20001da0   Data          76  tim.o(.bss)
    htim6                                    0x20001dec   Data          76  tim.o(.bss)
    htim7                                    0x20001e38   Data          76  tim.o(.bss)
    htim15                                   0x20001e84   Data          76  tim.o(.bss)
    htim16                                   0x20001ed0   Data          76  tim.o(.bss)
    report_result_event                      0x20001f1c   Data          16  mqttclient_iot_explorer.o(.bss)
    ADCValue                                 0x20001f2c   Data          10  mqttclient_iot_explorer.o(.bss)
    report_buf                               0x20001f36   Data         200  mqttclient_iot_explorer.o(.bss)
    k_rdyq                                   0x20002480   Data          88  tos_global.o(.bss)
    k_idle_task                              0x200024d8   Data         136  tos_global.o(.bss)
    k_idle_task_stk                          0x20002560   Data         512  tos_global.o(.bss)
    k_mmheap_default_pool                    0x20002760   Data       32768  tos_global.o(.bss)
    k_mmheap_ctl                             0x2000a760   Data        3204  tos_global.o(.bss)
    esp8266_agent                            0x2000b3e8   Data         960  esp8266.o(.bss)
    __initial_sp                             0x2000c128   Data           0  startup_stm32l431xx.o(STACK)



==============================================================================

Memory Map of the image

  Image Entry point : 0x0800018d

  Load Region LR_IROM1 (Base: 0x08000000, Size: 0x00013ec8, Max: 0x00040000, ABSOLUTE)

    Execution Region ER_IROM1 (Exec base: 0x08000000, Load base: 0x08000000, Size: 0x00013dec, Max: 0x00040000, ABSOLUTE)

    Exec Addr    Load Addr    Size         Type   Attr      Idx    E Section Name        Object

    0x08000000   0x08000000   0x0000018c   Data   RO            3    RESET               startup_stm32l431xx.o
    0x0800018c   0x0800018c   0x00000000   Code   RO        11083  * .ARM.Collect$$$$00000000  mc_w.l(entry.o)
    0x0800018c   0x0800018c   0x00000004   Code   RO        11430    .ARM.Collect$$$$00000001  mc_w.l(entry2.o)
    0x08000190   0x08000190   0x00000004   Code   RO        11433    .ARM.Collect$$$$00000004  mc_w.l(entry5.o)
    0x08000194   0x08000194   0x00000000   Code   RO        11435    .ARM.Collect$$$$00000008  mc_w.l(entry7b.o)
    0x08000194   0x08000194   0x00000000   Code   RO        11437    .ARM.Collect$$$$0000000A  mc_w.l(entry8b.o)
    0x08000194   0x08000194   0x00000008   Code   RO        11438    .ARM.Collect$$$$0000000B  mc_w.l(entry9a.o)
    0x0800019c   0x0800019c   0x00000000   Code   RO        11440    .ARM.Collect$$$$0000000D  mc_w.l(entry10a.o)
    0x0800019c   0x0800019c   0x00000000   Code   RO        11442    .ARM.Collect$$$$0000000F  mc_w.l(entry11a.o)
    0x0800019c   0x0800019c   0x00000004   Code   RO        11431    .ARM.Collect$$$$00002712  mc_w.l(entry2.o)
    0x080001a0   0x080001a0   0x00000024   Code   RO            4    .text               startup_stm32l431xx.o
    0x080001c4   0x080001c4   0x000000ec   Code   RO         8028    .text               port_s.o
    0x080002b0   0x080002b0   0x00000068   Code   RO        11086    .text               mc_w.l(uldiv.o)
    0x08000318   0x08000318   0x0000000c   Code   RO        11088    .text               mc_w.l(tolower.o)
    0x08000324   0x08000324   0x00000024   Code   RO        11093    .text               mc_w.l(memcpya.o)
    0x08000348   0x08000348   0x00000024   Code   RO        11095    .text               mc_w.l(memseta.o)
    0x0800036c   0x0800036c   0x00000024   Code   RO        11097    .text               mc_w.l(strstr.o)
    0x08000390   0x08000390   0x00000018   Code   RO        11099    .text               mc_w.l(strncpy.o)
    0x080003a8   0x080003a8   0x0000000e   Code   RO        11101    .text               mc_w.l(strlen.o)
    0x080003b6   0x080003b6   0x0000001c   Code   RO        11103    .text               mc_w.l(strcmp.o)
    0x080003d2   0x080003d2   0x0000001e   Code   RO        11109    .text               mc_w.l(strncmp.o)
    0x080003f0   0x080003f0   0x00000038   Code   RO        11402    .text               mc_w.l(__0sscanf.o)
    0x08000428   0x08000428   0x000000e6   Code   RO        11404    .text               mc_w.l(_scanf_str.o)
    0x0800050e   0x0800050e   0x00000002   PAD
    0x08000510   0x08000510   0x00000366   Code   RO        11406    .text               mc_w.l(scanf_fp.o)
    0x08000876   0x08000876   0x000000ea   Code   RO        11410    .text               mf_w.l(dmul.o)
    0x08000960   0x08000960   0x000000de   Code   RO        11412    .text               mf_w.l(ddiv.o)
    0x08000a3e   0x08000a3e   0x00000022   Code   RO        11414    .text               mf_w.l(dflti.o)
    0x08000a60   0x08000a60   0x0000001a   Code   RO        11416    .text               mf_w.l(dfltui.o)
    0x08000a7a   0x08000a7a   0x0000003e   Code   RO        11418    .text               mf_w.l(dfixi.o)
    0x08000ab8   0x08000ab8   0x00000032   Code   RO        11420    .text               mf_w.l(dfixui.o)
    0x08000aea   0x08000aea   0x00000002   PAD
    0x08000aec   0x08000aec   0x00000030   Code   RO        11424    .text               mf_w.l(cdcmple.o)
    0x08000b1c   0x08000b1c   0x00000030   Code   RO        11426    .text               mf_w.l(cdrcmple.o)
    0x08000b4c   0x08000b4c   0x00000038   Code   RO        11428    .text               mf_w.l(d2f.o)
    0x08000b84   0x08000b84   0x0000002c   Code   RO        11445    .text               mc_w.l(uidiv.o)
    0x08000bb0   0x08000bb0   0x0000001e   Code   RO        11447    .text               mc_w.l(llshl.o)
    0x08000bce   0x08000bce   0x00000020   Code   RO        11449    .text               mc_w.l(llushr.o)
    0x08000bee   0x08000bee   0x00000002   PAD
    0x08000bf0   0x08000bf0   0x00000028   Code   RO        11453    .text               mc_w.l(scanf_char.o)
    0x08000c18   0x08000c18   0x00000040   Code   RO        11455    .text               mc_w.l(_sgetc.o)
    0x08000c58   0x08000c58   0x0000009c   Code   RO        11457    .text               mc_w.l(strtod.o)
    0x08000cf4   0x08000cf4   0x00000000   Code   RO        11459    .text               mc_w.l(iusefp.o)
    0x08000cf4   0x08000cf4   0x0000006e   Code   RO        11460    .text               mf_w.l(fepilogue.o)
    0x08000d62   0x08000d62   0x000000ba   Code   RO        11462    .text               mf_w.l(depilogue.o)
    0x08000e1c   0x08000e1c   0x0000015e   Code   RO        11464    .text               mf_w.l(dadd.o)
    0x08000f7a   0x08000f7a   0x00000018   Code   RO        11466    .text               mf_w.l(dfltul.o)
    0x08000f92   0x08000f92   0x00000030   Code   RO        11468    .text               mf_w.l(dfixul.o)
    0x08000fc2   0x08000fc2   0x00000002   PAD
    0x08000fc4   0x08000fc4   0x00000024   Code   RO        11470    .text               mc_w.l(init.o)
    0x08000fe8   0x08000fe8   0x00000024   Code   RO        11472    .text               mc_w.l(llsshr.o)
    0x0800100c   0x0800100c   0x0000000a   Code   RO        11474    .text               mc_w.l(isspace_c.o)
    0x08001016   0x08001016   0x00000002   PAD
    0x08001018   0x08001018   0x00000332   Code   RO        11476    .text               mc_w.l(_scanf.o)
    0x0800134a   0x0800134a   0x00000002   PAD
    0x0800134c   0x0800134c   0x00000028   Code   RO        11478    .text               mc_w.l(ctype_c.o)
    0x08001374   0x08001374   0x0000001c   Code   RO         5272    i.BH1750_Init       bh1750.o
    0x08001390   0x08001390   0x00000004   Code   RO          668    i.BusFault_Handler  stm32l4xx_it_module.o
    0x08001394   0x08001394   0x00000002   Code   RO          669    i.DebugMon_Handler  stm32l4xx_it_module.o
    0x08001396   0x08001396   0x0000000a   Code   RO          670    i.EXTI1_IRQHandler  stm32l4xx_it_module.o
    0x080013a0   0x080013a0   0x0000000a   Code   RO          671    i.EXTI2_IRQHandler  stm32l4xx_it_module.o
    0x080013aa   0x080013aa   0x0000000a   Code   RO          672    i.EXTI3_IRQHandler  stm32l4xx_it_module.o
    0x080013b4   0x080013b4   0x00000002   Code   RO          369    i.Error_Handler     mcu_init.o
    0x080013b6   0x080013b6   0x00000002   PAD
    0x080013b8   0x080013b8   0x000004d2   Code   RO         4595    i.HAL_ADC_ConfigChannel  stm32l4xx_hal_adc.o
    0x0800188a   0x0800188a   0x00000002   PAD
    0x0800188c   0x0800188c   0x00000200   Code   RO         4604    i.HAL_ADC_Init      stm32l4xx_hal_adc.o
    0x08001a8c   0x08001a8c   0x00000070   Code   RO          531    i.HAL_ADC_MspInit   adc.o
    0x08001afc   0x08001afc   0x0000005a   Code   RO         3832    i.HAL_DMA_Abort     stm32l4xx_hal_dma.o
    0x08001b56   0x08001b56   0x0000005c   Code   RO         3833    i.HAL_DMA_Abort_IT  stm32l4xx_hal_dma.o
    0x08001bb2   0x08001bb2   0x00000002   PAD
    0x08001bb4   0x08001bb4   0x00000028   Code   RO         2505    i.HAL_Delay         stm32l4xx_hal.o
    0x08001bdc   0x08001bdc   0x00000118   Code   RO         3765    i.HAL_GPIO_DeInit   stm32l4xx_hal_gpio.o
    0x08001cf4   0x08001cf4   0x00000002   Code   RO         3766    i.HAL_GPIO_EXTI_Callback  stm32l4xx_hal_gpio.o
    0x08001cf6   0x08001cf6   0x00000002   PAD
    0x08001cf8   0x08001cf8   0x0000001c   Code   RO         3767    i.HAL_GPIO_EXTI_IRQHandler  stm32l4xx_hal_gpio.o
    0x08001d14   0x08001d14   0x000001c8   Code   RO         3768    i.HAL_GPIO_Init     stm32l4xx_hal_gpio.o
    0x08001edc   0x08001edc   0x00000014   Code   RO         3771    i.HAL_GPIO_TogglePin  stm32l4xx_hal_gpio.o
    0x08001ef0   0x08001ef0   0x0000000a   Code   RO         3772    i.HAL_GPIO_WritePin  stm32l4xx_hal_gpio.o
    0x08001efa   0x08001efa   0x00000002   PAD
    0x08001efc   0x08001efc   0x0000000c   Code   RO         2509    i.HAL_GetTick       stm32l4xx_hal.o
    0x08001f08   0x08001f08   0x0000006a   Code   RO         3194    i.HAL_I2CEx_ConfigAnalogFilter  stm32l4xx_hal_i2c_ex.o
    0x08001f72   0x08001f72   0x00000068   Code   RO         3195    i.HAL_I2CEx_ConfigDigitalFilter  stm32l4xx_hal_i2c_ex.o
    0x08001fda   0x08001fda   0x00000002   PAD
    0x08001fdc   0x08001fdc   0x000000c4   Code   RO         2743    i.HAL_I2C_Init      stm32l4xx_hal_i2c.o
    0x080020a0   0x080020a0   0x00000160   Code   RO         2756    i.HAL_I2C_Master_Transmit  stm32l4xx_hal_i2c.o
    0x08002200   0x08002200   0x0000007c   Code   RO          573    i.HAL_I2C_MspInit   i2c.o
    0x0800227c   0x0800227c   0x00000018   Code   RO         2515    i.HAL_IncTick       stm32l4xx_hal.o
    0x08002294   0x08002294   0x0000001e   Code   RO         2516    i.HAL_Init          stm32l4xx_hal.o
    0x080022b2   0x080022b2   0x00000002   PAD
    0x080022b4   0x080022b4   0x00000058   Code   RO         2517    i.HAL_InitTick      stm32l4xx_hal.o
    0x0800230c   0x0800230c   0x00000040   Code   RO          433    i.HAL_MspInit       stm32l4xx_hal_msp.o
    0x0800234c   0x0800234c   0x00000044   Code   RO         4254    i.HAL_NVIC_DisableIRQ  stm32l4xx_hal_cortex.o
    0x08002390   0x08002390   0x00000020   Code   RO         4255    i.HAL_NVIC_EnableIRQ  stm32l4xx_hal_cortex.o
    0x080023b0   0x080023b0   0x00000082   Code   RO         4261    i.HAL_NVIC_SetPriority  stm32l4xx_hal_cortex.o
    0x08002432   0x08002432   0x00000002   PAD
    0x08002434   0x08002434   0x00000028   Code   RO         4262    i.HAL_NVIC_SetPriorityGrouping  stm32l4xx_hal_cortex.o
    0x0800245c   0x0800245c   0x0000008c   Code   RO         4059    i.HAL_PWREx_ControlVoltageScaling  stm32l4xx_hal_pwr_ex.o
    0x080024e8   0x080024e8   0x00000010   Code   RO         4082    i.HAL_PWREx_GetVoltageRange  stm32l4xx_hal_pwr_ex.o
    0x080024f8   0x080024f8   0x00000014   Code   RO         3951    i.HAL_PWR_EnableBkUpAccess  stm32l4xx_hal_pwr.o
    0x0800250c   0x0800250c   0x00000014   Code   RO         3365    i.HAL_RCCEx_EnableMSIPLLMode  stm32l4xx_hal_rcc_ex.o
    0x08002520   0x08002520   0x00000388   Code   RO         3371    i.HAL_RCCEx_PeriphCLKConfig  stm32l4xx_hal_rcc_ex.o
    0x080028a8   0x080028a8   0x0000017c   Code   RO         3249    i.HAL_RCC_ClockConfig  stm32l4xx_hal_rcc.o
    0x08002a24   0x08002a24   0x0000000c   Code   RO         3253    i.HAL_RCC_GetHCLKFreq  stm32l4xx_hal_rcc.o
    0x08002a30   0x08002a30   0x00000024   Code   RO         3255    i.HAL_RCC_GetPCLK1Freq  stm32l4xx_hal_rcc.o
    0x08002a54   0x08002a54   0x00000024   Code   RO         3256    i.HAL_RCC_GetPCLK2Freq  stm32l4xx_hal_rcc.o
    0x08002a78   0x08002a78   0x000000ec   Code   RO         3257    i.HAL_RCC_GetSysClockFreq  stm32l4xx_hal_rcc.o
    0x08002b64   0x08002b64   0x00000768   Code   RO         3260    i.HAL_RCC_OscConfig  stm32l4xx_hal_rcc.o
    0x080032cc   0x080032cc   0x000000f0   Code   RO         4894    i.HAL_SPI_Init      stm32l4xx_hal_spi.o
    0x080033bc   0x080033bc   0x000001b0   Code   RO          615    i.HAL_SPI_MspInit   spi.o
    0x0800356c   0x0800356c   0x000001f0   Code   RO         4902    i.HAL_SPI_Transmit  stm32l4xx_hal_spi.o
    0x0800375c   0x0800375c   0x00000034   Code   RO         4266    i.HAL_SYSTICK_Config  stm32l4xx_hal_cortex.o
    0x08003790   0x08003790   0x000000a8   Code   RO         1731    i.HAL_TIMEx_ConfigBreakDeadTime  stm32l4xx_hal_tim_ex.o
    0x08003838   0x08003838   0x00000088   Code   RO         1749    i.HAL_TIMEx_MasterConfigSynchronization  stm32l4xx_hal_tim_ex.o
    0x080038c0   0x080038c0   0x0000006e   Code   RO         1002    i.HAL_TIM_Base_Init  stm32l4xx_hal_tim.o
    0x0800392e   0x0800392e   0x00000002   PAD
    0x08003930   0x08003930   0x000000e0   Code   RO          787    i.HAL_TIM_Base_MspInit  tim.o
    0x08003a10   0x08003a10   0x0000006c   Code   RO         1005    i.HAL_TIM_Base_Start  stm32l4xx_hal_tim.o
    0x08003a7c   0x08003a7c   0x00000078   Code   RO         1007    i.HAL_TIM_Base_Start_IT  stm32l4xx_hal_tim.o
    0x08003af4   0x08003af4   0x0000010c   Code   RO         1011    i.HAL_TIM_ConfigClockSource  stm32l4xx_hal_tim.o
    0x08003c00   0x08003c00   0x00000130   Code   RO          788    i.HAL_TIM_MspPostInit  tim.o
    0x08003d30   0x08003d30   0x00000168   Code   RO         1074    i.HAL_TIM_PWM_ConfigChannel  stm32l4xx_hal_tim.o
    0x08003e98   0x08003e98   0x0000006e   Code   RO         1077    i.HAL_TIM_PWM_Init  stm32l4xx_hal_tim.o
    0x08003f06   0x08003f06   0x00000002   PAD
    0x08003f08   0x08003f08   0x00000078   Code   RO          790    i.HAL_TIM_PWM_MspInit  tim.o
    0x08003f80   0x08003f80   0x00000114   Code   RO         1082    i.HAL_TIM_PWM_Start  stm32l4xx_hal_tim.o
    0x08004094   0x08004094   0x00000002   Code   RO         2021    i.HAL_UARTEx_RxEventCallback  stm32l4xx_hal_uart.o
    0x08004096   0x08004096   0x00000002   Code   RO         2419    i.HAL_UARTEx_WakeupCallback  stm32l4xx_hal_uart_ex.o
    0x08004098   0x08004098   0x00000046   Code   RO         2034    i.HAL_UART_DeInit   stm32l4xx_hal_uart.o
    0x080040de   0x080040de   0x00000002   Code   RO         2037    i.HAL_UART_ErrorCallback  stm32l4xx_hal_uart.o
    0x080040e0   0x080040e0   0x000002c0   Code   RO         2040    i.HAL_UART_IRQHandler  stm32l4xx_hal_uart.o
    0x080043a0   0x080043a0   0x00000074   Code   RO         2041    i.HAL_UART_Init     stm32l4xx_hal_uart.o
    0x08004414   0x08004414   0x000000ac   Code   RO          457    i.HAL_UART_MspDeInit  usart.o
    0x080044c0   0x080044c0   0x000001d0   Code   RO          458    i.HAL_UART_MspInit  usart.o
    0x08004690   0x08004690   0x00000064   Code   RO         2046    i.HAL_UART_Receive_IT  stm32l4xx_hal_uart.o
    0x080046f4   0x080046f4   0x00000034   Code   RO          673    i.HAL_UART_RxCpltCallback  stm32l4xx_it_module.o
    0x08004728   0x08004728   0x000000d8   Code   RO         2050    i.HAL_UART_Transmit  stm32l4xx_hal_uart.o
    0x08004800   0x08004800   0x00000002   Code   RO         2053    i.HAL_UART_TxCpltCallback  stm32l4xx_hal_uart.o
    0x08004802   0x08004802   0x00000004   Code   RO          674    i.HardFault_Handler  stm32l4xx_it_module.o
    0x08004806   0x08004806   0x00000028   Code   RO         2790    i.I2C_Flush_TXDR    stm32l4xx_hal_i2c.o
    0x0800482e   0x0800482e   0x00000002   PAD
    0x08004830   0x08004830   0x00000098   Code   RO         2798    i.I2C_IsAcknowledgeFailed  stm32l4xx_hal_i2c.o
    0x080048c8   0x080048c8   0x00000034   Code   RO         2805    i.I2C_TransferConfig  stm32l4xx_hal_i2c.o
    0x080048fc   0x080048fc   0x0000005e   Code   RO         2807    i.I2C_WaitOnFlagUntilTimeout  stm32l4xx_hal_i2c.o
    0x0800495a   0x0800495a   0x00000056   Code   RO         2809    i.I2C_WaitOnSTOPFlagUntilTimeout  stm32l4xx_hal_i2c.o
    0x080049b0   0x080049b0   0x0000005a   Code   RO         2810    i.I2C_WaitOnTXISFlagUntilTimeout  stm32l4xx_hal_i2c.o
    0x08004a0a   0x08004a0a   0x00000052   Code   RO         5310    i.LCD_Address_Set   lcd_spi2_drv.o
    0x08004a5c   0x08004a5c   0x00000070   Code   RO         5311    i.LCD_Clear         lcd_spi2_drv.o
    0x08004acc   0x08004acc   0x000000dc   Code   RO         5320    i.LCD_GPIO_Init     lcd_spi2_drv.o
    0x08004ba8   0x08004ba8   0x000001a0   Code   RO         5321    i.LCD_Init          lcd_spi2_drv.o
    0x08004d48   0x08004d48   0x00000010   Code   RO         5322    i.LCD_SPI_Send      lcd_spi2_drv.o
    0x08004d58   0x08004d58   0x00000202   Code   RO         5323    i.LCD_ShowChar      lcd_spi2_drv.o
    0x08004f5a   0x08004f5a   0x00000046   Code   RO         5324    i.LCD_ShowCharStr   lcd_spi2_drv.o
    0x08004fa0   0x08004fa0   0x0000002c   Code   RO         5326    i.LCD_Write_2Byte   lcd_spi2_drv.o
    0x08004fcc   0x08004fcc   0x0000001c   Code   RO         5327    i.LCD_Write_Cmd     lcd_spi2_drv.o
    0x08004fe8   0x08004fe8   0x0000001c   Code   RO         5328    i.LCD_Write_Data    lcd_spi2_drv.o
    0x08005004   0x08005004   0x00000012   Code   RO         4618    i.LL_ADC_GetOffsetChannel  stm32l4xx_hal_adc.o
    0x08005016   0x08005016   0x0000000a   Code   RO         4619    i.LL_ADC_INJ_IsConversionOngoing  stm32l4xx_hal_adc.o
    0x08005020   0x08005020   0x0000000a   Code   RO         4621    i.LL_ADC_IsEnabled  stm32l4xx_hal_adc.o
    0x0800502a   0x0800502a   0x0000000a   Code   RO         4622    i.LL_ADC_IsInternalRegulatorEnabled  stm32l4xx_hal_adc.o
    0x08005034   0x08005034   0x0000000a   Code   RO         4623    i.LL_ADC_REG_IsConversionOngoing  stm32l4xx_hal_adc.o
    0x0800503e   0x0800503e   0x00000028   Code   RO         4627    i.LL_ADC_SetChannelSamplingTime  stm32l4xx_hal_adc.o
    0x08005066   0x08005066   0x0000000c   Code   RO         4628    i.LL_ADC_SetCommonPathInternalCh  stm32l4xx_hal_adc.o
    0x08005072   0x08005072   0x00000016   Code   RO         4629    i.LL_ADC_SetOffsetState  stm32l4xx_hal_adc.o
    0x08005088   0x08005088   0x00000018   Code   RO          675    i.LPUART1_IRQHandler  stm32l4xx_it_module.o
    0x080050a0   0x080050a0   0x00000072   Code   RO         9535    i.MQTTDeserialize_ack  mqttdeserializepublish.o
    0x08005112   0x08005112   0x00000076   Code   RO         9469    i.MQTTDeserialize_connack  mqttconnectclient.o
    0x08005188   0x08005188   0x000000ae   Code   RO         9536    i.MQTTDeserialize_publish  mqttdeserializepublish.o
    0x08005236   0x08005236   0x00000098   Code   RO         9768    i.MQTTDeserialize_suback  mqttsubscribeclient.o
    0x080052ce   0x080052ce   0x0000002e   Code   RO         9810    i.MQTTDeserialize_unsuback  mqttunsubscribeclient.o
    0x080052fc   0x080052fc   0x00000058   Code   RO         9611    i.MQTTPacket_decode  mqttpacket.o
    0x08005354   0x08005354   0x0000001c   Code   RO         9612    i.MQTTPacket_decodeBuf  mqttpacket.o
    0x08005370   0x08005370   0x00000036   Code   RO         9614    i.MQTTPacket_encode  mqttpacket.o
    0x080053a6   0x080053a6   0x00000042   Code   RO         9615    i.MQTTPacket_equals  mqttpacket.o
    0x080053e8   0x080053e8   0x00000028   Code   RO         9616    i.MQTTPacket_len    mqttpacket.o
    0x08005410   0x08005410   0x00000078   Code   RO         9726    i.MQTTSerialize_ack  mqttserializepublish.o
    0x08005488   0x08005488   0x0000016e   Code   RO         9470    i.MQTTSerialize_connect  mqttconnectclient.o
    0x080055f6   0x080055f6   0x00000076   Code   RO         9471    i.MQTTSerialize_connectLength  mqttconnectclient.o
    0x0800566c   0x0800566c   0x00000012   Code   RO         9473    i.MQTTSerialize_pingreq  mqttconnectclient.o
    0x0800567e   0x0800567e   0x000000b6   Code   RO         9769    i.MQTTSerialize_subscribe  mqttsubscribeclient.o
    0x08005734   0x08005734   0x0000002e   Code   RO         9770    i.MQTTSerialize_subscribeLength  mqttsubscribeclient.o
    0x08005762   0x08005762   0x0000004c   Code   RO         9474    i.MQTTSerialize_zero  mqttconnectclient.o
    0x080057ae   0x080057ae   0x00000018   Code   RO         9619    i.MQTTstrlen        mqttpacket.o
    0x080057c6   0x080057c6   0x00000002   PAD
    0x080057c8   0x080057c8   0x00000084   Code   RO          532    i.MX_ADC1_Init      adc.o
    0x0800584c   0x0800584c   0x000000f8   Code   RO           13    i.MX_GPIO_Init      gpio.o
    0x08005944   0x08005944   0x00000058   Code   RO          574    i.MX_I2C1_Init      i2c.o
    0x0800599c   0x0800599c   0x0000004c   Code   RO          459    i.MX_LPUART1_UART_Init  usart.o
    0x080059e8   0x080059e8   0x00000050   Code   RO          616    i.MX_SPI1_Init      spi.o
    0x08005a38   0x08005a38   0x00000050   Code   RO          617    i.MX_SPI2_Init      spi.o
    0x08005a88   0x08005a88   0x00000050   Code   RO          618    i.MX_SPI3_Init      spi.o
    0x08005ad8   0x08005ad8   0x000000cc   Code   RO          792    i.MX_TIM16_Init     tim.o
    0x08005ba4   0x08005ba4   0x00000110   Code   RO          793    i.MX_TIM1_Init      tim.o
    0x08005cb4   0x08005cb4   0x00000118   Code   RO          794    i.MX_TIM2_Init      tim.o
    0x08005dcc   0x08005dcc   0x00000040   Code   RO          460    i.MX_USART1_UART_Init  usart.o
    0x08005e0c   0x08005e0c   0x00000050   Code   RO          461    i.MX_USART2_UART_Init  usart.o
    0x08005e5c   0x08005e5c   0x00000040   Code   RO          462    i.MX_USART3_UART_Init  usart.o
    0x08005e9c   0x08005e9c   0x00000004   Code   RO          676    i.MemManage_Handler  stm32l4xx_it_module.o
    0x08005ea0   0x08005ea0   0x00000002   Code   RO          677    i.NMI_Handler       stm32l4xx_it_module.o
    0x08005ea2   0x08005ea2   0x00000002   PAD
    0x08005ea4   0x08005ea4   0x00000188   Code   RO         3375    i.RCCEx_PLLSAI1_Config  stm32l4xx_hal_rcc_ex.o
    0x0800602c   0x0800602c   0x0000009c   Code   RO         3261    i.RCC_SetFlashLatencyFromMSIRange  stm32l4xx_hal_rcc.o
    0x080060c8   0x080060c8   0x00000064   Code   RO         4932    i.SPI_EndRxTxTransaction  stm32l4xx_hal_spi.o
    0x0800612c   0x0800612c   0x000000ee   Code   RO         4937    i.SPI_WaitFifoStateUntilTimeout  stm32l4xx_hal_spi.o
    0x0800621a   0x0800621a   0x00000002   PAD
    0x0800621c   0x0800621c   0x000000de   Code   RO         4938    i.SPI_WaitFlagStateUntilTimeout  stm32l4xx_hal_spi.o
    0x080062fa   0x080062fa   0x00000002   PAD
    0x080062fc   0x080062fc   0x0000001c   Code   RO         5329    i.SPI_WriteByte     lcd_spi2_drv.o
    0x08006318   0x08006318   0x00000002   Code   RO          679    i.SVC_Handler       stm32l4xx_it_module.o
    0x0800631a   0x0800631a   0x0000001a   Code   RO          680    i.SysTick_Handler   stm32l4xx_it_module.o
    0x08006334   0x08006334   0x000000dc   Code   RO          370    i.SystemClock_Config  mcu_init.o
    0x08006410   0x08006410   0x00000050   Code   RO         5235    i.SystemInit        system_stm32l4xx.o
    0x08006460   0x08006460   0x00000074   Code   RO         1095    i.TIM_Base_SetConfig  stm32l4xx_hal_tim.o
    0x080064d4   0x080064d4   0x00000022   Code   RO         1096    i.TIM_CCxChannelCmd  stm32l4xx_hal_tim.o
    0x080064f6   0x080064f6   0x00000016   Code   RO         1106    i.TIM_ETR_SetConfig  stm32l4xx_hal_tim.o
    0x0800650c   0x0800650c   0x00000012   Code   RO         1107    i.TIM_ITRx_SetConfig  stm32l4xx_hal_tim.o
    0x0800651e   0x0800651e   0x00000002   PAD
    0x08006520   0x08006520   0x00000088   Code   RO         1108    i.TIM_OC1_SetConfig  stm32l4xx_hal_tim.o
    0x080065a8   0x080065a8   0x00000090   Code   RO         1109    i.TIM_OC2_SetConfig  stm32l4xx_hal_tim.o
    0x08006638   0x08006638   0x00000090   Code   RO         1110    i.TIM_OC3_SetConfig  stm32l4xx_hal_tim.o
    0x080066c8   0x080066c8   0x00000060   Code   RO         1111    i.TIM_OC4_SetConfig  stm32l4xx_hal_tim.o
    0x08006728   0x08006728   0x0000005c   Code   RO         1112    i.TIM_OC5_SetConfig  stm32l4xx_hal_tim.o
    0x08006784   0x08006784   0x0000005c   Code   RO         1113    i.TIM_OC6_SetConfig  stm32l4xx_hal_tim.o
    0x080067e0   0x080067e0   0x00000026   Code   RO         1115    i.TIM_TI1_ConfigInputStage  stm32l4xx_hal_tim.o
    0x08006806   0x08006806   0x00000028   Code   RO         1117    i.TIM_TI2_ConfigInputStage  stm32l4xx_hal_tim.o
    0x0800682e   0x0800682e   0x000000f8   Code   RO         2055    i.UART_AdvFeatureConfig  stm32l4xx_hal_uart.o
    0x08006926   0x08006926   0x00000072   Code   RO         2056    i.UART_CheckIdleState  stm32l4xx_hal_uart.o
    0x08006998   0x08006998   0x00000018   Code   RO         2057    i.UART_DMAAbortOnError  stm32l4xx_hal_uart.o
    0x080069b0   0x080069b0   0x00000036   Code   RO         2067    i.UART_EndRxTransfer  stm32l4xx_hal_uart.o
    0x080069e6   0x080069e6   0x00000020   Code   RO         2068    i.UART_EndTransmit_IT  stm32l4xx_hal_uart.o
    0x08006a06   0x08006a06   0x0000008c   Code   RO         2070    i.UART_RxISR_16BIT  stm32l4xx_hal_uart.o
    0x08006a92   0x08006a92   0x00000088   Code   RO         2071    i.UART_RxISR_8BIT   stm32l4xx_hal_uart.o
    0x08006b1a   0x08006b1a   0x00000002   PAD
    0x08006b1c   0x08006b1c   0x000002fa   Code   RO         2072    i.UART_SetConfig    stm32l4xx_hal_uart.o
    0x08006e16   0x08006e16   0x00000002   PAD
    0x08006e18   0x08006e18   0x000000bc   Code   RO         2074    i.UART_Start_Receive_IT  stm32l4xx_hal_uart.o
    0x08006ed4   0x08006ed4   0x000000b6   Code   RO         2077    i.UART_WaitOnFlagUntilTimeout  stm32l4xx_hal_uart.o
    0x08006f8a   0x08006f8a   0x00000002   PAD
    0x08006f8c   0x08006f8c   0x00000010   Code   RO          681    i.USART2_IRQHandler  stm32l4xx_it_module.o
    0x08006f9c   0x08006f9c   0x00000010   Code   RO          682    i.USART3_IRQHandler  stm32l4xx_it_module.o
    0x08006fac   0x08006fac   0x00000004   Code   RO          683    i.UsageFault_Handler  stm32l4xx_it_module.o
    0x08006fb0   0x08006fb0   0x00000020   Code   RO        11346    i.__0printf         mc_w.l(printfa.o)
    0x08006fd0   0x08006fd0   0x00000030   Code   RO        11347    i.__0snprintf       mc_w.l(printfa.o)
    0x08007000   0x08007000   0x0000002c   Code   RO        11351    i.__0vsnprintf      mc_w.l(printfa.o)
    0x0800702c   0x0800702c   0x00000010   Code   RO         4268    i.__NVIC_GetPriorityGrouping  stm32l4xx_hal_cortex.o
    0x0800703c   0x0800703c   0x00000028   Code   RO         4269    i.__NVIC_SetPriority  stm32l4xx_hal_cortex.o
    0x08007064   0x08007064   0x00000028   Code   RO         8130    i.__NVIC_SetPriority  port_c.o
    0x0800708c   0x0800708c   0x00000014   Code   RO         5677    i.__ffs             tos_mmheap.o
    0x080070a0   0x080070a0   0x0000000e   Code   RO         5678    i.__fls             tos_mmheap.o
    0x080070ae   0x080070ae   0x00000002   PAD
    0x080070b0   0x080070b0   0x00000028   Code   RO        11077    i.__hardfp_strtod   m_wm.l(strtod.o)
    0x080070d8   0x080070d8   0x0000000e   Code   RO        11483    i.__scatterload_copy  mc_w.l(handlers.o)
    0x080070e6   0x080070e6   0x00000002   Code   RO        11484    i.__scatterload_null  mc_w.l(handlers.o)
    0x080070e8   0x080070e8   0x0000000e   Code   RO        11485    i.__scatterload_zeroinit  mc_w.l(handlers.o)
    0x080070f6   0x080070f6   0x00000002   PAD
    0x080070f8   0x080070f8   0x0000018a   Code   RO        11353    i._fp_digits        mc_w.l(printfa.o)
    0x08007282   0x08007282   0x0000000e   Code   RO        11408    i._is_digit         mc_w.l(scanf_fp.o)
    0x08007290   0x08007290   0x0000000a   Code   RO         6098    i._list_add         tos_sched.o
    0x0800729a   0x0800729a   0x00000006   Code   RO         6099    i._list_del         tos_sched.o
    0x080072a0   0x080072a0   0x0000000a   Code   RO         9895    i._mqtt_list_add    mqtt_list.o
    0x080072aa   0x080072aa   0x00000006   Code   RO         9896    i._mqtt_list_del    mqtt_list.o
    0x080072b0   0x080072b0   0x0000000e   Code   RO         9897    i._mqtt_list_del_entry  mqtt_list.o
    0x080072be   0x080072be   0x00000002   PAD
    0x080072c0   0x080072c0   0x000006e2   Code   RO        11354    i._printf_core      mc_w.l(printfa.o)
    0x080079a2   0x080079a2   0x00000024   Code   RO        11355    i._printf_post_padding  mc_w.l(printfa.o)
    0x080079c6   0x080079c6   0x0000002e   Code   RO        11356    i._printf_pre_padding  mc_w.l(printfa.o)
    0x080079f4   0x080079f4   0x00000016   Code   RO        11357    i._snputc           mc_w.l(printfa.o)
    0x08007a0a   0x08007a0a   0x00000030   Code   RO         5679    i.adjust_request_size  tos_mmheap.o
    0x08007a3a   0x08007a3a   0x00000004   Code   RO          882    i.application_entry  mqttclient_iot_explorer.o
    0x08007a3e   0x08007a3e   0x00000074   Code   RO         8617    i.at_channel_construct  tos_at.o
    0x08007ab2   0x08007ab2   0x00000032   Code   RO         8619    i.at_channel_get    tos_at.o
    0x08007ae4   0x08007ae4   0x00000038   Code   RO         8620    i.at_channel_init   tos_at.o
    0x08007b1c   0x08007b1c   0x00000050   Code   RO         8621    i.at_cmd_do_exec    tos_at.o
    0x08007b6c   0x08007b6c   0x00000012   Code   RO         8622    i.at_echo_attach    tos_at.o
    0x08007b7e   0x08007b7e   0x0000004a   Code   RO         8623    i.at_echo_buffer_copy  tos_at.o
    0x08007bc8   0x08007bc8   0x00000054   Code   RO         8624    i.at_event_do_get   tos_at.o
    0x08007c1c   0x08007c1c   0x0000000a   Code   RO         8625    i.at_event_table_set  tos_at.o
    0x08007c26   0x08007c26   0x0000001e   Code   RO         8626    i.at_get_event      tos_at.o
    0x08007c44   0x08007c44   0x00000066   Code   RO         8627    i.at_is_echo_expect  tos_at.o
    0x08007caa   0x08007caa   0x00000002   PAD
    0x08007cac   0x08007cac   0x000000e0   Code   RO         8628    i.at_parser         tos_at.o
    0x08007d8c   0x08007d8c   0x00000026   Code   RO         8629    i.at_recv_cache_deinit  tos_at.o
    0x08007db2   0x08007db2   0x00000034   Code   RO         8630    i.at_recv_cache_init  tos_at.o
    0x08007de6   0x08007de6   0x0000003e   Code   RO         8631    i.at_uart_getchar   tos_at.o
    0x08007e24   0x08007e24   0x00000030   Code   RO         8632    i.at_uart_getchar_from_fifo  tos_at.o
    0x08007e54   0x08007e54   0x000000d0   Code   RO         8633    i.at_uart_line_parse  tos_at.o
    0x08007f24   0x08007f24   0x00000032   Code   RO         8634    i.at_uart_send      tos_at.o
    0x08007f56   0x08007f56   0x0000001e   Code   RO         5681    i.blk_absorb        tos_mmheap.o
    0x08007f74   0x08007f74   0x0000001c   Code   RO         5682    i.blk_can_split     tos_mmheap.o
    0x08007f90   0x08007f90   0x00000020   Code   RO         5683    i.blk_insert        tos_mmheap.o
    0x08007fb0   0x08007fb0   0x00000012   Code   RO         5684    i.blk_link_next     tos_mmheap.o
    0x08007fc2   0x08007fc2   0x0000003a   Code   RO         5685    i.blk_locate_free   tos_mmheap.o
    0x08007ffc   0x08007ffc   0x0000001a   Code   RO         5686    i.blk_mark_as_free  tos_mmheap.o
    0x08008016   0x08008016   0x0000001a   Code   RO         5687    i.blk_mark_as_used  tos_mmheap.o
    0x08008030   0x08008030   0x0000002a   Code   RO         5688    i.blk_merge_next    tos_mmheap.o
    0x0800805a   0x0800805a   0x00000028   Code   RO         5689    i.blk_merge_prev    tos_mmheap.o
    0x08008082   0x08008082   0x00000024   Code   RO         5690    i.blk_next          tos_mmheap.o
    0x080080a6   0x080080a6   0x00000022   Code   RO         5691    i.blk_prepare_used  tos_mmheap.o
    0x080080c8   0x080080c8   0x00000020   Code   RO         5692    i.blk_remove        tos_mmheap.o
    0x080080e8   0x080080e8   0x0000006c   Code   RO         5693    i.blk_search_suitable  tos_mmheap.o
    0x08008154   0x08008154   0x0000000a   Code   RO         5694    i.blk_set_free      tos_mmheap.o
    0x0800815e   0x0800815e   0x0000000a   Code   RO         5695    i.blk_set_prev_free  tos_mmheap.o
    0x08008168   0x08008168   0x0000000a   Code   RO         5696    i.blk_set_prev_used  tos_mmheap.o
    0x08008172   0x08008172   0x0000000c   Code   RO         5697    i.blk_set_size      tos_mmheap.o
    0x0800817e   0x0800817e   0x0000000a   Code   RO         5698    i.blk_set_used      tos_mmheap.o
    0x08008188   0x08008188   0x0000000a   Code   RO         5699    i.blk_size          tos_mmheap.o
    0x08008192   0x08008192   0x0000003e   Code   RO         5700    i.blk_split         tos_mmheap.o
    0x080081d0   0x080081d0   0x00000008   Code   RO         5701    i.blk_to_ptr        tos_mmheap.o
    0x080081d8   0x080081d8   0x0000002e   Code   RO         5702    i.blk_trim_free     tos_mmheap.o
    0x08008206   0x08008206   0x00000030   Code   RO         5704    i.blk_trim_used     tos_mmheap.o
    0x08008236   0x08008236   0x00000002   PAD
    0x08008238   0x08008238   0x00000100   Code   RO          372    i.board_init        mcu_init.o
    0x08008338   0x08008338   0x00000028   Code   RO         9620    i.bufchar           mqttpacket.o
    0x08008360   0x08008360   0x0000003a   Code   RO        10448    i.buffer_skip_whitespace  cjson.o
    0x0800839a   0x0800839a   0x00000002   PAD
    0x0800839c   0x0800839c   0x00000058   Code   RO        10480    i.cJSON_Delete      cjson.o
    0x080083f4   0x080083f4   0x00000012   Code   RO        10492    i.cJSON_GetObjectItem  cjson.o
    0x08008406   0x08008406   0x0000001a   Code   RO        10509    i.cJSON_New_Item    cjson.o
    0x08008420   0x08008420   0x00000010   Code   RO        10510    i.cJSON_Parse       cjson.o
    0x08008430   0x08008430   0x000000d4   Code   RO        10511    i.cJSON_ParseWithOpts  cjson.o
    0x08008504   0x08008504   0x00000048   Code   RO        10525    i.case_insensitive_strcmp  cjson.o
    0x0800854c   0x0800854c   0x00000008   Code   RO         8034    i.cpu_context_switch  tos_cpu.o
    0x08008554   0x08008554   0x0000002c   Code   RO         8035    i.cpu_init          tos_cpu.o
    0x08008580   0x08008580   0x00000008   Code   RO         8036    i.cpu_irq_context_switch  tos_cpu.o
    0x08008588   0x08008588   0x00000004   Code   RO         8038    i.cpu_sched_start   tos_cpu.o
    0x0800858c   0x0800858c   0x00000012   Code   RO         8039    i.cpu_systick_init  tos_cpu.o
    0x0800859e   0x0800859e   0x000000d8   Code   RO         8041    i.cpu_task_stk_init  tos_cpu.o
    0x08008676   0x08008676   0x00000002   PAD
    0x08008678   0x08008678   0x00000064   Code   RO         8975    i.default_msg_handler  mqttclient.o
    0x080086dc   0x080086dc   0x00000048   Code   RO         8438    i.esp8266_close     esp8266.o
    0x08008724   0x08008724   0x00000094   Code   RO         8439    i.esp8266_connect   esp8266.o
    0x080087b8   0x080087b8   0x00000040   Code   RO         8440    i.esp8266_echo_close  esp8266.o
    0x080087f8   0x080087f8   0x000000ac   Code   RO         8441    i.esp8266_incoming_data_process  esp8266.o
    0x080088a4   0x080088a4   0x00000130   Code   RO         8442    i.esp8266_init      esp8266.o
    0x080089d4   0x080089d4   0x0000003c   Code   RO         8443    i.esp8266_is_link_broken  esp8266.o
    0x08008a10   0x08008a10   0x00000078   Code   RO         8444    i.esp8266_join_ap   esp8266.o
    0x08008a88   0x08008a88   0x0000006c   Code   RO         8445    i.esp8266_multilink_set  esp8266.o
    0x08008af4   0x08008af4   0x00000098   Code   RO         8446    i.esp8266_net_mode_set  esp8266.o
    0x08008b8c   0x08008b8c   0x000000a8   Code   RO         8447    i.esp8266_parse_domain  esp8266.o
    0x08008c34   0x08008c34   0x00000068   Code   RO         8448    i.esp8266_reconnect_init  esp8266.o
    0x08008c9c   0x08008c9c   0x0000001c   Code   RO         8449    i.esp8266_recv      esp8266.o
    0x08008cb8   0x08008cb8   0x00000020   Code   RO         8450    i.esp8266_recv_timeout  esp8266.o
    0x08008cd8   0x08008cd8   0x00000018   Code   RO         8451    i.esp8266_recvfrom  esp8266.o
    0x08008cf0   0x08008cf0   0x00000020   Code   RO         8452    i.esp8266_recvfrom_timeout  esp8266.o
    0x08008d10   0x08008d10   0x0000005c   Code   RO         8453    i.esp8266_restore   esp8266.o
    0x08008d6c   0x08008d6c   0x0000005c   Code   RO         8455    i.esp8266_sal_init  esp8266.o
    0x08008dc8   0x08008dc8   0x000000bc   Code   RO         8456    i.esp8266_send      esp8266.o
    0x08008e84   0x08008e84   0x00000060   Code   RO         8457    i.esp8266_send_mode_set  esp8266.o
    0x08008ee4   0x08008ee4   0x000000f8   Code   RO         8458    i.esp8266_sendto    esp8266.o
    0x08008fdc   0x08008fdc   0x000000b0   Code   RO         7012    i.event_do_post     tos_event.o
    0x0800908c   0x0800908c   0x00000032   Code   RO         7013    i.event_is_match    tos_event.o
    0x080090be   0x080090be   0x00000002   PAD
    0x080090c0   0x080090c0   0x00000034   Code   RO          374    i.fputc             mcu_init.o
    0x080090f4   0x080090f4   0x00000010   Code   RO         5705    i.generic_fls       tos_mmheap.o
    0x08009104   0x08009104   0x00000004   Code   RO        10530    i.get_decimal_point  cjson.o
    0x08009108   0x08009108   0x00000044   Code   RO        10531    i.get_object_item   cjson.o
    0x0800914c   0x0800914c   0x00000050   Code   RO         5706    i.insert_free_block  tos_mmheap.o
    0x0800919c   0x0800919c   0x00000006   Code   RO         6367    i.knl_idle_entry    tos_sys.o
    0x080091a2   0x080091a2   0x00000002   PAD
    0x080091a4   0x080091a4   0x00000040   Code   RO         6368    i.knl_idle_init     tos_sys.o
    0x080091e4   0x080091e4   0x00000014   Code   RO         6369    i.knl_is_idle       tos_sys.o
    0x080091f8   0x080091f8   0x00000014   Code   RO         6370    i.knl_is_inirq      tos_sys.o
    0x0800920c   0x0800920c   0x00000014   Code   RO         6371    i.knl_is_sched_locked  tos_sys.o
    0x08009220   0x08009220   0x00000018   Code   RO         6372    i.knl_is_self       tos_sys.o
    0x08009238   0x08009238   0x00000004   Code   RO         5946    i.knl_object_init   tos_mutex.o
    0x0800923c   0x0800923c   0x00000004   Code   RO         6243    i.knl_object_init   tos_sem.o
    0x08009240   0x08009240   0x00000004   Code   RO         7014    i.knl_object_init   tos_event.o
    0x08009244   0x08009244   0x00000004   Code   RO         7404    i.knl_object_init   tos_char_fifo.o
    0x08009248   0x08009248   0x00000004   Code   RO         7817    i.knl_object_init   tos_ring_queue.o
    0x0800924c   0x0800924c   0x00000010   Code   RO         5947    i.knl_object_verify  tos_mutex.o
    0x0800925c   0x0800925c   0x00000010   Code   RO         6244    i.knl_object_verify  tos_sem.o
    0x0800926c   0x0800926c   0x00000010   Code   RO         6468    i.knl_object_verify  tos_task.o
    0x0800927c   0x0800927c   0x00000010   Code   RO         7015    i.knl_object_verify  tos_event.o
    0x0800928c   0x0800928c   0x00000010   Code   RO         7405    i.knl_object_verify  tos_char_fifo.o
    0x0800929c   0x0800929c   0x00000010   Code   RO         7818    i.knl_object_verify  tos_ring_queue.o
    0x080092ac   0x080092ac   0x00000010   Code   RO         7899    i.knl_object_verify  tos_stopwatch.o
    0x080092bc   0x080092bc   0x00000064   Code   RO         6373    i.knl_sched         tos_sys.o
    0x08009320   0x08009320   0x00000084   Code   RO          163    i.main              main.o
    0x080093a4   0x080093a4   0x0000003a   Code   RO         5707    i.mapping_insert    tos_mmheap.o
    0x080093de   0x080093de   0x0000002e   Code   RO         5708    i.mapping_search    tos_mmheap.o
    0x0800940c   0x0800940c   0x0000005c   Code   RO         5709    i.mmheap_ctl_init   tos_mmheap.o
    0x08009468   0x08009468   0x00000014   Code   RO         5711    i.mmheap_init_with_pool  tos_mmheap.o
    0x0800947c   0x0800947c   0x0000002c   Code   RO         5712    i.mmheap_pool_is_exist  tos_mmheap.o
    0x080094a8   0x080094a8   0x00000054   Code   RO         8976    i.mqtt_ack_handler_create  mqttclient.o
    0x080094fc   0x080094fc   0x00000014   Code   RO         8977    i.mqtt_ack_handler_destroy  mqttclient.o
    0x08009510   0x08009510   0x0000009c   Code   RO         8979    i.mqtt_ack_handler_resend  mqttclient.o
    0x080095ac   0x080095ac   0x00000044   Code   RO         8980    i.mqtt_ack_list_node_is_exist  mqttclient.o
    0x080095f0   0x080095f0   0x0000005e   Code   RO         8981    i.mqtt_ack_list_record  mqttclient.o
    0x0800964e   0x0800964e   0x00000096   Code   RO         8982    i.mqtt_ack_list_scan  mqttclient.o
    0x080096e4   0x080096e4   0x0000005c   Code   RO         8983    i.mqtt_ack_list_unrecord  mqttclient.o
    0x08009740   0x08009740   0x00000024   Code   RO         8984    i.mqtt_add_ack_handler_num  mqttclient.o
    0x08009764   0x08009764   0x0000008e   Code   RO         8985    i.mqtt_clean_session  mqttclient.o
    0x080097f2   0x080097f2   0x0000000c   Code   RO         8986    i.mqtt_connect      mqttclient.o
    0x080097fe   0x080097fe   0x00000002   PAD
    0x08009800   0x08009800   0x00000254   Code   RO         8987    i.mqtt_connect_with_results  mqttclient.o
    0x08009a54   0x08009a54   0x00000070   Code   RO         8988    i.mqtt_decode_packet  mqttclient.o
    0x08009ac4   0x08009ac4   0x00000074   Code   RO         8989    i.mqtt_deliver_message  mqttclient.o
    0x08009b38   0x08009b38   0x00000008   Code   RO         8991    i.mqtt_get_client_state  mqttclient.o
    0x08009b40   0x08009b40   0x00000044   Code   RO         8992    i.mqtt_get_msg_handler  mqttclient.o
    0x08009b84   0x08009b84   0x0000002c   Code   RO         8993    i.mqtt_get_next_packet_id  mqttclient.o
    0x08009bb0   0x08009bb0   0x00000110   Code   RO         8994    i.mqtt_init         mqttclient.o
    0x08009cc0   0x08009cc0   0x00000024   Code   RO         8995    i.mqtt_is_connected  mqttclient.o
    0x08009ce4   0x08009ce4   0x00000032   Code   RO         8996    i.mqtt_is_topic_equals  mqttclient.o
    0x08009d16   0x08009d16   0x00000002   PAD
    0x08009d18   0x08009d18   0x000000bc   Code   RO         8997    i.mqtt_keep_alive   mqttclient.o
    0x08009dd4   0x08009dd4   0x0000002a   Code   RO         8998    i.mqtt_lease        mqttclient.o
    0x08009dfe   0x08009dfe   0x00000012   Code   RO         9899    i.mqtt_list_add_tail  mqtt_list.o
    0x08009e10   0x08009e10   0x0000000e   Code   RO         9900    i.mqtt_list_del     mqtt_list.o
    0x08009e1e   0x08009e1e   0x00000012   Code   RO         9901    i.mqtt_list_del_init  mqtt_list.o
    0x08009e30   0x08009e30   0x00000006   Code   RO         9902    i.mqtt_list_init    mqtt_list.o
    0x08009e36   0x08009e36   0x00000010   Code   RO         9903    i.mqtt_list_is_empty  mqtt_list.o
    0x08009e46   0x08009e46   0x0000002c   Code   RO         9000    i.mqtt_msg_handler_create  mqttclient.o
    0x08009e72   0x08009e72   0x00000014   Code   RO         9001    i.mqtt_msg_handler_destory  mqttclient.o
    0x08009e86   0x08009e86   0x00000002   PAD
    0x08009e88   0x08009e88   0x00000074   Code   RO         9002    i.mqtt_msg_handler_is_exist  mqttclient.o
    0x08009efc   0x08009efc   0x00000032   Code   RO         9003    i.mqtt_msg_handlers_install  mqttclient.o
    0x08009f2e   0x08009f2e   0x0000002c   Code   RO         9004    i.mqtt_new_message_data  mqttclient.o
    0x08009f5a   0x08009f5a   0x0000005a   Code   RO         9005    i.mqtt_packet_drain  mqttclient.o
    0x08009fb4   0x08009fb4   0x000000b0   Code   RO         9006    i.mqtt_packet_handle  mqttclient.o
    0x0800a064   0x0800a064   0x00000048   Code   RO         9007    i.mqtt_puback_and_pubcomp_packet_handle  mqttclient.o
    0x0800a0ac   0x0800a0ac   0x0000008c   Code   RO         9009    i.mqtt_publish_ack_packet  mqttclient.o
    0x0800a138   0x0800a138   0x000000fa   Code   RO         9010    i.mqtt_publish_packet_handle  mqttclient.o
    0x0800a232   0x0800a232   0x0000005a   Code   RO         9011    i.mqtt_pubrec_and_pubrel_packet_handle  mqttclient.o
    0x0800a28c   0x0800a28c   0x000000c0   Code   RO         9012    i.mqtt_read_buf_malloc  mqttclient.o
    0x0800a34c   0x0800a34c   0x000000d4   Code   RO         9013    i.mqtt_read_packet  mqttclient.o
    0x0800a420   0x0800a420   0x00000070   Code   RO         9015    i.mqtt_send_packet  mqttclient.o
    0x0800a490   0x0800a490   0x00000060   Code   RO         9017    i.mqtt_set_clean_session  mqttclient.o
    0x0800a4f0   0x0800a4f0   0x00000054   Code   RO         9018    i.mqtt_set_client_id  mqttclient.o
    0x0800a544   0x0800a544   0x0000001c   Code   RO         9019    i.mqtt_set_client_state  mqttclient.o
    0x0800a560   0x0800a560   0x00000054   Code   RO         9021    i.mqtt_set_host     mqttclient.o
    0x0800a5b4   0x0800a5b4   0x00000054   Code   RO         9024    i.mqtt_set_password  mqttclient.o
    0x0800a608   0x0800a608   0x00000054   Code   RO         9025    i.mqtt_set_port     mqttclient.o
    0x0800a65c   0x0800a65c   0x00000054   Code   RO         9031    i.mqtt_set_user_name  mqttclient.o
    0x0800a6b0   0x0800a6b0   0x00000012   Code   RO         9036    i.mqtt_sleep_ms     mqttclient.o
    0x0800a6c2   0x0800a6c2   0x00000002   PAD
    0x0800a6c4   0x0800a6c4   0x000000b4   Code   RO         9037    i.mqtt_suback_packet_handle  mqttclient.o
    0x0800a778   0x0800a778   0x000000b8   Code   RO         9038    i.mqtt_subscribe    mqttclient.o
    0x0800a830   0x0800a830   0x00000034   Code   RO         9039    i.mqtt_subtract_ack_handler_num  mqttclient.o
    0x0800a864   0x0800a864   0x00000076   Code   RO         9040    i.mqtt_topic_is_matched  mqttclient.o
    0x0800a8da   0x0800a8da   0x00000002   PAD
    0x0800a8dc   0x0800a8dc   0x00000088   Code   RO         9041    i.mqtt_try_do_reconnect  mqttclient.o
    0x0800a964   0x0800a964   0x00000030   Code   RO         9042    i.mqtt_try_reconnect  mqttclient.o
    0x0800a994   0x0800a994   0x000000d4   Code   RO         9043    i.mqtt_try_resubscribe  mqttclient.o
    0x0800aa68   0x0800aa68   0x00000054   Code   RO         9044    i.mqtt_unsuback_packet_handle  mqttclient.o
    0x0800aabc   0x0800aabc   0x00000034   Code   RO         9046    i.mqtt_wait_packet  mqttclient.o
    0x0800aaf0   0x0800aaf0   0x000000c4   Code   RO         9047    i.mqtt_write_buf_malloc  mqttclient.o
    0x0800abb4   0x0800abb4   0x000000bc   Code   RO         9048    i.mqtt_yield        mqttclient.o
    0x0800ac70   0x0800ac70   0x00000134   Code   RO         9049    i.mqtt_yield_thread  mqttclient.o
    0x0800ada4   0x0800ada4   0x00000624   Code   RO          884    i.mqttclient_task   mqttclient_iot_explorer.o
    0x0800b3c8   0x0800b3c8   0x0000002a   Code   RO         5948    i.mutex_fresh_owner_mark  tos_mutex.o
    0x0800b3f2   0x0800b3f2   0x0000004c   Code   RO         5949    i.mutex_old_owner_release  tos_mutex.o
    0x0800b43e   0x0800b43e   0x00000014   Code   RO         5950    i.mutex_release     tos_mutex.o
    0x0800b452   0x0800b452   0x0000001e   Code   RO        10072    i.nettype_tcp_connect  nettype_tcp.o
    0x0800b470   0x0800b470   0x00000014   Code   RO        10073    i.nettype_tcp_disconnect  nettype_tcp.o
    0x0800b484   0x0800b484   0x0000001c   Code   RO        10074    i.nettype_tcp_read  nettype_tcp.o
    0x0800b4a0   0x0800b4a0   0x0000001c   Code   RO        10075    i.nettype_tcp_write  nettype_tcp.o
    0x0800b4bc   0x0800b4bc   0x0000000c   Code   RO        10141    i.network_connect   network.o
    0x0800b4c8   0x0800b4c8   0x0000000c   Code   RO        10142    i.network_disconnect  network.o
    0x0800b4d4   0x0800b4d4   0x0000001a   Code   RO        10143    i.network_init      network.o
    0x0800b4ee   0x0800b4ee   0x0000001c   Code   RO        10144    i.network_read      network.o
    0x0800b50a   0x0800b50a   0x0000001a   Code   RO        10145    i.network_release   network.o
    0x0800b524   0x0800b524   0x0000001c   Code   RO        10149    i.network_write     network.o
    0x0800b540   0x0800b540   0x00000006   Code   RO         5714    i.offset_to_blk     tos_mmheap.o
    0x0800b546   0x0800b546   0x000000f4   Code   RO        10532    i.parse_array       cjson.o
    0x0800b63a   0x0800b63a   0x0000005a   Code   RO        10533    i.parse_hex4        cjson.o
    0x0800b694   0x0800b694   0x00000154   Code   RO        10534    i.parse_number      cjson.o
    0x0800b7e8   0x0800b7e8   0x0000013a   Code   RO        10535    i.parse_object      cjson.o
    0x0800b922   0x0800b922   0x00000192   Code   RO        10536    i.parse_string      cjson.o
    0x0800bab4   0x0800bab4   0x0000013c   Code   RO        10537    i.parse_value       cjson.o
    0x0800bbf0   0x0800bbf0   0x00000022   Code   RO         7118    i.pend_highest_pending_prio_get  tos_pend.o
    0x0800bc12   0x0800bc12   0x00000008   Code   RO         7119    i.pend_highest_pending_task_get  tos_pend.o
    0x0800bc1a   0x0800bc1a   0x0000000c   Code   RO         7120    i.pend_is_nopending  tos_pend.o
    0x0800bc26   0x0800bc26   0x00000054   Code   RO         7121    i.pend_list_add     tos_pend.o
    0x0800bc7a   0x0800bc7a   0x00000016   Code   RO         7122    i.pend_list_adjust  tos_pend.o
    0x0800bc90   0x0800bc90   0x00000022   Code   RO         7123    i.pend_list_remove  tos_pend.o
    0x0800bcb2   0x0800bcb2   0x0000000c   Code   RO         7124    i.pend_object_deinit  tos_pend.o
    0x0800bcbe   0x0800bcbe   0x0000000c   Code   RO         7125    i.pend_object_init  tos_pend.o
    0x0800bcca   0x0800bcca   0x0000002e   Code   RO         7126    i.pend_state2errno  tos_pend.o
    0x0800bcf8   0x0800bcf8   0x0000003c   Code   RO         7127    i.pend_task_block   tos_pend.o
    0x0800bd34   0x0800bd34   0x00000046   Code   RO         7128    i.pend_task_wakeup  tos_pend.o
    0x0800bd7a   0x0800bd7a   0x0000001e   Code   RO         7129    i.pend_wakeup       tos_pend.o
    0x0800bd98   0x0800bd98   0x00000032   Code   RO         7130    i.pend_wakeup_all   tos_pend.o
    0x0800bdca   0x0800bdca   0x00000014   Code   RO         7131    i.pend_wakeup_one   tos_pend.o
    0x0800bdde   0x0800bdde   0x0000000c   Code   RO        10213    i.platform_memory_alloc  platform_memory.o
    0x0800bdea   0x0800bdea   0x0000000c   Code   RO        10215    i.platform_memory_free  platform_memory.o
    0x0800bdf6   0x0800bdf6   0x0000000c   Code   RO        10250    i.platform_mutex_init  platform_mutex.o
    0x0800be02   0x0800be02   0x0000000c   Code   RO        10251    i.platform_mutex_lock  platform_mutex.o
    0x0800be0e   0x0800be0e   0x0000000c   Code   RO        10253    i.platform_mutex_unlock  platform_mutex.o
    0x0800be1a   0x0800be1a   0x0000000c   Code   RO        10294    i.platform_net_socket_close  platform_net_socket.o
    0x0800be26   0x0800be26   0x0000002a   Code   RO        10295    i.platform_net_socket_connect  platform_net_socket.o
    0x0800be50   0x0800be50   0x0000001c   Code   RO        10297    i.platform_net_socket_recv_timeout  platform_net_socket.o
    0x0800be6c   0x0800be6c   0x0000001a   Code   RO        10299    i.platform_net_socket_write_timeout  platform_net_socket.o
    0x0800be86   0x0800be86   0x0000001c   Code   RO        10339    i.platform_thread_destroy  platform_thread.o
    0x0800bea2   0x0800bea2   0x0000005c   Code   RO        10340    i.platform_thread_init  platform_thread.o
    0x0800befe   0x0800befe   0x0000000c   Code   RO        10341    i.platform_thread_start  platform_thread.o
    0x0800bf0a   0x0800bf0a   0x00000002   Code   RO        10342    i.platform_thread_startup  platform_thread.o
    0x0800bf0c   0x0800bf0c   0x0000000c   Code   RO        10343    i.platform_thread_stop  platform_thread.o
    0x0800bf18   0x0800bf18   0x00000014   Code   RO        10387    i.platform_timer_cutdown  platform_timer.o
    0x0800bf2c   0x0800bf2c   0x00000006   Code   RO        10388    i.platform_timer_init  platform_timer.o
    0x0800bf32   0x0800bf32   0x00000016   Code   RO        10389    i.platform_timer_is_expired  platform_timer.o
    0x0800bf48   0x0800bf48   0x0000001a   Code   RO        10391    i.platform_timer_remain  platform_timer.o
    0x0800bf62   0x0800bf62   0x00000022   Code   RO        10392    i.platform_timer_usleep  platform_timer.o
    0x0800bf84   0x0800bf84   0x00000008   Code   RO        10393    i.platform_uptime_ms  platform_timer.o
    0x0800bf8c   0x0800bf8c   0x00000032   Code   RO         8132    i.port_systick_config  port_c.o
    0x0800bfbe   0x0800bfbe   0x00000010   Code   RO         8133    i.port_systick_priority_set  port_c.o
    0x0800bfce   0x0800bfce   0x0000000e   Code   RO         9622    i.readChar          mqttpacket.o
    0x0800bfdc   0x0800bfdc   0x0000001a   Code   RO         9623    i.readInt           mqttpacket.o
    0x0800bff6   0x0800bff6   0x0000003a   Code   RO         9624    i.readMQTTLenString  mqttpacket.o
    0x0800c030   0x0800c030   0x00000028   Code   RO         6100    i.readyqueue_add    tos_sched.o
    0x0800c058   0x0800c058   0x00000038   Code   RO         6101    i.readyqueue_add_head  tos_sched.o
    0x0800c090   0x0800c090   0x0000002c   Code   RO         6102    i.readyqueue_add_tail  tos_sched.o
    0x0800c0bc   0x0800c0bc   0x00000020   Code   RO         6103    i.readyqueue_first_task_get  tos_sched.o
    0x0800c0dc   0x0800c0dc   0x00000018   Code   RO         6104    i.readyqueue_highest_ready_task_get  tos_sched.o
    0x0800c0f4   0x0800c0f4   0x00000040   Code   RO         6105    i.readyqueue_init   tos_sched.o
    0x0800c134   0x0800c134   0x00000020   Code   RO         6106    i.readyqueue_is_prio_onlyone  tos_sched.o
    0x0800c154   0x0800c154   0x00000034   Code   RO         6107    i.readyqueue_move_head_to_tail  tos_sched.o
    0x0800c188   0x0800c188   0x00000028   Code   RO         6108    i.readyqueue_prio_highest_get  tos_sched.o
    0x0800c1b0   0x0800c1b0   0x0000003c   Code   RO         6109    i.readyqueue_prio_mark  tos_sched.o
    0x0800c1ec   0x0800c1ec   0x00000070   Code   RO         6110    i.readyqueue_remove  tos_sched.o
    0x0800c25c   0x0800c25c   0x00000060   Code   RO         5715    i.remove_free_block  tos_mmheap.o
    0x0800c2bc   0x0800c2bc   0x000000ac   Code   RO         7271    i.robin_sched       tos_robin.o
    0x0800c368   0x0800c368   0x0000008c   Code   RO         6245    i.sem_do_post       tos_sem.o
    0x0800c3f4   0x0800c3f4   0x0000003c   Code   RO        10546    i.skip_utf8_bom     cjson.o
    0x0800c430   0x0800c430   0x00000004   Code   RO         6856    i.soft_timer_init   tos_timer.o
    0x0800c434   0x0800c434   0x00000088   Code   RO         6858    i.soft_timer_update  tos_timer.o
    0x0800c4bc   0x0800c4bc   0x00000086   Code   RO         6470    i.task_do_destroy   tos_task.o
    0x0800c542   0x0800c542   0x0000000a   Code   RO         6471    i.task_exit         tos_task.o
    0x0800c54c   0x0800c54c   0x00000036   Code   RO         6474    i.task_highest_pending_prio_get  tos_task.o
    0x0800c582   0x0800c582   0x0000002e   Code   RO         6475    i.task_mutex_release  tos_task.o
    0x0800c5b0   0x0800c5b0   0x0000004e   Code   RO         6476    i.task_reset        tos_task.o
    0x0800c5fe   0x0800c5fe   0x00000010   Code   RO         6477    i.task_state_is_ready  tos_task.o
    0x0800c60e   0x0800c60e   0x0000000c   Code   RO         6478    i.task_state_is_sleeping  tos_task.o
    0x0800c61a   0x0800c61a   0x00000024   Code   RO         6695    i.tick_list_add     tos_tick.o
    0x0800c63e   0x0800c63e   0x0000001c   Code   RO         6696    i.tick_list_remove  tos_tick.o
    0x0800c65a   0x0800c65a   0x00000002   PAD
    0x0800c65c   0x0800c65c   0x000000ce   Code   RO         6698    i.tick_task_place   tos_tick.o
    0x0800c72a   0x0800c72a   0x00000002   PAD
    0x0800c72c   0x0800c72c   0x00000084   Code   RO         6699    i.tick_task_takeoff  tos_tick.o
    0x0800c7b0   0x0800c7b0   0x000000c4   Code   RO         6700    i.tick_update       tos_tick.o
    0x0800c874   0x0800c874   0x00000090   Code   RO         6860    i.timer_place       tos_timer.o
    0x0800c904   0x0800c904   0x00000074   Code   RO         6862    i.timer_takeoff     tos_timer.o
    0x0800c978   0x0800c978   0x00000054   Code   RO         8635    i.tos_at_channel_alloc  tos_at.o
    0x0800c9cc   0x0800c9cc   0x00000054   Code   RO         8638    i.tos_at_channel_free  tos_at.o
    0x0800ca20   0x0800ca20   0x00000026   Code   RO         8640    i.tos_at_channel_is_working  tos_at.o
    0x0800ca46   0x0800ca46   0x00000060   Code   RO         8642    i.tos_at_channel_read  tos_at.o
    0x0800caa6   0x0800caa6   0x000000d2   Code   RO         8643    i.tos_at_channel_read_timed  tos_at.o
    0x0800cb78   0x0800cb78   0x00000026   Code   RO         8644    i.tos_at_channel_set_broken  tos_at.o
    0x0800cb9e   0x0800cb9e   0x00000054   Code   RO         8645    i.tos_at_channel_write  tos_at.o
    0x0800cbf2   0x0800cbf2   0x000000a8   Code   RO         8646    i.tos_at_cmd_exec   tos_at.o
    0x0800cc9a   0x0800cc9a   0x000000b0   Code   RO         8647    i.tos_at_cmd_exec_until  tos_at.o
    0x0800cd4a   0x0800cd4a   0x00000036   Code   RO         8649    i.tos_at_echo_create  tos_at.o
    0x0800cd80   0x0800cd80   0x00000018   Code   RO         8651    i.tos_at_global_lock_pend  tos_at.o
    0x0800cd98   0x0800cd98   0x00000018   Code   RO         8652    i.tos_at_global_lock_post  tos_at.o
    0x0800cdb0   0x0800cdb0   0x0000012c   Code   RO         8653    i.tos_at_init       tos_at.o
    0x0800cedc   0x0800cedc   0x0000009c   Code   RO         8655    i.tos_at_raw_data_send_until  tos_at.o
    0x0800cf78   0x0800cf78   0x0000001c   Code   RO         8657    i.tos_at_uart_input_byte  tos_at.o
    0x0800cf94   0x0800cf94   0x00000034   Code   RO         8658    i.tos_at_uart_read  tos_at.o
    0x0800cfc8   0x0800cfc8   0x0000005e   Code   RO         7406    i.tos_chr_fifo_create  tos_char_fifo.o
    0x0800d026   0x0800d026   0x00000062   Code   RO         7408    i.tos_chr_fifo_destroy  tos_char_fifo.o
    0x0800d088   0x0800d088   0x0000003c   Code   RO         7413    i.tos_chr_fifo_pop  tos_char_fifo.o
    0x0800d0c4   0x0800d0c4   0x0000007a   Code   RO         7414    i.tos_chr_fifo_pop_stream  tos_char_fifo.o
    0x0800d13e   0x0800d13e   0x0000003a   Code   RO         7415    i.tos_chr_fifo_push  tos_char_fifo.o
    0x0800d178   0x0800d178   0x00000074   Code   RO         7416    i.tos_chr_fifo_push_stream  tos_char_fifo.o
    0x0800d1ec   0x0800d1ec   0x0000000c   Code   RO         8042    i.tos_cpu_clz       tos_cpu.o
    0x0800d1f8   0x0800d1f8   0x0000000c   Code   RO         8043    i.tos_cpu_cpsr_restore  tos_cpu.o
    0x0800d204   0x0800d204   0x00000008   Code   RO         8044    i.tos_cpu_cpsr_save  tos_cpu.o
    0x0800d20c   0x0800d20c   0x00000038   Code   RO         7016    i.tos_event_create  tos_event.o
    0x0800d244   0x0800d244   0x00000012   Code   RO         7021    i.tos_event_post    tos_event.o
    0x0800d256   0x0800d256   0x00000032   Code   RO         8575    i.tos_hal_uart_deinit  tos_hal_uart.o
    0x0800d288   0x0800d288   0x00000058   Code   RO         8576    i.tos_hal_uart_init  tos_hal_uart.o
    0x0800d2e0   0x0800d2e0   0x00000040   Code   RO         8578    i.tos_hal_uart_write  tos_hal_uart.o
    0x0800d320   0x0800d320   0x0000003c   Code   RO         6374    i.tos_knl_init      tos_sys.o
    0x0800d35c   0x0800d35c   0x00000030   Code   RO         6375    i.tos_knl_irq_enter  tos_sys.o
    0x0800d38c   0x0800d38c   0x00000090   Code   RO         6376    i.tos_knl_irq_leave  tos_sys.o
    0x0800d41c   0x0800d41c   0x00000014   Code   RO         6377    i.tos_knl_is_running  tos_sys.o
    0x0800d430   0x0800d430   0x0000005c   Code   RO         6378    i.tos_knl_sched_lock  tos_sys.o
    0x0800d48c   0x0800d48c   0x00000060   Code   RO         6379    i.tos_knl_sched_unlock  tos_sys.o
    0x0800d4ec   0x0800d4ec   0x00000040   Code   RO         6380    i.tos_knl_start     tos_sys.o
    0x0800d52c   0x0800d52c   0x0000000e   Code   RO         6479    i.tos_list_add      tos_task.o
    0x0800d53a   0x0800d53a   0x00000012   Code   RO         6111    i.tos_list_add_tail  tos_sched.o
    0x0800d54c   0x0800d54c   0x0000000c   Code   RO         6480    i.tos_list_del      tos_task.o
    0x0800d558   0x0800d558   0x0000000c   Code   RO         7132    i.tos_list_del      tos_pend.o
    0x0800d564   0x0800d564   0x00000010   Code   RO         6112    i.tos_list_empty    tos_sched.o
    0x0800d574   0x0800d574   0x00000010   Code   RO         6481    i.tos_list_empty    tos_task.o
    0x0800d584   0x0800d584   0x00000010   Code   RO         6701    i.tos_list_empty    tos_tick.o
    0x0800d594   0x0800d594   0x00000010   Code   RO         7133    i.tos_list_empty    tos_pend.o
    0x0800d5a4   0x0800d5a4   0x00000006   Code   RO         5951    i.tos_list_init     tos_mutex.o
    0x0800d5aa   0x0800d5aa   0x00000006   Code   RO         6482    i.tos_list_init     tos_task.o
    0x0800d5b0   0x0800d5b0   0x00000006   Code   RO         7134    i.tos_list_init     tos_pend.o
    0x0800d5b6   0x0800d5b6   0x00000004   Code   RO         6801    i.tos_millisec2tick  tos_time.o
    0x0800d5ba   0x0800d5ba   0x00000030   Code   RO         5717    i.tos_mmheap_alloc  tos_mmheap.o
    0x0800d5ea   0x0800d5ea   0x00000030   Code   RO         5720    i.tos_mmheap_free   tos_mmheap.o
    0x0800d61a   0x0800d61a   0x00000002   PAD
    0x0800d61c   0x0800d61c   0x000000bc   Code   RO         5721    i.tos_mmheap_pool_add  tos_mmheap.o
    0x0800d6d8   0x0800d6d8   0x000000b8   Code   RO         5724    i.tos_mmheap_realloc  tos_mmheap.o
    0x0800d790   0x0800d790   0x0000005e   Code   RO         5952    i.tos_mutex_create  tos_mutex.o
    0x0800d7ee   0x0800d7ee   0x0000009e   Code   RO         5954    i.tos_mutex_destroy  tos_mutex.o
    0x0800d88c   0x0800d88c   0x00000012   Code   RO         5956    i.tos_mutex_pend    tos_mutex.o
    0x0800d89e   0x0800d89e   0x00000002   PAD
    0x0800d8a0   0x0800d8a0   0x0000012c   Code   RO         5957    i.tos_mutex_pend_timed  tos_mutex.o
    0x0800d9cc   0x0800d9cc   0x000000f0   Code   RO         5958    i.tos_mutex_post    tos_mutex.o
    0x0800dabc   0x0800dabc   0x0000005a   Code   RO         7819    i.tos_ring_q_create  tos_ring_queue.o
    0x0800db16   0x0800db16   0x000000b6   Code   RO         7821    i.tos_ring_q_dequeue  tos_ring_queue.o
    0x0800dbcc   0x0800dbcc   0x00000060   Code   RO         7822    i.tos_ring_q_destroy  tos_ring_queue.o
    0x0800dc2c   0x0800dc2c   0x000000b8   Code   RO         7824    i.tos_ring_q_enqueue  tos_ring_queue.o
    0x0800dce4   0x0800dce4   0x00000052   Code   RO         7826    i.tos_ring_q_is_empty  tos_ring_queue.o
    0x0800dd36   0x0800dd36   0x00000056   Code   RO         7827    i.tos_ring_q_is_full  tos_ring_queue.o
    0x0800dd8c   0x0800dd8c   0x00000028   Code   RO         8879    i.tos_sal_module_close  sal_module_wrapper.o
    0x0800ddb4   0x0800ddb4   0x00000030   Code   RO         8880    i.tos_sal_module_connect  sal_module_wrapper.o
    0x0800dde4   0x0800dde4   0x00000024   Code   RO         8882    i.tos_sal_module_init  sal_module_wrapper.o
    0x0800de08   0x0800de08   0x00000030   Code   RO         8883    i.tos_sal_module_parse_domain  sal_module_wrapper.o
    0x0800de38   0x0800de38   0x0000003c   Code   RO         8885    i.tos_sal_module_recv_timeout  sal_module_wrapper.o
    0x0800de74   0x0800de74   0x0000001c   Code   RO         8888    i.tos_sal_module_register  sal_module_wrapper.o
    0x0800de90   0x0800de90   0x00000030   Code   RO         8890    i.tos_sal_module_send  sal_module_wrapper.o
    0x0800dec0   0x0800dec0   0x00000014   Code   RO         6246    i.tos_sem_create    tos_sem.o
    0x0800ded4   0x0800ded4   0x0000004a   Code   RO         6248    i.tos_sem_create_max  tos_sem.o
    0x0800df1e   0x0800df1e   0x0000007c   Code   RO         6250    i.tos_sem_destroy   tos_sem.o
    0x0800df9a   0x0800df9a   0x00000002   PAD
    0x0800df9c   0x0800df9c   0x000000d4   Code   RO         6252    i.tos_sem_pend      tos_sem.o
    0x0800e070   0x0800e070   0x0000000e   Code   RO         6253    i.tos_sem_post      tos_sem.o
    0x0800e07e   0x0800e07e   0x00000012   Code   RO         6803    i.tos_sleep_ms      tos_time.o
    0x0800e090   0x0800e090   0x0000004c   Code   RO         7900    i.tos_stopwatch_countdown  tos_stopwatch.o
    0x0800e0dc   0x0800e0dc   0x00000028   Code   RO         7902    i.tos_stopwatch_create  tos_stopwatch.o
    0x0800e104   0x0800e104   0x00000026   Code   RO         7903    i.tos_stopwatch_delay  tos_stopwatch.o
    0x0800e12a   0x0800e12a   0x00000040   Code   RO         7905    i.tos_stopwatch_destroy  tos_stopwatch.o
    0x0800e16a   0x0800e16a   0x00000046   Code   RO         7906    i.tos_stopwatch_is_expired  tos_stopwatch.o
    0x0800e1b0   0x0800e1b0   0x00000056   Code   RO         7907    i.tos_stopwatch_remain  tos_stopwatch.o
    0x0800e206   0x0800e206   0x00000002   PAD
    0x0800e208   0x0800e208   0x00000028   Code   RO         6804    i.tos_systick_get   tos_time.o
    0x0800e230   0x0800e230   0x00000172   Code   RO         6483    i.tos_task_create   tos_task.o
    0x0800e3a2   0x0800e3a2   0x00000002   PAD
    0x0800e3a4   0x0800e3a4   0x00000098   Code   RO         6486    i.tos_task_delay    tos_task.o
    0x0800e43c   0x0800e43c   0x00000074   Code   RO         6488    i.tos_task_destroy  tos_task.o
    0x0800e4b0   0x0800e4b0   0x00000100   Code   RO         6492    i.tos_task_prio_change  tos_task.o
    0x0800e5b0   0x0800e5b0   0x0000009e   Code   RO         6493    i.tos_task_resume   tos_task.o
    0x0800e64e   0x0800e64e   0x00000002   PAD
    0x0800e650   0x0800e650   0x000000b4   Code   RO         6495    i.tos_task_suspend  tos_task.o
    0x0800e704   0x0800e704   0x0000003c   Code   RO         6497    i.tos_task_yield    tos_task.o
    0x0800e740   0x0800e740   0x00000034   Code   RO         6702    i.tos_tick_handler  tos_tick.o
    0x0800e774   0x0800e774   0x00000322   Code   RO          885    i.tos_topic_handler  mqttclient_iot_explorer.o
    0x0800ea96   0x0800ea96   0x00000132   Code   RO        10549    i.utf16_literal_to_utf8  cjson.o
    0x0800ebc8   0x0800ebc8   0x00000028   Code   RO         9625    i.writeCString      mqttpacket.o
    0x0800ebf0   0x0800ebf0   0x0000000c   Code   RO         9626    i.writeChar         mqttpacket.o
    0x0800ebfc   0x0800ebfc   0x00000030   Code   RO         9627    i.writeInt          mqttpacket.o
    0x0800ec2c   0x0800ec2c   0x0000003e   Code   RO         9628    i.writeMQTTString   mqttpacket.o
    0x0800ec6a   0x0800ec6a   0x00000012   Data   RO          887    .constdata          mqttclient_iot_explorer.o
    0x0800ec7c   0x0800ec7c   0x00000048   Data   RO         5236    .constdata          system_stm32l4xx.o
    0x0800ecc4   0x0800ecc4   0x00004bb4   Data   RO         5331    .constdata          lcd_spi2_drv.o
    0x08013878   0x08013878   0x00000008   Data   RO         7093    .constdata          tos_global.o
    0x08013880   0x08013880   0x000002cc   Data   RO         9050    .constdata          mqttclient.o
    0x08013b4c   0x08013b4c   0x00000040   Data   RO        11479    .constdata          mc_w.l(ctype_c.o)
    0x08013b8c   0x08013b8c   0x0000013f   Data   RO          888    .conststring        mqttclient_iot_explorer.o
    0x08013ccb   0x08013ccb   0x00000001   PAD
    0x08013ccc   0x08013ccc   0x0000000c   Data   RO         8460    .conststring        esp8266.o
    0x08013cd8   0x08013cd8   0x000000f2   Data   RO         9051    .conststring        mqttclient.o
    0x08013dca   0x08013dca   0x00000002   PAD
    0x08013dcc   0x08013dcc   0x00000020   Data   RO        11481    Region$$Table       anon$$obj.o


    Execution Region RW_IRAM1 (Exec base: 0x20000000, Load base: 0x08013dec, Size: 0x0000c128, Max: 0x00010000, ABSOLUTE)

    Exec Addr    Load Addr    Size         Type   Attr      Idx    E Section Name        Object

    0x20000000   0x08013dec   0x00000002   Data   RW          464    .data               usart.o
    0x20000002   0x08013dee   0x00000002   PAD
    0x20000004   0x08013df0   0x00000012   Data   RW          889    .data               mqttclient_iot_explorer.o
    0x20000016   0x08013e02   0x00000002   PAD
    0x20000018   0x08013e04   0x00000009   Data   RW         2533    .data               stm32l4xx_hal.o
    0x20000021   0x08013e0d   0x00000003   PAD
    0x20000024   0x08013e10   0x00000004   Data   RW         5237    .data               system_stm32l4xx.o
    0x20000028   0x08013e14   0x00000050   Data   RW         7094    .data               tos_global.o
    0x20000078   0x08013e64   0x00000044   Data   RW         8461    .data               esp8266.o
    0x200000bc   0x08013ea8   0x00000004   Data   RW         8892    .data               sal_module_wrapper.o
    0x200000c0   0x08013eac   0x00000004   Data   RW         9629    .data               mqttpacket.o
    0x200000c4   0x08013eb0   0x00000014   Data   RW        10551    .data               cjson.o
    0x200000d8   0x08013ec4   0x00000004   Data   RW        11444    .data               mc_w.l(stdout.o)
    0x200000dc   0x08013ec8   0x00000004   PAD
    0x200000e0        -       0x00001888   Zero   RW          164    .bss                main.o
    0x20001968        -       0x00000210   Zero   RW          463    .bss                usart.o
    0x20001b78        -       0x00000064   Zero   RW          533    .bss                adc.o
    0x20001bdc        -       0x0000004c   Zero   RW          575    .bss                i2c.o
    0x20001c28        -       0x0000012c   Zero   RW          619    .bss                spi.o
    0x20001d54        -       0x000001c8   Zero   RW          798    .bss                tim.o
    0x20001f1c        -       0x000000e2   Zero   RW          886    .bss                mqttclient_iot_explorer.o
    0x20001ffe        -       0x00000480   Zero   RW         5330    .bss                lcd_spi2_drv.o
    0x2000247e   0x08013ec8   0x00000002   PAD
    0x20002480        -       0x00008f64   Zero   RW         7092    .bss                tos_global.o
    0x2000b3e4   0x08013ec8   0x00000004   PAD
    0x2000b3e8        -       0x00000c40   Zero   RW         8459    .bss                esp8266.o
    0x2000c028        -       0x00000100   Zero   RW            1    STACK               startup_stm32l431xx.o


==============================================================================

Image component sizes


      Code (inc. data)   RO Data    RW Data    ZI Data      Debug   Object Name

       244         26          0          0        100       2045   adc.o
        28          4          0          0          0        594   bh1750.o
      2634         76          0         20          0      19029   cjson.o
         0          0          0          0          0        416   cmsis_os.o
      2304        752         12         68       3136      17033   esp8266.o
       248         18          0          0          0     713651   gpio.o
       212         28          0          0         76       1969   i2c.o
      1558         68      19380          0       1152      10184   lcd_spi2_drv.o
       132         74          0          0       6280      21271   main.o
       530         48          0          0          0       2734   mcu_init.o
       102          0          0          0          0       5976   mqtt_list.o
      6414       1244        958          0          0      69760   mqttclient.o
      2378        894        337         18        226      19184   mqttclient_iot_explorer.o
       696         18          0          0          0       5393   mqttconnectclient.o
       288          0          0          0          0       3072   mqttdeserializepublish.o
       600         18          0          4          0      12064   mqttpacket.o
       120          0          0          0          0       1064   mqttserializepublish.o
       380          0          0          0          0       3899   mqttsubscribeclient.o
        46          0          0          0          0        951   mqttunsubscribeclient.o
       106          0          0          0          0       3826   nettype_tcp.o
       132          0          0          0          0       5319   network.o
        24          0          0          0          0       1527   platform_memory.o
        36          0          0          0          0       2840   platform_mutex.o
       108          0          0          0          0       3717   platform_net_socket.o
       146          0          0          0          0       4734   platform_thread.o
       116          0          0          0          0       5247   platform_timer.o
       106          8          0          0          0      32409   port_c.o
       236         10          0          0          0        440   port_s.o
       308         32          0          4          0       8862   sal_module_wrapper.o
       672         50          0          0        300       3551   spi.o
        36          8        396          0        256        904   startup_stm32l431xx.o
       194         32          0          9          0      13569   stm32l4xx_hal.o
      1878         82          0          0          0      60575   stm32l4xx_hal_adc.o
       378         28          0          0          0      36277   stm32l4xx_hal_cortex.o
       182          0          0          0          0       2135   stm32l4xx_hal_dma.o
       796         56          0          0          0       5819   stm32l4xx_hal_gpio.o
      1062         16          0          0          0       9341   stm32l4xx_hal_i2c.o
       210          0          0          0          0       2331   stm32l4xx_hal_i2c_ex.o
        64          6          0          0          0        998   stm32l4xx_hal_msp.o
        20          6          0          0          0        663   stm32l4xx_hal_pwr.o
       156         18          0          0          0       1590   stm32l4xx_hal_pwr_ex.o
      2752        108          0          0          0       8348   stm32l4xx_hal_rcc.o
      1316         32          0          0          0       3925   stm32l4xx_hal_rcc_ex.o
      1296         12          0          0          0       6222   stm32l4xx_hal_spi.o
      2324        164          0          0          0      17077   stm32l4xx_hal_tim.o
       304         14          0          0          0       2564   stm32l4xx_hal_tim_ex.o
      3092         70          0          0          0      17179   stm32l4xx_hal_uart.o
         2          0          0          0          0       1228   stm32l4xx_hal_uart_ex.o
       186         36          0          0          0       9261   stm32l4xx_it_module.o
        80         12         72          4          0       1485   system_stm32l4xx.o
      1404         88          0          0        456       6117   tim.o
      2918         78          0          0          0      28964   tos_at.o
       568          0          0          0          0       6937   tos_char_fifo.o
       330         14          0          0          0       6411   tos_cpu.o
       320          0          0          0          0       4868   tos_event.o
         0          0          8         80      36708       1662   tos_global.o
       202         18          0          0          0       3299   tos_hal_uart.o
      1744         30          0          0          0      28296   tos_mmheap.o
       974          6          0          0          0      18912   tos_mutex.o
       528          0          0          0          0      15512   tos_pend.o
       740          0          0          0          0       7482   tos_ring_queue.o
       172          8          0          0          0       1190   tos_robin.o
       606         50          0          0          0      17379   tos_sched.o
       604          4          0          0          0      10686   tos_sem.o
       390          0          0          0          0      11137   tos_stopwatch.o
       778        102          0          0          0       9457   tos_sys.o
      1706         34          0          0          0      21751   tos_task.o
       666         24          0          0          0      12352   tos_tick.o
        62          6          0          0          0       1921   tos_time.o
       400         22          0          0          0      11038   tos_timer.o
       920         92          0          2        528       8217   usart.o

    ----------------------------------------------------------------------
     53344       4644      21198        216      49224    1417840   Object Totals
         0          0         32          0          0          0   (incl. Generated)
        80          0          3          7          6          0   (incl. Padding)

    ----------------------------------------------------------------------

      Code (inc. data)   RO Data    RW Data    ZI Data      Debug   Library Member Name

        40         10          0          0          0        128   strtod.o
        56          8          0          0          0         84   __0sscanf.o
       818          4          0          0          0        112   _scanf.o
       230          0          0          0          0         96   _scanf_str.o
        64          0          0          0          0         84   _sgetc.o
        40          6         64          0          0         68   ctype_c.o
         0          0          0          0          0          0   entry.o
         0          0          0          0          0          0   entry10a.o
         0          0          0          0          0          0   entry11a.o
         8          4          0          0          0          0   entry2.o
         4          0          0          0          0          0   entry5.o
         0          0          0          0          0          0   entry7b.o
         0          0          0          0          0          0   entry8b.o
         8          4          0          0          0          0   entry9a.o
        30          0          0          0          0          0   handlers.o
        36          8          0          0          0         68   init.o
        10          0          0          0          0         68   isspace_c.o
         0          0          0          0          0          0   iusefp.o
        30          0          0          0          0         68   llshl.o
        36          0          0          0          0         68   llsshr.o
        32          0          0          0          0         68   llushr.o
        36          0          0          0          0         68   memcpya.o
        36          0          0          0          0        108   memseta.o
      2384         98          0          0          0        684   printfa.o
        40          8          0          0          0         84   scanf_char.o
       884         12          0          0          0        216   scanf_fp.o
         0          0          0          4          0          0   stdout.o
        28          0          0          0          0         76   strcmp.o
        14          0          0          0          0         68   strlen.o
        30          0          0          0          0         80   strncmp.o
        24          0          0          0          0         76   strncpy.o
        36          0          0          0          0         80   strstr.o
       156         12          0          0          0        120   strtod.o
        12          0          0          0          0         68   tolower.o
        44          0          0          0          0         80   uidiv.o
       104          0          0          0          0         92   uldiv.o
        48          0          0          0          0         68   cdcmple.o
        48          0          0          0          0         68   cdrcmple.o
        56          0          0          0          0         88   d2f.o
       350          0          0          0          0        148   dadd.o
       222          0          0          0          0        100   ddiv.o
       186          0          0          0          0        176   depilogue.o
        62          0          0          0          0         80   dfixi.o
        50          0          0          0          0         76   dfixui.o
        48          0          0          0          0         68   dfixul.o
        34          0          0          0          0         76   dflti.o
        26          0          0          0          0         76   dfltui.o
        24          0          0          0          0         76   dfltul.o
       234          0          0          0          0         96   dmul.o
       110          0          0          0          0        168   fepilogue.o

    ----------------------------------------------------------------------
      6782        174         64          4          4       4176   Library Totals
        14          0          0          0          4          0   (incl. Padding)

    ----------------------------------------------------------------------

      Code (inc. data)   RO Data    RW Data    ZI Data      Debug   Library Name

        40         10          0          0          0        128   m_wm.l
      5230        164         64          4          0       2684   mc_w.l
      1498          0          0          0          0       1364   mf_w.l

    ----------------------------------------------------------------------
      6782        174         64          4          4       4176   Library Totals

    ----------------------------------------------------------------------

==============================================================================


      Code (inc. data)   RO Data    RW Data    ZI Data      Debug   

     60126       4818      21262        220      49228    1367084   Grand Totals
     60126       4818      21262        220      49228    1367084   ELF Image Totals
     60126       4818      21262        220          0          0   ROM Totals

==============================================================================

    Total RO  Size (Code + RO Data)                81388 (  79.48kB)
    Total RW  Size (RW Data + ZI Data)             49448 (  48.29kB)
    Total ROM Size (Code + RO Data + RW Data)      81608 (  79.70kB)

==============================================================================

